Component: ARM Compiler 5.05 update 2 (build 169) Tool: armlink [4d0f33]

==============================================================================

Section Cross References

    startup_stm32f10x_hd.o(RESET) refers to startup_stm32f10x_hd.o(STACK) for __initial_sp
    startup_stm32f10x_hd.o(RESET) refers to startup_stm32f10x_hd.o(.text) for Reset_Handler
    startup_stm32f10x_hd.o(RESET) refers to stm32f10x_it.o(i.NMI_Handler) for NMI_Handler
    startup_stm32f10x_hd.o(RESET) refers to stm32f10x_it.o(i.HardFault_Handler) for HardFault_Handler
    startup_stm32f10x_hd.o(RESET) refers to stm32f10x_it.o(i.MemManage_Handler) for MemManage_Handler
    startup_stm32f10x_hd.o(RESET) refers to stm32f10x_it.o(i.BusFault_Handler) for BusFault_Handler
    startup_stm32f10x_hd.o(RESET) refers to stm32f10x_it.o(i.UsageFault_Handler) for UsageFault_Handler
    startup_stm32f10x_hd.o(RESET) refers to stm32f10x_it.o(i.SVC_Handler) for SVC_Handler
    startup_stm32f10x_hd.o(RESET) refers to stm32f10x_it.o(i.DebugMon_Handler) for DebugMon_Handler
    startup_stm32f10x_hd.o(RESET) refers to stm32f10x_it.o(i.PendSV_Handler) for PendSV_Handler
    startup_stm32f10x_hd.o(RESET) refers to stm32f10x_it.o(i.SysTick_Handler) for SysTick_Handler
    startup_stm32f10x_hd.o(RESET) refers to stm32f10x_it.o(i.TIM6_IRQHandler) for TIM6_IRQHandler
    startup_stm32f10x_hd.o(.text) refers to system_stm32f10x.o(i.SystemInit) for SystemInit
    startup_stm32f10x_hd.o(.text) refers to entry.o(.ARM.Collect$$$$00000000) for __main
    system_stm32f10x.o(i.SetSysClock) refers to system_stm32f10x.o(i.SetSysClockTo72) for SetSysClockTo72
    system_stm32f10x.o(i.SystemCoreClockUpdate) refers to system_stm32f10x.o(.data) for SystemCoreClock
    system_stm32f10x.o(i.SystemInit) refers to system_stm32f10x.o(i.SetSysClock) for SetSysClock
    stm32f10x_adc.o(i.ADC_DeInit) refers to stm32f10x_rcc.o(i.RCC_APB2PeriphResetCmd) for RCC_APB2PeriphResetCmd
    stm32f10x_bkp.o(i.BKP_DeInit) refers to stm32f10x_rcc.o(i.RCC_BackupResetCmd) for RCC_BackupResetCmd
    stm32f10x_can.o(i.CAN_DeInit) refers to stm32f10x_rcc.o(i.RCC_APB1PeriphResetCmd) for RCC_APB1PeriphResetCmd
    stm32f10x_can.o(i.CAN_GetITStatus) refers to stm32f10x_can.o(i.CheckITStatus) for CheckITStatus
    stm32f10x_cec.o(i.CEC_DeInit) refers to stm32f10x_rcc.o(i.RCC_APB1PeriphResetCmd) for RCC_APB1PeriphResetCmd
    stm32f10x_dac.o(i.DAC_DeInit) refers to stm32f10x_rcc.o(i.RCC_APB1PeriphResetCmd) for RCC_APB1PeriphResetCmd
    stm32f10x_flash.o(i.FLASH_EnableWriteProtection) refers to stm32f10x_flash.o(i.FLASH_WaitForLastOperation) for FLASH_WaitForLastOperation
    stm32f10x_flash.o(i.FLASH_EraseAllBank1Pages) refers to stm32f10x_flash.o(i.FLASH_WaitForLastBank1Operation) for FLASH_WaitForLastBank1Operation
    stm32f10x_flash.o(i.FLASH_EraseAllPages) refers to stm32f10x_flash.o(i.FLASH_WaitForLastOperation) for FLASH_WaitForLastOperation
    stm32f10x_flash.o(i.FLASH_EraseOptionBytes) refers to stm32f10x_flash.o(i.FLASH_GetReadOutProtectionStatus) for FLASH_GetReadOutProtectionStatus
    stm32f10x_flash.o(i.FLASH_EraseOptionBytes) refers to stm32f10x_flash.o(i.FLASH_WaitForLastOperation) for FLASH_WaitForLastOperation
    stm32f10x_flash.o(i.FLASH_ErasePage) refers to stm32f10x_flash.o(i.FLASH_WaitForLastOperation) for FLASH_WaitForLastOperation
    stm32f10x_flash.o(i.FLASH_ProgramHalfWord) refers to stm32f10x_flash.o(i.FLASH_WaitForLastOperation) for FLASH_WaitForLastOperation
    stm32f10x_flash.o(i.FLASH_ProgramOptionByteData) refers to stm32f10x_flash.o(i.FLASH_WaitForLastOperation) for FLASH_WaitForLastOperation
    stm32f10x_flash.o(i.FLASH_ProgramWord) refers to stm32f10x_flash.o(i.FLASH_WaitForLastOperation) for FLASH_WaitForLastOperation
    stm32f10x_flash.o(i.FLASH_ReadOutProtection) refers to stm32f10x_flash.o(i.FLASH_WaitForLastOperation) for FLASH_WaitForLastOperation
    stm32f10x_flash.o(i.FLASH_UserOptionByteConfig) refers to stm32f10x_flash.o(i.FLASH_WaitForLastOperation) for FLASH_WaitForLastOperation
    stm32f10x_flash.o(i.FLASH_WaitForLastBank1Operation) refers to stm32f10x_flash.o(i.FLASH_GetBank1Status) for FLASH_GetBank1Status
    stm32f10x_flash.o(i.FLASH_WaitForLastOperation) refers to stm32f10x_flash.o(i.FLASH_GetBank1Status) for FLASH_GetBank1Status
    stm32f10x_gpio.o(i.GPIO_AFIODeInit) refers to stm32f10x_rcc.o(i.RCC_APB2PeriphResetCmd) for RCC_APB2PeriphResetCmd
    stm32f10x_gpio.o(i.GPIO_DeInit) refers to stm32f10x_rcc.o(i.RCC_APB2PeriphResetCmd) for RCC_APB2PeriphResetCmd
    stm32f10x_i2c.o(i.I2C_DeInit) refers to stm32f10x_rcc.o(i.RCC_APB1PeriphResetCmd) for RCC_APB1PeriphResetCmd
    stm32f10x_i2c.o(i.I2C_Init) refers to stm32f10x_rcc.o(i.RCC_GetClocksFreq) for RCC_GetClocksFreq
    stm32f10x_pwr.o(i.PWR_DeInit) refers to stm32f10x_rcc.o(i.RCC_APB1PeriphResetCmd) for RCC_APB1PeriphResetCmd
    stm32f10x_rcc.o(i.RCC_GetClocksFreq) refers to stm32f10x_rcc.o(.data) for APBAHBPrescTable
[...]
    Removing stm32f10x_exti.o(i.EXTI_Init), (148 bytes).
    Removing stm32f10x_exti.o(i.EXTI_StructInit), (16 bytes).
    Removing stm32f10x_flash.o(i.FLASH_ClearFlag), (12 bytes).
    Removing stm32f10x_flash.o(i.FLASH_EnableWriteProtection), (196 bytes).
    Removing stm32f10x_flash.o(i.FLASH_EraseAllBank1Pages), (72 bytes).
    Removing stm32f10x_flash.o(i.FLASH_EraseAllPages), (72 bytes).
    Removing stm32f10x_flash.o(i.FLASH_EraseOptionBytes), (168 bytes).
    Removing stm32f10x_flash.o(i.FLASH_ErasePage), (76 bytes).
    Removing stm32f10x_flash.o(i.FLASH_GetBank1Status), (52 bytes).
    Removing stm32f10x_flash.o(i.FLASH_GetFlagStatus), (48 bytes).
    Removing stm32f10x_flash.o(i.FLASH_GetPrefetchBufferStatus), (24 bytes).
    Removing stm32f10x_flash.o(i.FLASH_GetReadOutProtectionStatus), (24 bytes).
    Removing stm32f10x_flash.o(i.FLASH_GetStatus), (52 bytes).
    Removing stm32f10x_flash.o(i.FLASH_GetUserOptionByte), (12 bytes).
    Removing stm32f10x_flash.o(i.FLASH_GetWriteProtectionOptionByte), (12 bytes).
    Removing stm32f10x_flash.o(i.FLASH_HalfCycleAccessCmd), (28 bytes).
    Removing stm32f10x_flash.o(i.FLASH_ITConfig), (32 bytes).
    Removing stm32f10x_flash.o(i.FLASH_Lock), (20 bytes).
    Removing stm32f10x_flash.o(i.FLASH_LockBank1), (20 bytes).
    Removing stm32f10x_flash.o(i.FLASH_PrefetchBufferCmd), (28 bytes).
    Removing stm32f10x_flash.o(i.FLASH_ProgramHalfWord), (64 bytes).
    Removing stm32f10x_flash.o(i.FLASH_ProgramOptionByteData), (84 bytes).
    Removing stm32f10x_flash.o(i.FLASH_ProgramWord), (108 bytes).
    Removing stm32f10x_flash.o(i.FLASH_ReadOutProtection), (172 bytes).
    Removing stm32f10x_flash.o(i.FLASH_SetLatency), (24 bytes).
    Removing stm32f10x_flash.o(i.FLASH_Unlock), (24 bytes).
    Removing stm32f10x_flash.o(i.FLASH_UnlockBank1), (24 bytes).
    Removing stm32f10x_flash.o(i.FLASH_UserOptionByteConfig), (104 bytes).
    Removing stm32f10x_flash.o(i.FLASH_WaitForLastBank1Operation), (38 bytes).
    Removing stm32f10x_flash.o(i.FLASH_WaitForLastOperation), (38 bytes).
    Removing stm32f10x_fsmc.o(i.FSMC_ClearFlag), (64 bytes).
    Removing stm32f10x_fsmc.o(i.FSMC_ClearITPendingBit), (72 bytes).
    Removing stm32f10x_fsmc.o(i.FSMC_GetECC), (28 bytes).
    Removing stm32f10x_fsmc.o(i.FSMC_GetFlagStatus), (56 bytes).
    Removing stm32f10x_fsmc.o(i.FSMC_GetITStatus), (68 bytes).
    Removing stm32f10x_fsmc.o(i.FSMC_ITConfig), (128 bytes).
    Removing stm32f10x_fsmc.o(i.FSMC_NANDCmd), (92 bytes).
    Removing stm32f10x_fsmc.o(i.FSMC_NANDDeInit), (68 bytes).
    Removing stm32f10x_fsmc.o(i.FSMC_NANDECCCmd), (92 bytes).
    Removing stm32f10x_fsmc.o(i.FSMC_NANDInit), (136 bytes).
    Removing stm32f10x_fsmc.o(i.FSMC_NANDStructInit), (54 bytes).
    Removing stm32f10x_fsmc.o(i.FSMC_NORSRAMCmd), (52 bytes).
    Removing stm32f10x_fsmc.o(i.FSMC_NORSRAMDeInit), (54 bytes).
    Removing stm32f10x_fsmc.o(i.FSMC_NORSRAMInit), (230 bytes).
    Removing stm32f10x_fsmc.o(i.FSMC_NORSRAMStructInit), (114 bytes).
    Removing stm32f10x_fsmc.o(i.FSMC_PCCARDCmd), (48 bytes).
    Removing stm32f10x_fsmc.o(i.FSMC_PCCARDDeInit), (40 bytes).
    Removing stm32f10x_fsmc.o(i.FSMC_PCCARDInit), (132 bytes).
    Removing stm32f10x_fsmc.o(i.FSMC_PCCARDStructInit), (60 bytes).
    Removing stm32f10x_gpio.o(i.GPIO_AFIODeInit), (20 bytes).
    Removing stm32f10x_gpio.o(i.GPIO_DeInit), (200 bytes).
    Removing stm32f10x_gpio.o(i.GPIO_ETH_MediaInterfaceConfig), (12 bytes).
    Removing stm32f10x_gpio.o(i.GPIO_EXTILineConfig), (64 bytes).
    Removing stm32f10x_gpio.o(i.GPIO_EventOutputCmd), (12 bytes).
    Removing stm32f10x_gpio.o(i.GPIO_EventOutputConfig), (32 bytes).
    Removing stm32f10x_gpio.o(i.GPIO_PinLockConfig), (18 bytes).
    Removing stm32f10x_gpio.o(i.GPIO_ReadInputData), (8 bytes).
    Removing stm32f10x_gpio.o(i.GPIO_ReadInputDataBit), (18 bytes).
    Removing stm32f10x_gpio.o(i.GPIO_ReadOutputData), (8 bytes).
    Removing stm32f10x_gpio.o(i.GPIO_ReadOutputDataBit), (18 bytes).
    Removing stm32f10x_gpio.o(i.GPIO_StructInit), (16 bytes).
    Removing stm32f10x_gpio.o(i.GPIO_Write), (4 bytes).
    Removing stm32f10x_gpio.o(i.GPIO_WriteBit), (10 bytes).
    Removing stm32f10x_i2c.o(i.I2C_ARPCmd), (24 bytes).
    Removing stm32f10x_i2c.o(i.I2C_AcknowledgeConfig), (24 bytes).
    Removing stm32f10x_i2c.o(i.I2C_CalculatePEC), (24 bytes).
    Removing stm32f10x_i2c.o(i.I2C_CheckEvent), (42 bytes).
    Removing stm32f10x_i2c.o(i.I2C_ClearFlag), (12 bytes).
    Removing stm32f10x_i2c.o(i.I2C_ClearITPendingBit), (12 bytes).
    Removing stm32f10x_i2c.o(i.I2C_Cmd), (24 bytes).
    Removing stm32f10x_i2c.o(i.I2C_DMACmd), (24 bytes).
    Removing stm32f10x_i2c.o(i.I2C_DMALastTransferCmd), (24 bytes).
    Removing stm32f10x_i2c.o(i.I2C_DeInit), (56 bytes).
    Removing stm32f10x_i2c.o(i.I2C_DualAddressCmd), (24 bytes).
    Removing stm32f10x_i2c.o(i.I2C_FastModeDutyCycleConfig), (28 bytes).
    Removing stm32f10x_i2c.o(i.I2C_GeneralCallCmd), (24 bytes).
    Removing stm32f10x_i2c.o(i.I2C_GenerateSTART), (24 bytes).
    Removing stm32f10x_i2c.o(i.I2C_GenerateSTOP), (24 bytes).
    Removing stm32f10x_i2c.o(i.I2C_GetFlagStatus), (58 bytes).
    Removing stm32f10x_i2c.o(i.I2C_GetITStatus), (38 bytes).
    Removing stm32f10x_i2c.o(i.I2C_GetLastEvent), (26 bytes).
    Removing stm32f10x_i2c.o(i.I2C_GetPEC), (8 bytes).
    Removing stm32f10x_i2c.o(i.I2C_ITConfig), (18 bytes).
    Removing stm32f10x_i2c.o(i.I2C_Init), (236 bytes).
    Removing stm32f10x_i2c.o(i.I2C_NACKPositionConfig), (28 bytes).
    Removing stm32f10x_i2c.o(i.I2C_OwnAddress2Config), (22 bytes).
    Removing stm32f10x_i2c.o(i.I2C_PECPositionConfig), (28 bytes).
    Removing stm32f10x_i2c.o(i.I2C_ReadRegister), (22 bytes).
    Removing stm32f10x_i2c.o(i.I2C_ReceiveData), (8 bytes).
    Removing stm32f10x_i2c.o(i.I2C_SMBusAlertConfig), (28 bytes).
    Removing stm32f10x_i2c.o(i.I2C_Send7bitAddress), (18 bytes).
    Removing stm32f10x_i2c.o(i.I2C_SendData), (4 bytes).
    Removing stm32f10x_i2c.o(i.I2C_SoftwareResetCmd), (22 bytes).
    Removing stm32f10x_i2c.o(i.I2C_StretchClockCmd), (24 bytes).
    Removing stm32f10x_i2c.o(i.I2C_StructInit), (30 bytes).
    Removing stm32f10x_i2c.o(i.I2C_TransmitPEC), (24 bytes).
    Removing stm32f10x_iwdg.o(i.IWDG_Enable), (16 bytes).
    Removing stm32f10x_iwdg.o(i.IWDG_GetFlagStatus), (24 bytes).
    Removing stm32f10x_iwdg.o(i.IWDG_ReloadCounter), (16 bytes).
    Removing stm32f10x_iwdg.o(i.IWDG_SetPrescaler), (12 bytes).
    Removing stm32f10x_iwdg.o(i.IWDG_SetReload), (12 bytes).
    Removing stm32f10x_iwdg.o(i.IWDG_WriteAccessCmd), (12 bytes).
    Removing stm32f10x_pwr.o(i.PWR_BackupAccessCmd), (12 bytes).
    Removing stm32f10x_pwr.o(i.PWR_ClearFlag), (20 bytes).
    Removing stm32f10x_pwr.o(i.PWR_DeInit), (22 bytes).
    Removing stm32f10x_pwr.o(i.PWR_EnterSTANDBYMode), (52 bytes).
    Removing stm32f10x_pwr.o(i.PWR_EnterSTOPMode), (64 bytes).
    Removing stm32f10x_pwr.o(i.PWR_GetFlagStatus), (24 bytes).
    Removing stm32f10x_pwr.o(i.PWR_PVDCmd), (12 bytes).
    Removing stm32f10x_pwr.o(i.PWR_PVDLevelConfig), (24 bytes).
    Removing stm32f10x_pwr.o(i.PWR_WakeUpPinCmd), (12 bytes).
    Removing stm32f10x_rcc.o(i.RCC_ADCCLKConfig), (24 bytes).
    Removing stm32f10x_rcc.o(i.RCC_AHBPeriphClockCmd), (32 bytes).
    Removing stm32f10x_rcc.o(i.RCC_AdjustHSICalibrationValue), (24 bytes).
    Removing stm32f10x_rcc.o(i.RCC_BackupResetCmd), (12 bytes).
    Removing stm32f10x_rcc.o(i.RCC_ClearFlag), (20 bytes).
    Removing stm32f10x_rcc.o(i.RCC_ClearITPendingBit), (12 bytes).
    Removing stm32f10x_rcc.o(i.RCC_ClockSecuritySystemCmd), (12 bytes).
    Removing stm32f10x_rcc.o(i.RCC_DeInit), (76 bytes).
    Removing stm32f10x_rcc.o(i.RCC_GetFlagStatus), (60 bytes).
    Removing stm32f10x_rcc.o(i.RCC_GetITStatus), (24 bytes).
    Removing stm32f10x_rcc.o(i.RCC_GetSYSCLKSource), (16 bytes).
    Removing stm32f10x_rcc.o(i.RCC_HCLKConfig), (24 bytes).
    Removing stm32f10x_rcc.o(i.RCC_HSEConfig), (76 bytes).
    Removing stm32f10x_rcc.o(i.RCC_HSICmd), (12 bytes).
    Removing stm32f10x_rcc.o(i.RCC_ITConfig), (32 bytes).
    Removing stm32f10x_rcc.o(i.RCC_LSEConfig), (52 bytes).
    Removing stm32f10x_rcc.o(i.RCC_LSICmd), (12 bytes).
    Removing stm32f10x_rcc.o(i.RCC_MCOConfig), (12 bytes).
    Removing stm32f10x_rcc.o(i.RCC_PCLK1Config), (24 bytes).
    Removing stm32f10x_rcc.o(i.RCC_PCLK2Config), (24 bytes).
    Removing stm32f10x_rcc.o(i.RCC_PLLCmd), (12 bytes).
    Removing stm32f10x_rcc.o(i.RCC_PLLConfig), (28 bytes).
    Removing stm32f10x_rcc.o(i.RCC_RTCCLKCmd), (12 bytes).
    Removing stm32f10x_rcc.o(i.RCC_RTCCLKConfig), (16 bytes).
    Removing stm32f10x_rcc.o(i.RCC_SYSCLKConfig), (24 bytes).
    Removing stm32f10x_rcc.o(i.RCC_USBCLKConfig), (12 bytes).
    Removing stm32f10x_rcc.o(i.RCC_WaitForHSEStartUp), (56 bytes).
    Removing stm32f10x_rtc.o(i.RTC_ClearFlag), (16 bytes).
    Removing stm32f10x_rtc.o(i.RTC_ClearITPendingBit), (16 bytes).
    Removing stm32f10x_rtc.o(i.RTC_EnterConfigMode), (20 bytes).
    Removing stm32f10x_rtc.o(i.RTC_ExitConfigMode), (20 bytes).
    Removing stm32f10x_rtc.o(i.RTC_GetCounter), (20 bytes).
    Removing stm32f10x_rtc.o(i.RTC_GetDivider), (24 bytes).
    Removing stm32f10x_rtc.o(i.RTC_GetFlagStatus), (24 bytes).
    Removing stm32f10x_rtc.o(i.RTC_GetITStatus), (36 bytes).
    Removing stm32f10x_rtc.o(i.RTC_ITConfig), (32 bytes).
    Removing stm32f10x_rtc.o(i.RTC_SetAlarm), (28 bytes).
    Removing stm32f10x_rtc.o(i.RTC_SetCounter), (28 bytes).
    Removing stm32f10x_rtc.o(i.RTC_SetPrescaler), (32 bytes).
    Removing stm32f10x_rtc.o(i.RTC_WaitForLastTask), (20 bytes).
    Removing stm32f10x_rtc.o(i.RTC_WaitForSynchro), (36 bytes).
    Removing stm32f10x_sdio.o(i.SDIO_CEATAITCmd), (16 bytes).
    Removing stm32f10x_sdio.o(i.SDIO_ClearFlag), (12 bytes).
    Removing stm32f10x_sdio.o(i.SDIO_ClearITPendingBit), (12 bytes).
    Removing stm32f10x_sdio.o(i.SDIO_ClockCmd), (12 bytes).
    Removing stm32f10x_sdio.o(i.SDIO_CmdStructInit), (14 bytes).
    Removing stm32f10x_sdio.o(i.SDIO_CommandCompletionCmd), (12 bytes).
    Removing stm32f10x_sdio.o(i.SDIO_DMACmd), (12 bytes).
    Removing stm32f10x_sdio.o(i.SDIO_DataConfig), (48 bytes).
    Removing stm32f10x_sdio.o(i.SDIO_DataStructInit), (20 bytes).
    Removing stm32f10x_sdio.o(i.SDIO_DeInit), (36 bytes).
    Removing stm32f10x_sdio.o(i.SDIO_GetCommandResponse), (12 bytes).
    Removing stm32f10x_sdio.o(i.SDIO_GetDataCounter), (12 bytes).
    Removing stm32f10x_sdio.o(i.SDIO_GetFIFOCount), (12 bytes).
    Removing stm32f10x_sdio.o(i.SDIO_GetFlagStatus), (24 bytes).
    Removing stm32f10x_sdio.o(i.SDIO_GetITStatus), (24 bytes).
    Removing stm32f10x_sdio.o(i.SDIO_GetPowerState), (16 bytes).
    Removing stm32f10x_sdio.o(i.SDIO_GetResponse), (24 bytes).
    Removing stm32f10x_sdio.o(i.SDIO_ITConfig), (32 bytes).
    Removing stm32f10x_sdio.o(i.SDIO_Init), (48 bytes).
    Removing stm32f10x_sdio.o(i.SDIO_ReadData), (12 bytes).
    Removing stm32f10x_sdio.o(i.SDIO_SendCEATACmd), (12 bytes).
    Removing stm32f10x_sdio.o(i.SDIO_SendCommand), (44 bytes).
    Removing stm32f10x_sdio.o(i.SDIO_SendSDIOSuspendCmd), (12 bytes).
    Removing stm32f10x_sdio.o(i.SDIO_SetPowerState), (28 bytes).
    Removing stm32f10x_sdio.o(i.SDIO_SetSDIOOperation), (12 bytes).
    Removing stm32f10x_sdio.o(i.SDIO_SetSDIOReadWaitMode), (12 bytes).
    Removing stm32f10x_sdio.o(i.SDIO_StartSDIOReadWait), (12 bytes).
    Removing stm32f10x_sdio.o(i.SDIO_StopSDIOReadWait), (12 bytes).
    Removing stm32f10x_sdio.o(i.SDIO_StructInit), (16 bytes).
    Removing stm32f10x_sdio.o(i.SDIO_WriteData), (12 bytes).
    Removing stm32f10x_spi.o(i.I2S_Cmd), (24 bytes).
    Removing stm32f10x_spi.o(i.I2S_Init), (232 bytes).
    Removing stm32f10x_spi.o(i.I2S_StructInit), (20 bytes).
    Removing stm32f10x_spi.o(i.SPI_BiDirectionalLineConfig), (28 bytes).
    Removing stm32f10x_spi.o(i.SPI_CalculateCRC), (24 bytes).
    Removing stm32f10x_spi.o(i.SPI_DataSizeConfig), (18 bytes).
    Removing stm32f10x_spi.o(i.SPI_GetCRC), (16 bytes).
    Removing stm32f10x_spi.o(i.SPI_GetCRCPolynomial), (6 bytes).
    Removing stm32f10x_spi.o(i.SPI_I2S_ClearFlag), (6 bytes).
    Removing stm32f10x_spi.o(i.SPI_I2S_ClearITPendingBit), (20 bytes).
    Removing stm32f10x_spi.o(i.SPI_I2S_DMACmd), (18 bytes).
    Removing stm32f10x_spi.o(i.SPI_I2S_DeInit), (88 bytes).
    Removing stm32f10x_spi.o(i.SPI_I2S_GetFlagStatus), (18 bytes).
    Removing stm32f10x_spi.o(i.SPI_I2S_GetITStatus), (52 bytes).
    Removing stm32f10x_spi.o(i.SPI_I2S_ITConfig), (32 bytes).
    Removing stm32f10x_spi.o(i.SPI_I2S_ReceiveData), (6 bytes).
    Removing stm32f10x_spi.o(i.SPI_I2S_SendData), (4 bytes).
    Removing stm32f10x_spi.o(i.SPI_NSSInternalSoftwareConfig), (30 bytes).
    Removing stm32f10x_spi.o(i.SPI_SSOutputCmd), (24 bytes).
    Removing stm32f10x_spi.o(i.SPI_StructInit), (24 bytes).
    Removing stm32f10x_spi.o(i.SPI_TransmitCRC), (10 bytes).
    Removing stm32f10x_tim.o(i.TI1_Config), (128 bytes).
    Removing stm32f10x_tim.o(i.TI2_Config), (152 bytes).
    Removing stm32f10x_tim.o(i.TI3_Config), (144 bytes).
    Removing stm32f10x_tim.o(i.TI4_Config), (152 bytes).
    Removing stm32f10x_tim.o(i.TIM_BDTRConfig), (32 bytes).
    Removing stm32f10x_tim.o(i.TIM_BDTRStructInit), (18 bytes).
    Removing stm32f10x_tim.o(i.TIM_CCPreloadControl), (24 bytes).
    Removing stm32f10x_tim.o(i.TIM_CCxCmd), (30 bytes).
    Removing stm32f10x_tim.o(i.TIM_CCxNCmd), (30 bytes).
    Removing stm32f10x_tim.o(i.TIM_ClearOC1Ref), (18 bytes).
    Removing stm32f10x_tim.o(i.TIM_ClearOC2Ref), (24 bytes).
    Removing stm32f10x_tim.o(i.TIM_ClearOC3Ref), (18 bytes).
    Removing stm32f10x_tim.o(i.TIM_ClearOC4Ref), (24 bytes).
    Removing stm32f10x_tim.o(i.TIM_CounterModeConfig), (18 bytes).
    Removing stm32f10x_tim.o(i.TIM_CtrlPWMOutputs), (30 bytes).
    Removing stm32f10x_tim.o(i.TIM_DMACmd), (18 bytes).
    Removing stm32f10x_tim.o(i.TIM_DMAConfig), (10 bytes).
    Removing stm32f10x_tim.o(i.TIM_ETRClockMode1Config), (54 bytes).
    Removing stm32f10x_tim.o(i.TIM_ETRClockMode2Config), (32 bytes).
    Removing stm32f10x_tim.o(i.TIM_ETRConfig), (28 bytes).
    Removing stm32f10x_tim.o(i.TIM_EncoderInterfaceConfig), (66 bytes).
    Removing stm32f10x_tim.o(i.TIM_ForcedOC1Config), (18 bytes).
    Removing stm32f10x_tim.o(i.TIM_ForcedOC2Config), (26 bytes).
    Removing stm32f10x_tim.o(i.TIM_ForcedOC3Config), (18 bytes).
    Removing stm32f10x_tim.o(i.TIM_ForcedOC4Config), (26 bytes).
    Removing stm32f10x_tim.o(i.TIM_GenerateEvent), (4 bytes).
    Removing stm32f10x_tim.o(i.TIM_GetCapture1), (6 bytes).
    Removing stm32f10x_tim.o(i.TIM_GetCapture2), (6 bytes).
    Removing stm32f10x_tim.o(i.TIM_GetCapture3), (6 bytes).
    Removing stm32f10x_tim.o(i.TIM_GetCapture4), (8 bytes).
    Removing stm32f10x_tim.o(i.TIM_GetCounter), (6 bytes).
    Removing stm32f10x_tim.o(i.TIM_GetFlagStatus), (18 bytes).
    Removing stm32f10x_tim.o(i.TIM_GetPrescaler), (6 bytes).
    Removing stm32f10x_tim.o(i.TIM_ICInit), (172 bytes).
    Removing stm32f10x_tim.o(i.TIM_ICStructInit), (18 bytes).
    Removing stm32f10x_tim.o(i.TIM_ITRxExternalClockConfig), (24 bytes).
    Removing stm32f10x_tim.o(i.TIM_InternalClockConfig), (12 bytes).
    Removing stm32f10x_tim.o(i.TIM_OC1FastConfig), (18 bytes).
    Removing stm32f10x_tim.o(i.TIM_OC1Init), (152 bytes).
    Removing stm32f10x_tim.o(i.TIM_OC1NPolarityConfig), (18 bytes).
    Removing stm32f10x_tim.o(i.TIM_OC1PolarityConfig), (18 bytes).
    Removing stm32f10x_tim.o(i.TIM_OC1PreloadConfig), (18 bytes).
    Removing stm32f10x_tim.o(i.TIM_OC2FastConfig), (26 bytes).
    Removing stm32f10x_tim.o(i.TIM_OC2Init), (164 bytes).
    Removing stm32f10x_tim.o(i.TIM_OC2NPolarityConfig), (26 bytes).
    Removing stm32f10x_tim.o(i.TIM_OC2PolarityConfig), (26 bytes).
    Removing stm32f10x_tim.o(i.TIM_OC2PreloadConfig), (26 bytes).
    Removing stm32f10x_tim.o(i.TIM_OC3FastConfig), (18 bytes).
    Removing stm32f10x_tim.o(i.TIM_OC3NPolarityConfig), (26 bytes).
    Removing stm32f10x_tim.o(i.TIM_OC3PolarityConfig), (26 bytes).
    Removing stm32f10x_tim.o(i.TIM_OC4FastConfig), (26 bytes).
    Removing stm32f10x_tim.o(i.TIM_OC4PolarityConfig), (26 bytes).
    Removing stm32f10x_tim.o(i.TIM_OCStructInit), (20 bytes).
    Removing stm32f10x_tim.o(i.TIM_PWMIConfig), (124 bytes).
    Removing stm32f10x_tim.o(i.TIM_PrescalerConfig), (6 bytes).
    Removing stm32f10x_tim.o(i.TIM_SelectCCDMA), (24 bytes).
    Removing stm32f10x_tim.o(i.TIM_SelectCOM), (24 bytes).
    Removing stm32f10x_tim.o(i.TIM_SelectHallSensor), (24 bytes).
    Removing stm32f10x_tim.o(i.TIM_SelectInputTrigger), (18 bytes).
    Removing stm32f10x_tim.o(i.TIM_SelectMasterSlaveMode), (18 bytes).
    Removing stm32f10x_tim.o(i.TIM_SelectOCxM), (82 bytes).
    Removing stm32f10x_tim.o(i.TIM_SelectOnePulseMode), (18 bytes).
    Removing stm32f10x_tim.o(i.TIM_SelectOutputTrigger), (18 bytes).
    Removing stm32f10x_tim.o(i.TIM_SelectSlaveMode), (18 bytes).
    Removing stm32f10x_tim.o(i.TIM_SetAutoreload), (4 bytes).
    Removing stm32f10x_tim.o(i.TIM_SetClockDivision), (18 bytes).
    Removing stm32f10x_tim.o(i.TIM_SetCompare1), (4 bytes).
    Removing stm32f10x_tim.o(i.TIM_SetCompare2), (4 bytes).
    Removing stm32f10x_tim.o(i.TIM_SetCompare3), (4 bytes).
    Removing stm32f10x_tim.o(i.TIM_SetCompare4), (6 bytes).
    Removing stm32f10x_tim.o(i.TIM_SetCounter), (4 bytes).
    Removing stm32f10x_tim.o(i.TIM_SetIC1Prescaler), (18 bytes).
    Removing stm32f10x_tim.o(i.TIM_SetIC2Prescaler), (26 bytes).
    Removing stm32f10x_tim.o(i.TIM_SetIC3Prescaler), (18 bytes).
    Removing stm32f10x_tim.o(i.TIM_SetIC4Prescaler), (26 bytes).
    Removing stm32f10x_tim.o(i.TIM_TIxExternalClockConfig), (62 bytes).
    Removing stm32f10x_tim.o(i.TIM_TimeBaseStructInit), (18 bytes).
    Removing stm32f10x_tim.o(i.TIM_UpdateDisableConfig), (24 bytes).
    Removing stm32f10x_tim.o(i.TIM_UpdateRequestConfig), (24 bytes).
    Removing stm32f10x_usart.o(i.USART_ClearFlag), (18 bytes).
    Removing stm32f10x_usart.o(i.USART_ClearITPendingBit), (30 bytes).
    Removing stm32f10x_usart.o(i.USART_ClockInit), (34 bytes).
    Removing stm32f10x_usart.o(i.USART_ClockStructInit), (12 bytes).
    Removing stm32f10x_usart.o(i.USART_DMACmd), (18 bytes).
    Removing stm32f10x_usart.o(i.USART_DeInit), (156 bytes).
    Removing stm32f10x_usart.o(i.USART_GetITStatus), (84 bytes).
    Removing stm32f10x_usart.o(i.USART_HalfDuplexCmd), (24 bytes).
    Removing stm32f10x_usart.o(i.USART_ITConfig), (74 bytes).
    Removing stm32f10x_usart.o(i.USART_IrDACmd), (24 bytes).
    Removing stm32f10x_usart.o(i.USART_IrDAConfig), (18 bytes).
    Removing stm32f10x_usart.o(i.USART_LINBreakDetectLengthConfig), (18 bytes).
    Removing stm32f10x_usart.o(i.USART_LINCmd), (24 bytes).
    Removing stm32f10x_usart.o(i.USART_OneBitMethodCmd), (24 bytes).
    Removing stm32f10x_usart.o(i.USART_OverSampling8Cmd), (22 bytes).
    Removing stm32f10x_usart.o(i.USART_ReceiveData), (10 bytes).
    Removing stm32f10x_usart.o(i.USART_ReceiverWakeUpCmd), (24 bytes).
    Removing stm32f10x_usart.o(i.USART_SendBreak), (10 bytes).
    Removing stm32f10x_usart.o(i.USART_SetAddress), (18 bytes).
    Removing stm32f10x_usart.o(i.USART_SetGuardTime), (16 bytes).
    Removing stm32f10x_usart.o(i.USART_SetPrescaler), (16 bytes).
    Removing stm32f10x_usart.o(i.USART_SmartCardCmd), (24 bytes).
    Removing stm32f10x_usart.o(i.USART_SmartCardNACKCmd), (24 bytes).
    Removing stm32f10x_usart.o(i.USART_StructInit), (24 bytes).
    Removing stm32f10x_usart.o(i.USART_WakeUpConfig), (18 bytes).
    Removing stm32f10x_wwdg.o(i.WWDG_ClearFlag), (12 bytes).
    Removing stm32f10x_wwdg.o(i.WWDG_DeInit), (22 bytes).
    Removing stm32f10x_wwdg.o(i.WWDG_Enable), (16 bytes).
    Removing stm32f10x_wwdg.o(i.WWDG_EnableIT), (12 bytes).
    Removing stm32f10x_wwdg.o(i.WWDG_GetFlagStatus), (12 bytes).
    Removing stm32f10x_wwdg.o(i.WWDG_SetCounter), (16 bytes).
    Removing stm32f10x_wwdg.o(i.WWDG_SetPrescaler), (24 bytes).
    Removing stm32f10x_wwdg.o(i.WWDG_SetWindowValue), (40 bytes).
    Removing m8266hostif_stm32xx.o(i.M8266HostIf_SPI_ReadWriteByte), (56 bytes).
    Removing m8266wifi_ops.o(i.M8266WIFI_Config_Connection_via_SPI), (48 bytes).
    Removing m8266wifi_ops.o(i.M8266WIFI_Sleep_Module), (22 bytes).
    Removing m8266wifi_ops.o(i.M8266WIFI_Sleep_module_for_some_time_and_then_wakeup_automatically), (50 bytes).
    Removing m8266wifi_ops.o(i.M8266WIFI_Wakeup_Module), (8 bytes).
    Removing ultrasonic.o(i.CloseTimerForHc), (16 bytes).
    Removing ultrasonic.o(i.Delay_Ms), (30 bytes).
    Removing ultrasonic.o(i.Delay_Us), (26 bytes).
    Removing ultrasonic.o(i.GetEchoTimer), (48 bytes).
    Removing ultrasonic.o(i.Hcsr04GetLength), (168 bytes).
    Removing ultrasonic.o(i.OpenTimerForHc), (36 bytes).
    Removing usart.o(i.UsartSentArray), (48 bytes).
    Removing usart.o(i.UsartSentByte), (30 bytes).
    Removing usart.o(i.UsartSentHarfWord), (60 bytes).
    Removing usart.o(i.UsartSentStr), (40 bytes).
    Removing usart.o(i.fgetc), (32 bytes).
    Removing motor.o(i.Advance), (48 bytes).
    Removing motor.o(i.Back), (48 bytes).
    Removing motor.o(i.Left), (48 bytes).
    Removing motor.o(i.Right), (48 bytes).
    Removing motor.o(i.Stop), (48 bytes).
    Removing sys.o(.emb_text), (6 bytes).
    Removing sys.o(i.INTX_DISABLE), (4 bytes).
    Removing sys.o(i.INTX_ENABLE), (4 bytes).
    Removing sys.o(i.WFI_SET), (4 bytes).
    Removing m8266wifidrv.o(i.M8266HostIf_SPI_DMA_DeSelect), (28 bytes).
    Removing m8266wifidrv.o(i.M8266HostIf_SPI_DMA_Select), (40 bytes).
    Removing m8266wifidrv.o(i.M8266WIFI_Read_SPI_Slave_Cmd_Response), (4 bytes).
    Removing m8266wifidrv.o(i.M8266WIFI_SPI_Config_AP), (226 bytes).
    Removing m8266wifidrv.o(i.M8266WIFI_SPI_Config_AP_Param), (22 bytes).
    Removing m8266wifidrv.o(i.M8266WIFI_SPI_Delete_Connection), (120 bytes).
    Removing m8266wifidrv.o(i.M8266WIFI_SPI_Force_TxdBuffer_Free), (6 bytes).
    Removing m8266wifidrv.o(i.M8266WIFI_SPI_Get_Driver_Info), (84 bytes).
    Removing m8266wifidrv.o(i.M8266WIFI_SPI_Get_STA_Hostname), (146 bytes).
    Removing m8266wifidrv.o(i.M8266WIFI_SPI_Has_DataReceived), (22 bytes).
    Removing m8266wifidrv.o(i.M8266WIFI_SPI_Module_Debug), (130 bytes).
    Removing m8266wifidrv.o(i.M8266WIFI_SPI_Module_OTA), (228 bytes).
    Removing m8266wifidrv.o(i.M8266WIFI_SPI_Module_OTA_Start_Ota), (112 bytes).
    Removing m8266wifidrv.o(i.M8266WIFI_SPI_Module_OTA_State_Query), (82 bytes).
    Removing m8266wifidrv.o(i.M8266WIFI_SPI_Module_OTA_UserImg_Query), (84 bytes).
    Removing m8266wifidrv.o(i.M8266WIFI_SPI_Module_OTA_UserImg_Select), (112 bytes).
    Removing m8266wifidrv.o(i.M8266WIFI_SPI_Op_Multicuast_Group), (196 bytes).
    Removing m8266wifidrv.o(i.M8266WIFI_SPI_Query_AP_Param), (18 bytes).
    Removing m8266wifidrv.o(i.M8266WIFI_SPI_Query_STA_Param), (236 bytes).
    Removing m8266wifidrv.o(i.M8266WIFI_SPI_Recv), (604 bytes).
    Removing m8266wifidrv.o(i.M8266WIFI_SPI_RecvData), (28 bytes).
    Removing m8266wifidrv.o(i.M8266WIFI_SPI_RecvData_ex), (28 bytes).
    Removing m8266wifidrv.o(i.M8266WIFI_SPI_Reset_Module), (140 bytes).
    Removing m8266wifidrv.o(i.M8266WIFI_SPI_Restore_Module_to_Default), (88 bytes).
    Removing m8266wifidrv.o(i.M8266WIFI_SPI_STA_Scan_Signals), (494 bytes).
    Removing m8266wifidrv.o(i.M8266WIFI_SPI_Set_STA_Hostname), (208 bytes).
    Removing m8266wifidrv.o(i.M8266WIFI_SPI_Set_Status_Bit_force_write), (38 bytes).
    Removing m8266wifidrv.o(i.M8266WIFI_SPI_Set_TcpServer_Auto_Discon_Timeout), (138 bytes).
    Removing m8266wifidrv.o(i.M8266WIFI_SPI_Set_Tx_Max_Power), (92 bytes).
    Removing m8266wifidrv.o(i.M8266WIFI_SPI_Sleep_Module), (132 bytes).
    Removing m8266wifidrv.o(i.M8266WIFI_SPI_StartSmartConfig), (100 bytes).
    Removing m8266wifidrv.o(i.M8266WIFI_SPI_StartWpsConfig), (100 bytes).
    Removing m8266wifidrv.o(i.M8266WIFI_SPI_Status_Start_To_Rxd_Has_Been_Cleared), (22 bytes).
    Removing m8266wifidrv.o(i.M8266WIFI_SPI_qapstp), (168 bytes).
    Removing m8266wifidrv.o(i.M8266WIFI_SPI_rrud), (72 bytes).
    Removing m8266wifidrv.o(i.M8266WIFI_SPI_sbis), (28 bytes).
    Removing m8266wifidrv.o(i.M8266WIFI_SPI_wspsr), (84 bytes).
    Removing m8266wifidrv.o(i.M8266WIFI_SPI_wsscbhud), (62 bytes).
    Removing m8266wifidrv.o(i.M8266WIFI_SPI_wsscrhd), (68 bytes).
    Removing m8266wifidrv.o(i.fvcp1), (4 bytes).
    Removing fadd.o(.text), (176 bytes).
    Removing ddiv.o(.text), (222 bytes).
    Removing ffltui.o(.text), (10 bytes).
    Removing f2d.o(.text), (38 bytes).
    Removing d2f.o(.text), (56 bytes).
    Removing fepilogue.o(.text), (110 bytes).
    Removing depilogue.o(.text), (186 bytes).
    Removing dadd.o(.text), (334 bytes).
    Removing dmul.o(.text), (228 bytes).
    Removing dfixul.o(.text), (48 bytes).
    Removing cdrcmple.o(.text), (48 bytes).

521 unused section(s) (total 24518 bytes) removed from the image.

==============================================================================

Image Symbol Table

    Local Symbols

    Symbol Name                              Value     Ov Type        Size  Object(Section)

    ../clib/microlib/division.c              0x00000000   Number         0  uidiv.o ABSOLUTE
    ../clib/microlib/division.c              0x00000000   Number         0  uldiv.o ABSOLUTE
    ../clib/microlib/init/entry.s            0x00000000   Number         0  entry8b.o ABSOLUTE
    ../clib/microlib/init/entry.s            0x00000000   Number         0  entry11b.o ABSOLUTE
    ../clib/microlib/init/entry.s            0x00000000   Number         0  entry10b.o ABSOLUTE
    ../clib/microlib/init/entry.s            0x00000000   Number         0  entry.o ABSOLUTE
    ../clib/microlib/init/entry.s            0x00000000   Number         0  entry11a.o ABSOLUTE
    ../clib/microlib/init/entry.s            0x00000000   Number         0  entry10a.o ABSOLUTE
    ../clib/microlib/init/entry.s            0x00000000   Number         0  entry9b.o ABSOLUTE
    ../clib/microlib/init/entry.s            0x00000000   Number         0  entry9a.o ABSOLUTE
    ../clib/microlib/init/entry.s            0x00000000   Number         0  entry8a.o ABSOLUTE
    ../clib/microlib/init/entry.s            0x00000000   Number         0  entry7b.o ABSOLUTE
    ../clib/microlib/init/entry.s            0x00000000   Number         0  entry7a.o ABSOLUTE
    ../clib/microlib/init/entry.s            0x00000000   Number         0  entry5.o ABSOLUTE
    ../clib/microlib/init/entry.s            0x00000000   Number         0  entry2.o ABSOLUTE
    ../clib/microlib/longlong.c              0x00000000   Number         0  llsshr.o ABSOLUTE
    ../clib/microlib/longlong.c              0x00000000   Number         0  llushr.o ABSOLUTE
    ../clib/microlib/longlong.c              0x00000000   Number         0  llshl.o ABSOLUTE
    ../clib/microlib/printf/printf.c         0x00000000   Number         0  printf2.o ABSOLUTE
    ../clib/microlib/printf/printf.c         0x00000000   Number         0  printf3.o ABSOLUTE
    ../clib/microlib/printf/printf.c         0x00000000   Number         0  printf1.o ABSOLUTE
    ../clib/microlib/printf/printf.c         0x00000000   Number         0  printf0.o ABSOLUTE
    ../clib/microlib/printf/printf.c         0x00000000   Number         0  printf4.o ABSOLUTE
    ../clib/microlib/printf/printf.c         0x00000000   Number         0  printfb.o ABSOLUTE
    ../clib/microlib/printf/printf.c         0x00000000   Number         0  printf5.o ABSOLUTE
    ../clib/microlib/printf/printf.c         0x00000000   Number         0  printf6.o ABSOLUTE
    ../clib/microlib/printf/printf.c         0x00000000   Number         0  printf7.o ABSOLUTE
    ../clib/microlib/printf/printf.c         0x00000000   Number         0  printf8.o ABSOLUTE
    ../clib/microlib/printf/printf.c         0x00000000   Number         0  printfa.o ABSOLUTE
    ../clib/microlib/stdio/streams.c         0x00000000   Number         0  stdout.o ABSOLUTE
    ../clib/microlib/string/memset.c         0x00000000   Number         0  memseta.o ABSOLUTE
    ../clib/microlib/string/strcmp.c         0x00000000   Number         0  strcmp.o ABSOLUTE
    ../clib/microlib/stubs.s                 0x00000000   Number         0  iusefp.o ABSOLUTE
    ../fplib/microlib/d2f.c                  0x00000000   Number         0  d2f.o ABSOLUTE
    ../fplib/microlib/f2d.c                  0x00000000   Number         0  f2d.o ABSOLUTE
    ../fplib/microlib/fpadd.c                0x00000000   Number         0  dadd.o ABSOLUTE
    ../fplib/microlib/fpadd.c                0x00000000   Number         0  fadd.o ABSOLUTE
    ../fplib/microlib/fpdiv.c                0x00000000   Number         0  ddiv.o ABSOLUTE
    ../fplib/microlib/fpepilogue.c           0x00000000   Number         0  depilogue.o ABSOLUTE
    ../fplib/microlib/fpepilogue.c           0x00000000   Number         0  fepilogue.o ABSOLUTE
    ../fplib/microlib/fpfix.c                0x00000000   Number         0  dfixul.o ABSOLUTE
    ../fplib/microlib/fpflt.c                0x00000000   Number         0  ffltui.o ABSOLUTE
    ../fplib/microlib/fpmul.c                0x00000000   Number         0  dmul.o ABSOLUTE
    ..\Led\led.c                             0x00000000   Number         0  led.o ABSOLUTE
    ..\Lib_Src\M8266WIFIDrv.c                0x00000000   Number         0  m8266wifidrv.o ABSOLUTE
    ..\Library\CMSIS\core_cm3.c              0x00000000   Number         0  core_cm3.o ABSOLUTE
    ..\Library\CMSIS\startup\arm\startup_stm32f10x_hd.s 0x00000000   Number         0  startup_stm32f10x_hd.o ABSOLUTE
    ..\Library\CMSIS\system_stm32f10x.c      0x00000000   Number         0  system_stm32f10x.o ABSOLUTE
    ..\Library\STM32F10x_StdPeriph_Driver\src\misc.c 0x00000000   Number         0  misc.o ABSOLUTE
    ..\Library\STM32F10x_StdPeriph_Driver\src\stm32f10x_adc.c 0x00000000   Number         0  stm32f10x_adc.o ABSOLUTE
    ..\Library\STM32F10x_StdPeriph_Driver\src\stm32f10x_bkp.c 0x00000000   Number         0  stm32f10x_bkp.o ABSOLUTE
    ..\Library\STM32F10x_StdPeriph_Driver\src\stm32f10x_can.c 0x00000000   Number         0  stm32f10x_can.o ABSOLUTE
    ..\Library\STM32F10x_StdPeriph_Driver\src\stm32f10x_cec.c 0x00000000   Number         0  stm32f10x_cec.o ABSOLUTE
    ..\Library\STM32F10x_StdPeriph_Driver\src\stm32f10x_crc.c 0x00000000   Number         0  stm32f10x_crc.o ABSOLUTE
    ..\Library\STM32F10x_StdPeriph_Driver\src\stm32f10x_dac.c 0x00000000   Number         0  stm32f10x_dac.o ABSOLUTE
    ..\Library\STM32F10x_StdPeriph_Driver\src\stm32f10x_dbgmcu.c 0x00000000   Number         0  stm32f10x_dbgmcu.o ABSOLUTE
    ..\Library\STM32F10x_StdPeriph_Driver\src\stm32f10x_dma.c 0x00000000   Number         0  stm32f10x_dma.o ABSOLUTE
    ..\Library\STM32F10x_StdPeriph_Driver\src\stm32f10x_exti.c 0x00000000   Number         0  stm32f10x_exti.o ABSOLUTE
    ..\Library\STM32F10x_StdPeriph_Driver\src\stm32f10x_flash.c 0x00000000   Number         0  stm32f10x_flash.o ABSOLUTE
    ..\Library\STM32F10x_StdPeriph_Driver\src\stm32f10x_fsmc.c 0x00000000   Number         0  stm32f10x_fsmc.o ABSOLUTE
    ..\Library\STM32F10x_StdPeriph_Driver\src\stm32f10x_gpio.c 0x00000000   Number         0  stm32f10x_gpio.o ABSOLUTE
    ..\Library\STM32F10x_StdPeriph_Driver\src\stm32f10x_i2c.c 0x00000000   Number         0  stm32f10x_i2c.o ABSOLUTE
    ..\Library\STM32F10x_StdPeriph_Driver\src\stm32f10x_iwdg.c 0x00000000   Number         0  stm32f10x_iwdg.o ABSOLUTE
    ..\Library\STM32F10x_StdPeriph_Driver\src\stm32f10x_pwr.c 0x00000000   Number         0  stm32f10x_pwr.o ABSOLUTE
    ..\Library\STM32F10x_StdPeriph_Driver\src\stm32f10x_rcc.c 0x00000000   Number         0  stm32f10x_rcc.o ABSOLUTE
    ..\Library\STM32F10x_StdPeriph_Driver\src\stm32f10x_rtc.c 0x00000000   Number         0  stm32f10x_rtc.o ABSOLUTE
    ..\Library\STM32F10x_StdPeriph_Driver\src\stm32f10x_sdio.c 0x00000000   Number         0  stm32f10x_sdio.o ABSOLUTE
    ..\Library\STM32F10x_StdPeriph_Driver\src\stm32f10x_spi.c 0x00000000   Number         0  stm32f10x_spi.o ABSOLUTE
    ..\Library\STM32F10x_StdPeriph_Driver\src\stm32f10x_tim.c 0x00000000   Number         0  stm32f10x_tim.o ABSOLUTE
    ..\Library\STM32F10x_StdPeriph_Driver\src\stm32f10x_usart.c 0x00000000   Number         0  stm32f10x_usart.o ABSOLUTE
    ..\Library\STM32F10x_StdPeriph_Driver\src\stm32f10x_wwdg.c 0x00000000   Number         0  stm32f10x_wwdg.o ABSOLUTE
    ..\Motor\motor.c                         0x00000000   Number         0  motor.o ABSOLUTE
    ..\System\delay\delay.c                  0x00000000   Number         0  delay.o ABSOLUTE
    ..\System\sys\sys.c                      0x00000000   Number         0  sys.o ABSOLUTE
    ..\Ultrasonic\ultrasonic.c               0x00000000   Number         0  ultrasonic.o ABSOLUTE
    ..\Usart\usart.c                         0x00000000   Number         0  usart.o ABSOLUTE
    ..\User\main.c                           0x00000000   Number         0  main.o ABSOLUTE
    ..\User\stm32f10x_it.c                   0x00000000   Number         0  stm32f10x_it.o ABSOLUTE
    ..\Wifi\M8266HostIf_STM32xx.c            0x00000000   Number         0  m8266hostif_stm32xx.o ABSOLUTE
    ..\Wifi\M8266WIFI_Ops.c                  0x00000000   Number         0  m8266wifi_ops.o ABSOLUTE
    ..\Wifi\wifi.c                           0x00000000   Number         0  wifi.o ABSOLUTE
    ..\\Library\\CMSIS\\core_cm3.c           0x00000000   Number         0  core_cm3.o ABSOLUTE
    ..\\System\\sys\\sys.c                   0x00000000   Number         0  sys.o ABSOLUTE
    cdrcmple.s                               0x00000000   Number         0  cdrcmple.o ABSOLUTE
    dc.s                                     0x00000000   Number         0  dc.o ABSOLUTE
    handlers.s                               0x00000000   Number         0  handlers.o ABSOLUTE
    init.s                                   0x00000000   Number         0  init.o ABSOLUTE
    RESET                                    0x08000000   Section      304  startup_stm32f10x_hd.o(RESET)
    .ARM.Collect$$$$00000000                 0x08000130   Section        0  entry.o(.ARM.Collect$$$$00000000)
    .ARM.Collect$$$$00000001                 0x08000130   Section        4  entry2.o(.ARM.Collect$$$$00000001)
    .ARM.Collect$$$$00000004                 0x08000134   Section        4  entry5.o(.ARM.Collect$$$$00000004)
    .ARM.Collect$$$$00000008                 0x08000138   Section        0  entry7b.o(.ARM.Collect$$$$00000008)
    .ARM.Collect$$$$0000000A                 0x08000138   Section        0  entry8b.o(.ARM.Collect$$$$0000000A)
    .ARM.Collect$$$$0000000B                 0x08000138   Section        8  entry9a.o(.ARM.Collect$$$$0000000B)
    .ARM.Collect$$$$0000000D                 0x08000140   Section        0  entry10a.o(.ARM.Collect$$$$0000000D)
    .ARM.Collect$$$$0000000F                 0x08000140   Section        0  entry11a.o(.ARM.Collect$$$$0000000F)
    .ARM.Collect$$$$00002712                 0x08000140   Section        4  entry2.o(.ARM.Collect$$$$00002712)
    __lit__00000000                          0x08000140   Data           4  entry2.o(.ARM.Collect$$$$00002712)
    .text                                    0x08000144   Section       36  startup_stm32f10x_hd.o(.text)
    .text                                    0x08000168   Section        0  memseta.o(.text)
    .text                                    0x0800018c   Section        0  strcmp.o(.text)
    .text                                    0x080001a8   Section       36  init.o(.text)
    i.BusFault_Handler                       0x080001cc   Section        0  stm32f10x_it.o(i.BusFault_Handler)
    i.DebugMon_Handler                       0x080001d0   Section        0  stm32f10x_it.o(i.DebugMon_Handler)
    i.GPIO_Init                              0x080001d2   Section        0  stm32f10x_gpio.o(i.GPIO_Init)
    i.GPIO_PinRemapConfig                    0x080002e8   Section        0  stm32f10x_gpio.o(i.GPIO_PinRemapConfig)
    i.GPIO_ResetBits                         0x08000378   Section        0  stm32f10x_gpio.o(i.GPIO_ResetBits)
    i.GPIO_SetBits                           0x0800037c   Section        0  stm32f10x_gpio.o(i.GPIO_SetBits)
    i.HardFault_Handler                      0x08000380   Section        0  stm32f10x_it.o(i.HardFault_Handler)
    i.Hcsr04Init                             0x08000384   Section        0  ultrasonic.o(i.Hcsr04Init)
    i.Hcsr04Init1                            0x08000424   Section        0  ultrasonic.o(i.Hcsr04Init1)
    i.Init                                   0x08000430   Section        0  main.o(i.Init)
    i.LED_Init                               0x08000450   Section        0  led.o(i.LED_Init)
    i.LED_set                                0x080004a0   Section        0  led.o(i.LED_set)
    i.M8266HostIf_GPIO_CS_RESET_Init         0x080004dc   Section        0  m8266hostif_stm32xx.o(i.M8266HostIf_GPIO_CS_RESET_Init)
    i.M8266HostIf_Init                       0x08000534   Section        0  m8266hostif_stm32xx.o(i.M8266HostIf_Init)
    i.M8266HostIf_SPI_DMA_StartReceiveSendData 0x08000540   Section        0  m8266wifidrv.o(i.M8266HostIf_SPI_DMA_StartReceiveSendData)
    i.M8266HostIf_SPI_Init                   0x080005a4   Section        0  m8266hostif_stm32xx.o(i.M8266HostIf_SPI_Init)
    i.M8266HostIf_SPI_Select                 0x08000640   Section        0  m8266wifidrv.o(i.M8266HostIf_SPI_Select)
    i.M8266HostIf_SPI_SetSpeed               0x080006b0   Section        0  m8266hostif_stm32xx.o(i.M8266HostIf_SPI_SetSpeed)
    i.M8266HostIf_SPI_rrs                    0x080006d8   Section        0  m8266wifidrv.o(i.M8266HostIf_SPI_rrs)
    i.M8266HostIf_SPI_wrs                    0x080006f4   Section        0  m8266wifidrv.o(i.M8266HostIf_SPI_wrs)
    i.M8266HostIf_Set_SPI_nCS_Pin            0x08000740   Section        0  m8266hostif_stm32xx.o(i.M8266HostIf_Set_SPI_nCS_Pin)
    i.M8266HostIf_Set_nRESET_Pin             0x08000758   Section        0  m8266hostif_stm32xx.o(i.M8266HostIf_Set_nRESET_Pin)
    i.M8266HostIf_delay_us                   0x08000770   Section        0  m8266hostif_stm32xx.o(i.M8266HostIf_delay_us)
    i.M8266WIFI_Module_Hardware_Reset        0x0800077c   Section        0  m8266wifi_ops.o(i.M8266WIFI_Module_Hardware_Reset)
    i.M8266WIFI_Module_Init_Via_SPI          0x080007b4   Section        0  m8266wifi_ops.o(i.M8266WIFI_Module_Init_Via_SPI)
    i.M8266WIFI_Module_delay_ms              0x0800096c   Section        0  m8266wifi_ops.o(i.M8266WIFI_Module_delay_ms)
    i.M8266WIFI_SPI_Config_STA_Param         0x08000990   Section        0  m8266wifidrv.o(i.M8266WIFI_SPI_Config_STA_Param)
    i.M8266WIFI_SPI_Get_Module_Info          0x080009a6   Section        0  m8266wifidrv.o(i.M8266WIFI_SPI_Get_Module_Info)
    i.M8266WIFI_SPI_Get_Opmode               0x08000a48   Section        0  m8266wifidrv.o(i.M8266WIFI_SPI_Get_Opmode)
    i.M8266WIFI_SPI_Get_STA_Connection_Status 0x08000aae   Section        0  m8266wifidrv.o(i.M8266WIFI_SPI_Get_STA_Connection_Status)
    i.M8266WIFI_SPI_Get_STA_IP_Addr          0x08000b1a   Section        0  m8266wifidrv.o(i.M8266WIFI_SPI_Get_STA_IP_Addr)
    i.M8266WIFI_SPI_Interface_Communication_OK 0x08000b98   Section        0  m8266wifidrv.o(i.M8266WIFI_SPI_Interface_Communication_OK)
    i.M8266WIFI_SPI_Interface_Communication_Stress_Test 0x08000be0   Section        0  m8266wifidrv.o(i.M8266WIFI_SPI_Interface_Communication_Stress_Test)
    i.M8266WIFI_SPI_Query_Connection         0x08000c36   Section        0  m8266wifidrv.o(i.M8266WIFI_SPI_Query_Connection)
    i.M8266WIFI_SPI_STA_Connect_Ap           0x08000d0c   Section        0  m8266wifidrv.o(i.M8266WIFI_SPI_STA_Connect_Ap)
    i.M8266WIFI_SPI_STA_Connect_Ap_Old       0x08000e94   Section        0  m8266wifidrv.o(i.M8266WIFI_SPI_STA_Connect_Ap_Old)
    i.M8266WIFI_SPI_STA_Query_Current_SSID_And_RSSI 0x08000fc6   Section        0  m8266wifidrv.o(i.M8266WIFI_SPI_STA_Query_Current_SSID_And_RSSI)
    i.M8266WIFI_SPI_Send_Data                0x0800105c   Section        0  m8266wifidrv.o(i.M8266WIFI_SPI_Send_Data)
    i.M8266WIFI_SPI_Set_Opmode               0x080011e4   Section        0  m8266wifidrv.o(i.M8266WIFI_SPI_Set_Opmode)
    i.M8266WIFI_SPI_Setup_Connection         0x08001274   Section        0  m8266wifidrv.o(i.M8266WIFI_SPI_Setup_Connection)
    i.M8266WIFI_SPI_Slave_Has_Response       0x08001460   Section        0  m8266wifidrv.o(i.M8266WIFI_SPI_Slave_Has_Response)
    i.M8266WIFI_SPI_TxdBuffer_Free           0x08001476   Section        0  m8266wifidrv.o(i.M8266WIFI_SPI_TxdBuffer_Free)
    i.M8266WIFI_SPI_capstp                   0x0800148c   Section        0  m8266wifidrv.o(i.M8266WIFI_SPI_capstp)
    i.M8266WIFI_SPI_csb                      0x0800155c   Section        0  m8266wifidrv.o(i.M8266WIFI_SPI_csb)
    i.M8266WIFI_SPI_rra                      0x080015b4   Section        0  m8266wifidrv.o(i.M8266WIFI_SPI_rra)
    i.M8266WIFI_SPI_rru                      0x080015d4   Section        0  m8266wifidrv.o(i.M8266WIFI_SPI_rru)
    i.M8266WIFI_SPI_srh                      0x08001616   Section        0  m8266wifidrv.o(i.M8266WIFI_SPI_srh)
    i.M8266WIFI_SPI_ssa                      0x080016ea   Section        0  m8266wifidrv.o(i.M8266WIFI_SPI_ssa)
    i.M8266WIFI_SPI_ssb                      0x0800170c   Section        0  m8266wifidrv.o(i.M8266WIFI_SPI_ssb)
    i.M8266WIFI_SPI_ssmd                     0x0800176e   Section        0  m8266wifidrv.o(i.M8266WIFI_SPI_ssmd)
    i.M8266WIFI_SPI_ssu                      0x080017d4   Section        0  m8266wifidrv.o(i.M8266WIFI_SPI_ssu)
    i.M8266WIFI_SPI_ssud                     0x08001820   Section        0  m8266wifidrv.o(i.M8266WIFI_SPI_ssud)
    i.M8266WIFI_SPI_ssut                     0x08001868   Section        0  m8266wifidrv.o(i.M8266WIFI_SPI_ssut)
    i.M8266WIFI_SPI_tufs                     0x080018b8   Section        0  m8266wifidrv.o(i.M8266WIFI_SPI_tufs)
    i.M8266WIFI_SPI_tuis                     0x080018ce   Section        0  m8266wifidrv.o(i.M8266WIFI_SPI_tuis)
    i.M8266WIFI_SPI_wait_sta_connecting_to_ap_and_get_ip 0x080018e4   Section        0  m8266wifi_ops.o(i.M8266WIFI_SPI_wait_sta_connecting_to_ap_and_get_ip)
    i.M8266WIFI_SPI_wscbf                    0x08001934   Section        0  m8266wifidrv.o(i.M8266WIFI_SPI_wscbf)
    i.M8266WIFI_SPI_wscr                     0x08001976   Section        0  m8266wifidrv.o(i.M8266WIFI_SPI_wscr)
    i.M8266WIFI_SPI_wspss                    0x080019c2   Section        0  m8266wifidrv.o(i.M8266WIFI_SPI_wspss)
    i.M8266WIFI_SPI_wssrd                    0x08001a18   Section        0  m8266wifidrv.o(i.M8266WIFI_SPI_wssrd)
    i.M8266WIFI_Wait_SPI_sfad                0x08001a56   Section        0  m8266wifidrv.o(i.M8266WIFI_Wait_SPI_sfad)
    i.MemManage_Handler                      0x08001a96   Section        0  stm32f10x_it.o(i.MemManage_Handler)
    i.Motor_Enable                           0x08001a9c   Section        0  motor.o(i.Motor_Enable)
    i.Motor_Init                             0x08001ad4   Section        0  motor.o(i.Motor_Init)
    i.NMI_Handler                            0x08001b00   Section        0  stm32f10x_it.o(i.NMI_Handler)
    i.NVIC_Init                              0x08001b04   Section        0  misc.o(i.NVIC_Init)
    i.NVIC_PriorityGroupConfig               0x08001b74   Section        0  misc.o(i.NVIC_PriorityGroupConfig)
    i.PendSV_Handler                         0x08001b88   Section        0  stm32f10x_it.o(i.PendSV_Handler)
    i.RCC_APB1PeriphClockCmd                 0x08001b8c   Section        0  stm32f10x_rcc.o(i.RCC_APB1PeriphClockCmd)
    i.RCC_APB1PeriphResetCmd                 0x08001bac   Section        0  stm32f10x_rcc.o(i.RCC_APB1PeriphResetCmd)
    i.RCC_APB2PeriphClockCmd                 0x08001bcc   Section        0  stm32f10x_rcc.o(i.RCC_APB2PeriphClockCmd)
    i.RCC_APB2PeriphResetCmd                 0x08001bec   Section        0  stm32f10x_rcc.o(i.RCC_APB2PeriphResetCmd)
    i.RCC_GetClocksFreq                      0x08001c0c   Section        0  stm32f10x_rcc.o(i.RCC_GetClocksFreq)
    i.SPI_Cmd                                0x08001ce0   Section        0  stm32f10x_spi.o(i.SPI_Cmd)
    i.SPI_Init                               0x08001cf8   Section        0  stm32f10x_spi.o(i.SPI_Init)
    i.SPI_STA_Get_HostIP_by_HostName         0x08001d34   Section        0  m8266wifidrv.o(i.SPI_STA_Get_HostIP_by_HostName)
    i.SPI_Set_Web_Server                     0x08001e90   Section        0  m8266wifidrv.o(i.SPI_Set_Web_Server)
    i.SVC_Handler                            0x08001f08   Section        0  stm32f10x_it.o(i.SVC_Handler)
    i.SetSysClock                            0x08001f0a   Section        0  system_stm32f10x.o(i.SetSysClock)
    SetSysClock                              0x08001f0b   Thumb Code     8  system_stm32f10x.o(i.SetSysClock)
    i.SetSysClockTo72                        0x08001f14   Section        0  system_stm32f10x.o(i.SetSysClockTo72)
    SetSysClockTo72                          0x08001f15   Thumb Code   214  system_stm32f10x.o(i.SetSysClockTo72)
    i.SysTick_CLKSourceConfig                0x08001ff4   Section        0  misc.o(i.SysTick_CLKSourceConfig)
    i.SysTick_Handler                        0x0800201c   Section        0  stm32f10x_it.o(i.SysTick_Handler)
    i.SystemInit                             0x08002020   Section        0  system_stm32f10x.o(i.SystemInit)
    i.TIM3_PWM_Init                          0x08002080   Section        0  motor.o(i.TIM3_PWM_Init)
    i.TIM6_IRQHandler                        0x0800212c   Section        0  stm32f10x_it.o(i.TIM6_IRQHandler)
    i.TIM_ARRPreloadConfig                   0x08002154   Section        0  stm32f10x_tim.o(i.TIM_ARRPreloadConfig)
    i.TIM_ClearFlag                          0x0800216c   Section        0  stm32f10x_tim.o(i.TIM_ClearFlag)
    i.TIM_ClearITPendingBit                  0x08002172   Section        0  stm32f10x_tim.o(i.TIM_ClearITPendingBit)
    i.TIM_Cmd                                0x08002178   Section        0  stm32f10x_tim.o(i.TIM_Cmd)
    i.TIM_DeInit                             0x08002190   Section        0  stm32f10x_tim.o(i.TIM_DeInit)
    i.TIM_GetITStatus                        0x08002378   Section        0  stm32f10x_tim.o(i.TIM_GetITStatus)
    i.TIM_ITConfig                           0x0800239a   Section        0  stm32f10x_tim.o(i.TIM_ITConfig)
    i.TIM_OC3Init                            0x080023ac   Section        0  stm32f10x_tim.o(i.TIM_OC3Init)
    i.TIM_OC3PreloadConfig                   0x0800244c   Section        0  stm32f10x_tim.o(i.TIM_OC3PreloadConfig)
    i.TIM_OC4Init                            0x08002460   Section        0  stm32f10x_tim.o(i.TIM_OC4Init)
    i.TIM_OC4PreloadConfig                   0x080024dc   Section        0  stm32f10x_tim.o(i.TIM_OC4PreloadConfig)
    i.TIM_TimeBaseInit                       0x080024f8   Section        0  stm32f10x_tim.o(i.TIM_TimeBaseInit)
    i.USART_Cmd                              0x0800259c   Section        0  stm32f10x_usart.o(i.USART_Cmd)
    i.USART_Config                           0x080025b4   Section        0  usart.o(i.USART_Config)
    i.USART_GetFlagStatus                    0x08002638   Section        0  stm32f10x_usart.o(i.USART_GetFlagStatus)
    i.USART_Init                             0x08002654   Section        0  stm32f10x_usart.o(i.USART_Init)
    i.USART_SendData                         0x0800272c   Section        0  stm32f10x_usart.o(i.USART_SendData)
    i.UsageFault_Handler                     0x08002734   Section        0  stm32f10x_it.o(i.UsageFault_Handler)
    i.WifiConfig                             0x08002738   Section        0  wifi.o(i.WifiConfig)
    i.__0printf$bare                         0x08002820   Section        0  printfb.o(i.__0printf$bare)
    i.__scatterload_copy                     0x08002830   Section       14  handlers.o(i.__scatterload_copy)
    i.__scatterload_null                     0x0800283e   Section        2  handlers.o(i.__scatterload_null)
    i.__scatterload_zeroinit                 0x08002840   Section       14  handlers.o(i.__scatterload_zeroinit)
    i._printf_core                           0x0800284e   Section        0  printfb.o(i._printf_core)
    _printf_core                             0x0800284f   Thumb Code    34  printfb.o(i._printf_core)
    i.delay_init                             0x08002870   Section        0  delay.o(i.delay_init)
    i.delay_ms                               0x080028b4   Section        0  delay.o(i.delay_ms)
    i.delay_us                               0x08002900   Section        0  delay.o(i.delay_us)
    i.fputc                                  0x0800294c   Section        0  usart.o(i.fputc)
    i.fvcp                                   0x08002970   Section        0  m8266wifidrv.o(i.fvcp)
    i.hcsr04_NVIC                            0x080029bc   Section        0  ultrasonic.o(i.hcsr04_NVIC)
    i.main                                   0x080029e4   Section        0  main.o(i.main)
    .constdata                               0x08002a38   Section        6  m8266wifidrv.o(.constdata)
    wr_status_test_data                      0x08002a38   Data           6  m8266wifidrv.o(.constdata)
    .data                                    0x20000000   Section       20  system_stm32f10x.o(.data)
    .data                                    0x20000014   Section       20  stm32f10x_rcc.o(.data)
    APBAHBPrescTable                         0x20000014   Data          16  stm32f10x_rcc.o(.data)
    ADCPrescTable                            0x20000024   Data           4  stm32f10x_rcc.o(.data)
    .data                                    0x20000028   Section        2  ultrasonic.o(.data)
    .data                                    0x2000002a   Section        4  delay.o(.data)
    fac_us                                   0x2000002a   Data           1  delay.o(.data)
    fac_ms                                   0x2000002c   Data           2  delay.o(.data)
    .data                                    0x20000030   Section       24  m8266wifidrv.o(.data)
    SPI_DATA_TRANSFER_USE_DMA                0x20000030   Data           1  m8266wifidrv.o(.data)
    M8266WIFI_INTERFACE_SPI                  0x20000034   Data           4  m8266wifidrv.o(.data)
    M8266WIFI_INTERFACE_SPI_TX_DMA_STREAM    0x20000038   Data           4  m8266wifidrv.o(.data)
    M8266WIFI_INTERFACE_SPI_TX_DMA           0x2000003c   Data           4  m8266wifidrv.o(.data)
    M8266WIFI_INTERFACE_SPI_RX_DMA_STREAM    0x20000040   Data           4  m8266wifidrv.o(.data)
    M8266WIFI_INTERFACE_SPI_RX_DMA           0x20000044   Data           4  m8266wifidrv.o(.data)
    .data                                    0x20000048   Section        4  stdout.o(.data)
    .bss                                     0x2000004c   Section       68  m8266wifidrv.o(.bss)
    dma_buf                                  0x2000004c   Data          68  m8266wifidrv.o(.bss)
    STACK                                    0x20000090   Section     1024  startup_stm32f10x_hd.o(STACK)

    Global Symbols

    Symbol Name                              Value     Ov Type        Size  Object(Section)

    BuildAttributes$$THM_ISAv4$P$D$K$B$S$PE$A:L22UL41UL21$X:L11$S22US41US21$IEEE1$IW$USESV6$~STKCKD$USESV7$~SHL$OTIME$ROPI$EBA8$MICROLIB$REQ8$PRES8$EABIv2 0x00000000   Number         0  anon$$obj.o ABSOLUTE
    __ARM_use_no_argv                        0x00000000   Number         0  main.o ABSOLUTE
    __cpp_initialize__aeabi_                  - Undefined Weak Reference
    __cxa_finalize                            - Undefined Weak Reference
    __decompress                              - Undefined Weak Reference
    _clock_init                               - Undefined Weak Reference
    _microlib_exit                            - Undefined Weak Reference
    __Vectors_Size                           0x00000130   Number         0  startup_stm32f10x_hd.o ABSOLUTE
    __Vectors                                0x08000000   Data           4  startup_stm32f10x_hd.o(RESET)
    __Vectors_End                            0x08000130   Data           0  startup_stm32f10x_hd.o(RESET)
    __main                                   0x08000131   Thumb Code     0  entry.o(.ARM.Collect$$$$00000000)
    _main_stk                                0x08000131   Thumb Code     0  entry2.o(.ARM.Collect$$$$00000001)
    _main_scatterload                        0x08000135   Thumb Code     0  entry5.o(.ARM.Collect$$$$00000004)
    __main_after_scatterload                 0x08000139   Thumb Code     0  entry5.o(.ARM.Collect$$$$00000004)
    _main_clock                              0x08000139   Thumb Code     0  entry7b.o(.ARM.Collect$$$$00000008)
    _main_cpp_init                           0x08000139   Thumb Code     0  entry8b.o(.ARM.Collect$$$$0000000A)
    _main_init                               0x08000139   Thumb Code     0  entry9a.o(.ARM.Collect$$$$0000000B)
    __rt_final_cpp                           0x08000141   Thumb Code     0  entry10a.o(.ARM.Collect$$$$0000000D)
    __rt_final_exit                          0x08000141   Thumb Code     0  entry11a.o(.ARM.Collect$$$$0000000F)
    Reset_Handler                            0x08000145   Thumb Code     8  startup_stm32f10x_hd.o(.text)
    ADC1_2_IRQHandler                        0x0800015f   Thumb Code     0  startup_stm32f10x_hd.o(.text)
    ADC3_IRQHandler                          0x0800015f   Thumb Code     0  startup_stm32f10x_hd.o(.text)
    CAN1_RX1_IRQHandler                      0x0800015f   Thumb Code     0  startup_stm32f10x_hd.o(.text)
    CAN1_SCE_IRQHandler                      0x0800015f   Thumb Code     0  startup_stm32f10x_hd.o(.text)
    DMA1_Channel1_IRQHandler                 0x0800015f   Thumb Code     0  startup_stm32f10x_hd.o(.text)
    DMA1_Channel2_IRQHandler                 0x0800015f   Thumb Code     0  startup_stm32f10x_hd.o(.text)
    DMA1_Channel3_IRQHandler                 0x0800015f   Thumb Code     0  startup_stm32f10x_hd.o(.text)
    DMA1_Channel4_IRQHandler                 0x0800015f   Thumb Code     0  startup_stm32f10x_hd.o(.text)
    DMA1_Channel5_IRQHandler                 0x0800015f   Thumb Code     0  startup_stm32f10x_hd.o(.text)
    DMA1_Channel6_IRQHandler                 0x0800015f   Thumb Code     0  startup_stm32f10x_hd.o(.text)
    DMA1_Channel7_IRQHandler                 0x0800015f   Thumb Code     0  startup_stm32f10x_hd.o(.text)
    DMA2_Channel1_IRQHandler                 0x0800015f   Thumb Code     0  startup_stm32f10x_hd.o(.text)
    DMA2_Channel2_IRQHandler                 0x0800015f   Thumb Code     0  startup_stm32f10x_hd.o(.text)
    DMA2_Channel3_IRQHandler                 0x0800015f   Thumb Code     0  startup_stm32f10x_hd.o(.text)
    DMA2_Channel4_5_IRQHandler               0x0800015f   Thumb Code     0  startup_stm32f10x_hd.o(.text)
    EXTI0_IRQHandler                         0x0800015f   Thumb Code     0  startup_stm32f10x_hd.o(.text)
    EXTI15_10_IRQHandler                     0x0800015f   Thumb Code     0  startup_stm32f10x_hd.o(.text)
    EXTI1_IRQHandler                         0x0800015f   Thumb Code     0  startup_stm32f10x_hd.o(.text)
    EXTI2_IRQHandler                         0x0800015f   Thumb Code     0  startup_stm32f10x_hd.o(.text)
    EXTI3_IRQHandler                         0x0800015f   Thumb Code     0  startup_stm32f10x_hd.o(.text)
    EXTI4_IRQHandler                         0x0800015f   Thumb Code     0  startup_stm32f10x_hd.o(.text)
    EXTI9_5_IRQHandler                       0x0800015f   Thumb Code     0  startup_stm32f10x_hd.o(.text)
    FLASH_IRQHandler                         0x0800015f   Thumb Code     0  startup_stm32f10x_hd.o(.text)
    FSMC_IRQHandler                          0x0800015f   Thumb Code     0  startup_stm32f10x_hd.o(.text)
    I2C1_ER_IRQHandler                       0x0800015f   Thumb Code     0  startup_stm32f10x_hd.o(.text)
    I2C1_EV_IRQHandler                       0x0800015f   Thumb Code     0  startup_stm32f10x_hd.o(.text)
    I2C2_ER_IRQHandler                       0x0800015f   Thumb Code     0  startup_stm32f10x_hd.o(.text)
    I2C2_EV_IRQHandler                       0x0800015f   Thumb Code     0  startup_stm32f10x_hd.o(.text)
    PVD_IRQHandler                           0x0800015f   Thumb Code     0  startup_stm32f10x_hd.o(.text)
    RCC_IRQHandler                           0x0800015f   Thumb Code     0  startup_stm32f10x_hd.o(.text)
    RTCAlarm_IRQHandler                      0x0800015f   Thumb Code     0  startup_stm32f10x_hd.o(.text)
    RTC_IRQHandler                           0x0800015f   Thumb Code     0  startup_stm32f10x_hd.o(.text)
    SDIO_IRQHandler                          0x0800015f   Thumb Code     0  startup_stm32f10x_hd.o(.text)
    SPI1_IRQHandler                          0x0800015f   Thumb Code     0  startup_stm32f10x_hd.o(.text)
    SPI2_IRQHandler                          0x0800015f   Thumb Code     0  startup_stm32f10x_hd.o(.text)
    SPI3_IRQHandler                          0x0800015f   Thumb Code     0  startup_stm32f10x_hd.o(.text)
    TAMPER_IRQHandler                        0x0800015f   Thumb Code     0  startup_stm32f10x_hd.o(.text)
    TIM1_BRK_IRQHandler                      0x0800015f   Thumb Code     0  startup_stm32f10x_hd.o(.text)
    TIM1_CC_IRQHandler                       0x0800015f   Thumb Code     0  startup_stm32f10x_hd.o(.text)
    TIM1_TRG_COM_IRQHandler                  0x0800015f   Thumb Code     0  startup_stm32f10x_hd.o(.text)
    TIM1_UP_IRQHandler                       0x0800015f   Thumb Code     0  startup_stm32f10x_hd.o(.text)
    TIM2_IRQHandler                          0x0800015f   Thumb Code     0  startup_stm32f10x_hd.o(.text)
    TIM3_IRQHandler                          0x0800015f   Thumb Code     0  startup_stm32f10x_hd.o(.text)
    TIM4_IRQHandler                          0x0800015f   Thumb Code     0  startup_stm32f10x_hd.o(.text)
    TIM5_IRQHandler                          0x0800015f   Thumb Code     0  startup_stm32f10x_hd.o(.text)
    TIM7_IRQHandler                          0x0800015f   Thumb Code     0  startup_stm32f10x_hd.o(.text)
    TIM8_BRK_IRQHandler                      0x0800015f   Thumb Code     0  startup_stm32f10x_hd.o(.text)
    TIM8_CC_IRQHandler                       0x0800015f   Thumb Code     0  startup_stm32f10x_hd.o(.text)
    TIM8_TRG_COM_IRQHandler                  0x0800015f   Thumb Code     0  startup_stm32f10x_hd.o(.text)
    TIM8_UP_IRQHandler                       0x0800015f   Thumb Code     0  startup_stm32f10x_hd.o(.text)
    UART4_IRQHandler                         0x0800015f   Thumb Code     0  startup_stm32f10x_hd.o(.text)
    UART5_IRQHandler                         0x0800015f   Thumb Code     0  startup_stm32f10x_hd.o(.text)
    USART1_IRQHandler                        0x0800015f   Thumb Code     0  startup_stm32f10x_hd.o(.text)
    USART2_IRQHandler                        0x0800015f   Thumb Code     0  startup_stm32f10x_hd.o(.text)
    USART3_IRQHandler                        0x0800015f   Thumb Code     0  startup_stm32f10x_hd.o(.text)
    USBWakeUp_IRQHandler                     0x0800015f   Thumb Code     0  startup_stm32f10x_hd.o(.text)
    USB_HP_CAN1_TX_IRQHandler                0x0800015f   Thumb Code     0  startup_stm32f10x_hd.o(.text)
    USB_LP_CAN1_RX0_IRQHandler               0x0800015f   Thumb Code     0  startup_stm32f10x_hd.o(.text)
    WWDG_IRQHandler                          0x0800015f   Thumb Code     0  startup_stm32f10x_hd.o(.text)
    __aeabi_memset                           0x08000169   Thumb Code    14  memseta.o(.text)
    __aeabi_memset4                          0x08000169   Thumb Code     0  memseta.o(.text)
    __aeabi_memset8                          0x08000169   Thumb Code     0  memseta.o(.text)
    __aeabi_memclr                           0x08000177   Thumb Code     4  memseta.o(.text)
    __aeabi_memclr4                          0x08000177   Thumb Code     0  memseta.o(.text)
    __aeabi_memclr8                          0x08000177   Thumb Code     0  memseta.o(.text)
    _memset$wrapper                          0x0800017b   Thumb Code    18  memseta.o(.text)
    strcmp                                   0x0800018d   Thumb Code    28  strcmp.o(.text)
    __scatterload                            0x080001a9   Thumb Code    28  init.o(.text)
    __scatterload_rt2                        0x080001a9   Thumb Code     0  init.o(.text)
    BusFault_Handler                         0x080001cd   Thumb Code     4  stm32f10x_it.o(i.BusFault_Handler)
    DebugMon_Handler                         0x080001d1   Thumb Code     2  stm32f10x_it.o(i.DebugMon_Handler)
    GPIO_Init                                0x080001d3   Thumb Code   278  stm32f10x_gpio.o(i.GPIO_Init)
    GPIO_PinRemapConfig                      0x080002e9   Thumb Code   138  stm32f10x_gpio.o(i.GPIO_PinRemapConfig)
    GPIO_ResetBits                           0x08000379   Thumb Code     4  stm32f10x_gpio.o(i.GPIO_ResetBits)
    GPIO_SetBits                             0x0800037d   Thumb Code     4  stm32f10x_gpio.o(i.GPIO_SetBits)
    HardFault_Handler                        0x08000381   Thumb Code     4  stm32f10x_it.o(i.HardFault_Handler)
    Hcsr04Init                               0x08000385   Thumb Code   152  ultrasonic.o(i.Hcsr04Init)
    Hcsr04Init1                              0x08000425   Thumb Code    12  ultrasonic.o(i.Hcsr04Init1)
    Init                                     0x08000431   Thumb Code    32  main.o(i.Init)
    LED_Init                                 0x08000451   Thumb Code    72  led.o(i.LED_Init)
    LED_set                                  0x080004a1   Thumb Code    52  led.o(i.LED_set)
    M8266HostIf_GPIO_CS_RESET_Init           0x080004dd   Thumb Code    78  m8266hostif_stm32xx.o(i.M8266HostIf_GPIO_CS_RESET_Init)
    M8266HostIf_Init                         0x08000535   Thumb Code    12  m8266hostif_stm32xx.o(i.M8266HostIf_Init)
    M8266HostIf_SPI_DMA_StartReceiveSendData 0x08000541   Thumb Code    90  m8266wifidrv.o(i.M8266HostIf_SPI_DMA_StartReceiveSendData)
    M8266HostIf_SPI_Init                     0x080005a5   Thumb Code   146  m8266hostif_stm32xx.o(i.M8266HostIf_SPI_Init)
    M8266HostIf_SPI_Select                   0x08000641   Thumb Code   102  m8266wifidrv.o(i.M8266HostIf_SPI_Select)
    M8266HostIf_SPI_SetSpeed                 0x080006b1   Thumb Code    36  m8266hostif_stm32xx.o(i.M8266HostIf_SPI_SetSpeed)
    M8266HostIf_SPI_rrs                      0x080006d9   Thumb Code    22  m8266wifidrv.o(i.M8266HostIf_SPI_rrs)
    M8266HostIf_SPI_wrs                      0x080006f5   Thumb Code    72  m8266wifidrv.o(i.M8266HostIf_SPI_wrs)
    M8266HostIf_Set_SPI_nCS_Pin              0x08000741   Thumb Code    20  m8266hostif_stm32xx.o(i.M8266HostIf_Set_SPI_nCS_Pin)
    M8266HostIf_Set_nRESET_Pin               0x08000759   Thumb Code    18  m8266hostif_stm32xx.o(i.M8266HostIf_Set_nRESET_Pin)
    M8266HostIf_delay_us                     0x08000771   Thumb Code    12  m8266hostif_stm32xx.o(i.M8266HostIf_delay_us)
    M8266WIFI_Module_Hardware_Reset          0x0800077d   Thumb Code    54  m8266wifi_ops.o(i.M8266WIFI_Module_Hardware_Reset)
    M8266WIFI_Module_Init_Via_SPI            0x080007b5   Thumb Code   400  m8266wifi_ops.o(i.M8266WIFI_Module_Init_Via_SPI)
    M8266WIFI_Module_delay_ms                0x0800096d   Thumb Code    36  m8266wifi_ops.o(i.M8266WIFI_Module_delay_ms)
    M8266WIFI_SPI_Config_STA_Param           0x08000991   Thumb Code    22  m8266wifidrv.o(i.M8266WIFI_SPI_Config_STA_Param)
    M8266WIFI_SPI_Get_Module_Info            0x080009a7   Thumb Code   162  m8266wifidrv.o(i.M8266WIFI_SPI_Get_Module_Info)
    M8266WIFI_SPI_Get_Opmode                 0x08000a49   Thumb Code   102  m8266wifidrv.o(i.M8266WIFI_SPI_Get_Opmode)
    M8266WIFI_SPI_Get_STA_Connection_Status  0x08000aaf   Thumb Code   108  m8266wifidrv.o(i.M8266WIFI_SPI_Get_STA_Connection_Status)
    M8266WIFI_SPI_Get_STA_IP_Addr            0x08000b1b   Thumb Code   124  m8266wifidrv.o(i.M8266WIFI_SPI_Get_STA_IP_Addr)
    M8266WIFI_SPI_Interface_Communication_OK 0x08000b99   Thumb Code    66  m8266wifidrv.o(i.M8266WIFI_SPI_Interface_Communication_OK)
    M8266WIFI_SPI_Interface_Communication_Stress_Test 0x08000be1   Thumb Code    86  m8266wifidrv.o(i.M8266WIFI_SPI_Interface_Communication_Stress_Test)
    M8266WIFI_SPI_Query_Connection           0x08000c37   Thumb Code   214  m8266wifidrv.o(i.M8266WIFI_SPI_Query_Connection)
    M8266WIFI_SPI_STA_Connect_Ap             0x08000d0d   Thumb Code   382  m8266wifidrv.o(i.M8266WIFI_SPI_STA_Connect_Ap)
    M8266WIFI_SPI_STA_Connect_Ap_Old         0x08000e95   Thumb Code   306  m8266wifidrv.o(i.M8266WIFI_SPI_STA_Connect_Ap_Old)
    M8266WIFI_SPI_STA_Query_Current_SSID_And_RSSI 0x08000fc7   Thumb Code   150  m8266wifidrv.o(i.M8266WIFI_SPI_STA_Query_Current_SSID_And_RSSI)
    M8266WIFI_SPI_Send_Data                  0x0800105d   Thumb Code   388  m8266wifidrv.o(i.M8266WIFI_SPI_Send_Data)
    M8266WIFI_SPI_Set_Opmode                 0x080011e5   Thumb Code   142  m8266wifidrv.o(i.M8266WIFI_SPI_Set_Opmode)
    M8266WIFI_SPI_Setup_Connection           0x08001275   Thumb Code   482  m8266wifidrv.o(i.M8266WIFI_SPI_Setup_Connection)
    M8266WIFI_SPI_Slave_Has_Response         0x08001461   Thumb Code    22  m8266wifidrv.o(i.M8266WIFI_SPI_Slave_Has_Response)
    M8266WIFI_SPI_TxdBuffer_Free             0x08001477   Thumb Code    22  m8266wifidrv.o(i.M8266WIFI_SPI_TxdBuffer_Free)
    M8266WIFI_SPI_capstp                     0x0800148d   Thumb Code   208  m8266wifidrv.o(i.M8266WIFI_SPI_capstp)
    M8266WIFI_SPI_csb                        0x0800155d   Thumb Code    88  m8266wifidrv.o(i.M8266WIFI_SPI_csb)
    M8266WIFI_SPI_rra                        0x080015b5   Thumb Code    32  m8266wifidrv.o(i.M8266WIFI_SPI_rra)
    M8266WIFI_SPI_rru                        0x080015d5   Thumb Code    66  m8266wifidrv.o(i.M8266WIFI_SPI_rru)
    M8266WIFI_SPI_srh                        0x08001617   Thumb Code   212  m8266wifidrv.o(i.M8266WIFI_SPI_srh)
    M8266WIFI_SPI_ssa                        0x080016eb   Thumb Code    32  m8266wifidrv.o(i.M8266WIFI_SPI_ssa)
    M8266WIFI_SPI_ssb                        0x0800170d   Thumb Code    98  m8266wifidrv.o(i.M8266WIFI_SPI_ssb)
    M8266WIFI_SPI_ssmd                       0x0800176f   Thumb Code   100  m8266wifidrv.o(i.M8266WIFI_SPI_ssmd)
    M8266WIFI_SPI_ssu                        0x080017d5   Thumb Code    72  m8266wifidrv.o(i.M8266WIFI_SPI_ssu)
    M8266WIFI_SPI_ssud                       0x08001821   Thumb Code    66  m8266wifidrv.o(i.M8266WIFI_SPI_ssud)
    M8266WIFI_SPI_ssut                       0x08001869   Thumb Code    74  m8266wifidrv.o(i.M8266WIFI_SPI_ssut)
    M8266WIFI_SPI_tufs                       0x080018b9   Thumb Code    22  m8266wifidrv.o(i.M8266WIFI_SPI_tufs)
    M8266WIFI_SPI_tuis                       0x080018cf   Thumb Code    22  m8266wifidrv.o(i.M8266WIFI_SPI_tuis)
    M8266WIFI_SPI_wait_sta_connecting_to_ap_and_get_ip 0x080018e5   Thumb Code    70  m8266wifi_ops.o(i.M8266WIFI_SPI_wait_sta_connecting_to_ap_and_get_ip)
    M8266WIFI_SPI_wscbf                      0x08001935   Thumb Code    66  m8266wifidrv.o(i.M8266WIFI_SPI_wscbf)
    M8266WIFI_SPI_wscr                       0x08001977   Thumb Code    76  m8266wifidrv.o(i.M8266WIFI_SPI_wscr)
    M8266WIFI_SPI_wspss                      0x080019c3   Thumb Code    84  m8266wifidrv.o(i.M8266WIFI_SPI_wspss)
    M8266WIFI_SPI_wssrd                      0x08001a19   Thumb Code    62  m8266wifidrv.o(i.M8266WIFI_SPI_wssrd)
    M8266WIFI_Wait_SPI_sfad                  0x08001a57   Thumb Code    64  m8266wifidrv.o(i.M8266WIFI_Wait_SPI_sfad)
    MemManage_Handler                        0x08001a97   Thumb Code     4  stm32f10x_it.o(i.MemManage_Handler)
    Motor_Enable                             0x08001a9d   Thumb Code    52  motor.o(i.Motor_Enable)
    Motor_Init                               0x08001ad5   Thumb Code    40  motor.o(i.Motor_Init)
    NMI_Handler                              0x08001b01   Thumb Code     2  stm32f10x_it.o(i.NMI_Handler)
    NVIC_Init                                0x08001b05   Thumb Code   100  misc.o(i.NVIC_Init)
    NVIC_PriorityGroupConfig                 0x08001b75   Thumb Code    10  misc.o(i.NVIC_PriorityGroupConfig)
    PendSV_Handler                           0x08001b89   Thumb Code     2  stm32f10x_it.o(i.PendSV_Handler)
    RCC_APB1PeriphClockCmd                   0x08001b8d   Thumb Code    26  stm32f10x_rcc.o(i.RCC_APB1PeriphClockCmd)
    RCC_APB1PeriphResetCmd                   0x08001bad   Thumb Code    26  stm32f10x_rcc.o(i.RCC_APB1PeriphResetCmd)
    RCC_APB2PeriphClockCmd                   0x08001bcd   Thumb Code    26  stm32f10x_rcc.o(i.RCC_APB2PeriphClockCmd)
    RCC_APB2PeriphResetCmd                   0x08001bed   Thumb Code    26  stm32f10x_rcc.o(i.RCC_APB2PeriphResetCmd)
    RCC_GetClocksFreq                        0x08001c0d   Thumb Code   192  stm32f10x_rcc.o(i.RCC_GetClocksFreq)
    SPI_Cmd                                  0x08001ce1   Thumb Code    24  stm32f10x_spi.o(i.SPI_Cmd)
    SPI_Init                                 0x08001cf9   Thumb Code    60  stm32f10x_spi.o(i.SPI_Init)
    SPI_STA_Get_HostIP_by_HostName           0x08001d35   Thumb Code   332  m8266wifidrv.o(i.SPI_STA_Get_HostIP_by_HostName)
    SPI_Set_Web_Server                       0x08001e91   Thumb Code   120  m8266wifidrv.o(i.SPI_Set_Web_Server)
    SVC_Handler                              0x08001f09   Thumb Code     2  stm32f10x_it.o(i.SVC_Handler)
    SysTick_CLKSourceConfig                  0x08001ff5   Thumb Code    40  misc.o(i.SysTick_CLKSourceConfig)
    SysTick_Handler                          0x0800201d   Thumb Code     2  stm32f10x_it.o(i.SysTick_Handler)
    SystemInit                               0x08002021   Thumb Code    78  system_stm32f10x.o(i.SystemInit)
    TIM3_PWM_Init                            0x08002081   Thumb Code   164  motor.o(i.TIM3_PWM_Init)
    TIM6_IRQHandler                          0x0800212d   Thumb Code    32  stm32f10x_it.o(i.TIM6_IRQHandler)
    TIM_ARRPreloadConfig                     0x08002155   Thumb Code    24  stm32f10x_tim.o(i.TIM_ARRPreloadConfig)
    TIM_ClearFlag                            0x0800216d   Thumb Code     6  stm32f10x_tim.o(i.TIM_ClearFlag)
    TIM_ClearITPendingBit                    0x08002173   Thumb Code     6  stm32f10x_tim.o(i.TIM_ClearITPendingBit)
    TIM_Cmd                                  0x08002179   Thumb Code    24  stm32f10x_tim.o(i.TIM_Cmd)
    TIM_DeInit                               0x08002191   Thumb Code   424  stm32f10x_tim.o(i.TIM_DeInit)
    TIM_GetITStatus                          0x08002379   Thumb Code    34  stm32f10x_tim.o(i.TIM_GetITStatus)
    TIM_ITConfig                             0x0800239b   Thumb Code    18  stm32f10x_tim.o(i.TIM_ITConfig)
    TIM_OC3Init                              0x080023ad   Thumb Code   150  stm32f10x_tim.o(i.TIM_OC3Init)
    TIM_OC3PreloadConfig                     0x0800244d   Thumb Code    18  stm32f10x_tim.o(i.TIM_OC3PreloadConfig)
    TIM_OC4Init                              0x08002461   Thumb Code   114  stm32f10x_tim.o(i.TIM_OC4Init)
    TIM_OC4PreloadConfig                     0x080024dd   Thumb Code    26  stm32f10x_tim.o(i.TIM_OC4PreloadConfig)
    TIM_TimeBaseInit                         0x080024f9   Thumb Code   122  stm32f10x_tim.o(i.TIM_TimeBaseInit)
    USART_Cmd                                0x0800259d   Thumb Code    24  stm32f10x_usart.o(i.USART_Cmd)
    USART_Config                             0x080025b5   Thumb Code   122  usart.o(i.USART_Config)
    USART_GetFlagStatus                      0x08002639   Thumb Code    26  stm32f10x_usart.o(i.USART_GetFlagStatus)
    USART_Init                               0x08002655   Thumb Code   210  stm32f10x_usart.o(i.USART_Init)
    USART_SendData                           0x0800272d   Thumb Code     8  stm32f10x_usart.o(i.USART_SendData)
    UsageFault_Handler                       0x08002735   Thumb Code     4  stm32f10x_it.o(i.UsageFault_Handler)
    WifiConfig                               0x08002739   Thumb Code   190  wifi.o(i.WifiConfig)
    __0printf$bare                           0x08002821   Thumb Code     8  printfb.o(i.__0printf$bare)
    __1printf$bare                           0x08002821   Thumb Code     0  printfb.o(i.__0printf$bare)
    __2printf                                0x08002821   Thumb Code     0  printfb.o(i.__0printf$bare)
    __scatterload_copy                       0x08002831   Thumb Code    14  handlers.o(i.__scatterload_copy)
    __scatterload_null                       0x0800283f   Thumb Code     2  handlers.o(i.__scatterload_null)
    __scatterload_zeroinit                   0x08002841   Thumb Code    14  handlers.o(i.__scatterload_zeroinit)
    delay_init                               0x08002871   Thumb Code    50  delay.o(i.delay_init)
    delay_ms                                 0x080028b5   Thumb Code    72  delay.o(i.delay_ms)
    delay_us                                 0x08002901   Thumb Code    72  delay.o(i.delay_us)
    fputc                                    0x0800294d   Thumb Code    32  usart.o(i.fputc)
    fvcp                                     0x08002971   Thumb Code    76  m8266wifidrv.o(i.fvcp)
    hcsr04_NVIC                              0x080029bd   Thumb Code    40  ultrasonic.o(i.hcsr04_NVIC)
    main                                     0x080029e5   Thumb Code    34  main.o(i.main)
    Region$$Table$$Base                      0x08002a40   Number         0  anon$$obj.o(Region$$Table)
    Region$$Table$$Limit                     0x08002a60   Number         0  anon$$obj.o(Region$$Table)
    SystemCoreClock                          0x20000000   Data           4  system_stm32f10x.o(.data)
    AHBPrescTable                            0x20000004   Data          16  system_stm32f10x.o(.data)
    msHcCount                                0x20000028   Data           2  ultrasonic.o(.data)
    __stdout                                 0x20000048   Data           4  stdout.o(.data)
    __initial_sp                             0x20000490   Data           0  startup_stm32f10x_hd.o(STACK)



==============================================================================

Memory Map of the image

  Image Entry point : 0x08000131

  Load Region LR_IROM1 (Base: 0x08000000, Size: 0x00002aac, Max: 0x00080000, ABSOLUTE)

    Execution Region ER_IROM1 (Base: 0x08000000, Size: 0x00002a60, Max: 0x00080000, ABSOLUTE)

    Base Addr    Size         Type   Attr      Idx    E Section Name        Object

    0x08000000   0x00000130   Data   RO            3    RESET               startup_stm32f10x_hd.o
    0x08000130   0x00000000   Code   RO         3756  * .ARM.Collect$$$$00000000  mc_w.l(entry.o)
    0x08000130   0x00000004   Code   RO         4033    .ARM.Collect$$$$00000001  mc_w.l(entry2.o)
    0x08000134   0x00000004   Code   RO         4036    .ARM.Collect$$$$00000004  mc_w.l(entry5.o)
    0x08000138   0x00000000   Code   RO         4038    .ARM.Collect$$$$00000008  mc_w.l(entry7b.o)
    0x08000138   0x00000000   Code   RO         4040    .ARM.Collect$$$$0000000A  mc_w.l(entry8b.o)
    0x08000138   0x00000008   Code   RO         4041    .ARM.Collect$$$$0000000B  mc_w.l(entry9a.o)
    0x08000140   0x00000000   Code   RO         4043    .ARM.Collect$$$$0000000D  mc_w.l(entry10a.o)
    0x08000140   0x00000000   Code   RO         4045    .ARM.Collect$$$$0000000F  mc_w.l(entry11a.o)
    0x08000140   0x00000004   Code   RO         4034    .ARM.Collect$$$$00002712  mc_w.l(entry2.o)
    0x08000144   0x00000024   Code   RO            4    .text               startup_stm32f10x_hd.o
    0x08000168   0x00000024   Code   RO         3759    .text               mc_w.l(memseta.o)
    0x0800018c   0x0000001c   Code   RO         3761    .text               mc_w.l(strcmp.o)
    0x080001a8   0x00000024   Code   RO         4065    .text               mc_w.l(init.o)
    0x080001cc   0x00000004   Code   RO         3163    i.BusFault_Handler  stm32f10x_it.o
    0x080001d0   0x00000002   Code   RO         3164    i.DebugMon_Handler  stm32f10x_it.o
    0x080001d2   0x00000116   Code   RO         1292    i.GPIO_Init         stm32f10x_gpio.o
    0x080002e8   0x00000090   Code   RO         1294    i.GPIO_PinRemapConfig  stm32f10x_gpio.o
    0x08000378   0x00000004   Code   RO         1299    i.GPIO_ResetBits    stm32f10x_gpio.o
    0x0800037c   0x00000004   Code   RO         1300    i.GPIO_SetBits      stm32f10x_gpio.o
    0x08000380   0x00000004   Code   RO         3165    i.HardFault_Handler  stm32f10x_it.o
    0x08000384   0x000000a0   Code   RO         3379    i.Hcsr04Init        ultrasonic.o
    0x08000424   0x0000000c   Code   RO         3380    i.Hcsr04Init1       ultrasonic.o
    0x08000430   0x00000020   Code   RO         3108    i.Init              main.o
    0x08000450   0x00000050   Code   RO         3233    i.LED_Init          led.o
    0x080004a0   0x0000003c   Code   RO         3234    i.LED_set           led.o
    0x080004dc   0x00000058   Code   RO         3263    i.M8266HostIf_GPIO_CS_RESET_Init  m8266hostif_stm32xx.o
    0x08000534   0x0000000c   Code   RO         3264    i.M8266HostIf_Init  m8266hostif_stm32xx.o
    0x08000540   0x00000064   Code   RO         3593    i.M8266HostIf_SPI_DMA_StartReceiveSendData  M8266WIFIDrv_STM32F1xx.lib(m8266wifidrv.o)
    0x080005a4   0x0000009c   Code   RO         3265    i.M8266HostIf_SPI_Init  m8266hostif_stm32xx.o
    0x08000640   0x00000070   Code   RO         3594    i.M8266HostIf_SPI_Select  M8266WIFIDrv_STM32F1xx.lib(m8266wifidrv.o)
    0x080006b0   0x00000028   Code   RO         3267    i.M8266HostIf_SPI_SetSpeed  m8266hostif_stm32xx.o
    0x080006d8   0x0000001c   Code   RO         3595    i.M8266HostIf_SPI_rrs  M8266WIFIDrv_STM32F1xx.lib(m8266wifidrv.o)
    0x080006f4   0x0000004c   Code   RO         3596    i.M8266HostIf_SPI_wrs  M8266WIFIDrv_STM32F1xx.lib(m8266wifidrv.o)
    0x08000740   0x00000018   Code   RO         3268    i.M8266HostIf_Set_SPI_nCS_Pin  m8266hostif_stm32xx.o
    0x08000758   0x00000018   Code   RO         3269    i.M8266HostIf_Set_nRESET_Pin  m8266hostif_stm32xx.o
    0x08000770   0x0000000c   Code   RO         3270    i.M8266HostIf_delay_us  m8266hostif_stm32xx.o
    0x0800077c   0x00000036   Code   RO         3321    i.M8266WIFI_Module_Hardware_Reset  m8266wifi_ops.o
    0x080007b2   0x00000002   PAD
    0x080007b4   0x000001b8   Code   RO         3322    i.M8266WIFI_Module_Init_Via_SPI  m8266wifi_ops.o
    0x0800096c   0x00000024   Code   RO         3323    i.M8266WIFI_Module_delay_ms  m8266wifi_ops.o
    0x08000990   0x00000016   Code   RO         3600    i.M8266WIFI_SPI_Config_STA_Param  M8266WIFIDrv_STM32F1xx.lib(m8266wifidrv.o)
    0x080009a6   0x000000a2   Code   RO         3604    i.M8266WIFI_SPI_Get_Module_Info  M8266WIFIDrv_STM32F1xx.lib(m8266wifidrv.o)
    0x08000a48   0x00000066   Code   RO         3605    i.M8266WIFI_SPI_Get_Opmode  M8266WIFIDrv_STM32F1xx.lib(m8266wifidrv.o)
    0x08000aae   0x0000006c   Code   RO         3606    i.M8266WIFI_SPI_Get_STA_Connection_Status  M8266WIFIDrv_STM32F1xx.lib(m8266wifidrv.o)
    0x08000b1a   0x0000007c   Code   RO         3608    i.M8266WIFI_SPI_Get_STA_IP_Addr  M8266WIFIDrv_STM32F1xx.lib(m8266wifidrv.o)
    0x08000b96   0x00000002   PAD
    0x08000b98   0x00000048   Code   RO         3610    i.M8266WIFI_SPI_Interface_Communication_OK  M8266WIFIDrv_STM32F1xx.lib(m8266wifidrv.o)
    0x08000be0   0x00000056   Code   RO         3611    i.M8266WIFI_SPI_Interface_Communication_Stress_Test  M8266WIFIDrv_STM32F1xx.lib(m8266wifidrv.o)
    0x08000c36   0x000000d6   Code   RO         3620    i.M8266WIFI_SPI_Query_Connection  M8266WIFIDrv_STM32F1xx.lib(m8266wifidrv.o)
    0x08000d0c   0x00000188   Code   RO         3627    i.M8266WIFI_SPI_STA_Connect_Ap  M8266WIFIDrv_STM32F1xx.lib(m8266wifidrv.o)
    0x08000e94   0x00000132   Code   RO         3628    i.M8266WIFI_SPI_STA_Connect_Ap_Old  M8266WIFIDrv_STM32F1xx.lib(m8266wifidrv.o)
    0x08000fc6   0x00000096   Code   RO         3629    i.M8266WIFI_SPI_STA_Query_Current_SSID_And_RSSI  M8266WIFIDrv_STM32F1xx.lib(m8266wifidrv.o)
    0x0800105c   0x00000188   Code   RO         3631    i.M8266WIFI_SPI_Send_Data  M8266WIFIDrv_STM32F1xx.lib(m8266wifidrv.o)
    0x080011e4   0x0000008e   Code   RO         3632    i.M8266WIFI_SPI_Set_Opmode  M8266WIFIDrv_STM32F1xx.lib(m8266wifidrv.o)
    0x08001272   0x00000002   PAD
    0x08001274   0x000001ec   Code   RO         3637    i.M8266WIFI_SPI_Setup_Connection  M8266WIFIDrv_STM32F1xx.lib(m8266wifidrv.o)
    0x08001460   0x00000016   Code   RO         3638    i.M8266WIFI_SPI_Slave_Has_Response  M8266WIFIDrv_STM32F1xx.lib(m8266wifidrv.o)
    0x08001476   0x00000016   Code   RO         3643    i.M8266WIFI_SPI_TxdBuffer_Free  M8266WIFIDrv_STM32F1xx.lib(m8266wifidrv.o)
    0x0800148c   0x000000d0   Code   RO         3644    i.M8266WIFI_SPI_capstp  M8266WIFIDrv_STM32F1xx.lib(m8266wifidrv.o)
    0x0800155c   0x00000058   Code   RO         3645    i.M8266WIFI_SPI_csb  M8266WIFIDrv_STM32F1xx.lib(m8266wifidrv.o)
    0x080015b4   0x00000020   Code   RO         3647    i.M8266WIFI_SPI_rra  M8266WIFIDrv_STM32F1xx.lib(m8266wifidrv.o)
    0x080015d4   0x00000042   Code   RO         3648    i.M8266WIFI_SPI_rru  M8266WIFIDrv_STM32F1xx.lib(m8266wifidrv.o)
    0x08001616   0x000000d4   Code   RO         3651    i.M8266WIFI_SPI_srh  M8266WIFIDrv_STM32F1xx.lib(m8266wifidrv.o)
    0x080016ea   0x00000020   Code   RO         3652    i.M8266WIFI_SPI_ssa  M8266WIFIDrv_STM32F1xx.lib(m8266wifidrv.o)
    0x0800170a   0x00000002   PAD
    0x0800170c   0x00000062   Code   RO         3653    i.M8266WIFI_SPI_ssb  M8266WIFIDrv_STM32F1xx.lib(m8266wifidrv.o)
    0x0800176e   0x00000064   Code   RO         3654    i.M8266WIFI_SPI_ssmd  M8266WIFIDrv_STM32F1xx.lib(m8266wifidrv.o)
    0x080017d2   0x00000002   PAD
    0x080017d4   0x0000004c   Code   RO         3655    i.M8266WIFI_SPI_ssu  M8266WIFIDrv_STM32F1xx.lib(m8266wifidrv.o)
    0x08001820   0x00000048   Code   RO         3656    i.M8266WIFI_SPI_ssud  M8266WIFIDrv_STM32F1xx.lib(m8266wifidrv.o)
    0x08001868   0x00000050   Code   RO         3657    i.M8266WIFI_SPI_ssut  M8266WIFIDrv_STM32F1xx.lib(m8266wifidrv.o)
    0x080018b8   0x00000016   Code   RO         3658    i.M8266WIFI_SPI_tufs  M8266WIFIDrv_STM32F1xx.lib(m8266wifidrv.o)
    0x080018ce   0x00000016   Code   RO         3659    i.M8266WIFI_SPI_tuis  M8266WIFIDrv_STM32F1xx.lib(m8266wifidrv.o)
    0x080018e4   0x00000050   Code   RO         3324    i.M8266WIFI_SPI_wait_sta_connecting_to_ap_and_get_ip  m8266wifi_ops.o
    0x08001934   0x00000042   Code   RO         3660    i.M8266WIFI_SPI_wscbf  M8266WIFIDrv_STM32F1xx.lib(m8266wifidrv.o)
    0x08001976   0x0000004c   Code   RO         3661    i.M8266WIFI_SPI_wscr  M8266WIFIDrv_STM32F1xx.lib(m8266wifidrv.o)
    0x080019c2   0x00000054   Code   RO         3663    i.M8266WIFI_SPI_wspss  M8266WIFIDrv_STM32F1xx.lib(m8266wifidrv.o)
    0x08001a16   0x00000002   PAD
    0x08001a18   0x0000003e   Code   RO         3666    i.M8266WIFI_SPI_wssrd  M8266WIFIDrv_STM32F1xx.lib(m8266wifidrv.o)
    0x08001a56   0x00000040   Code   RO         3667    i.M8266WIFI_Wait_SPI_sfad  M8266WIFIDrv_STM32F1xx.lib(m8266wifidrv.o)
    0x08001a96   0x00000004   Code   RO         3166    i.MemManage_Handler  stm32f10x_it.o
    0x08001a9a   0x00000002   PAD
    0x08001a9c   0x00000038   Code   RO         3486    i.Motor_Enable      motor.o
    0x08001ad4   0x0000002c   Code   RO         3487    i.Motor_Init        motor.o
    0x08001b00   0x00000002   Code   RO         3167    i.NMI_Handler       stm32f10x_it.o
    0x08001b02   0x00000002   PAD
    0x08001b04   0x00000070   Code   RO          137    i.NVIC_Init         misc.o
    0x08001b74   0x00000014   Code   RO          138    i.NVIC_PriorityGroupConfig  misc.o
    0x08001b88   0x00000002   Code   RO         3168    i.PendSV_Handler    stm32f10x_it.o
    0x08001b8a   0x00000002   PAD
    0x08001b8c   0x00000020   Code   RO         1708    i.RCC_APB1PeriphClockCmd  stm32f10x_rcc.o
    0x08001bac   0x00000020   Code   RO         1709    i.RCC_APB1PeriphResetCmd  stm32f10x_rcc.o
    0x08001bcc   0x00000020   Code   RO         1710    i.RCC_APB2PeriphClockCmd  stm32f10x_rcc.o
    0x08001bec   0x00000020   Code   RO         1711    i.RCC_APB2PeriphResetCmd  stm32f10x_rcc.o
    0x08001c0c   0x000000d4   Code   RO         1718    i.RCC_GetClocksFreq  stm32f10x_rcc.o
    0x08001ce0   0x00000018   Code   RO         2187    i.SPI_Cmd           stm32f10x_spi.o
    0x08001cf8   0x0000003c   Code   RO         2200    i.SPI_Init          stm32f10x_spi.o
    0x08001d34   0x0000015c   Code   RO         3668    i.SPI_STA_Get_HostIP_by_HostName  M8266WIFIDrv_STM32F1xx.lib(m8266wifidrv.o)
    0x08001e90   0x00000078   Code   RO         3669    i.SPI_Set_Web_Server  M8266WIFIDrv_STM32F1xx.lib(m8266wifidrv.o)
    0x08001f08   0x00000002   Code   RO         3169    i.SVC_Handler       stm32f10x_it.o
    0x08001f0a   0x00000008   Code   RO           24    i.SetSysClock       system_stm32f10x.o
    0x08001f12   0x00000002   PAD
    0x08001f14   0x000000e0   Code   RO           25    i.SetSysClockTo72   system_stm32f10x.o
    0x08001ff4   0x00000028   Code   RO          141    i.SysTick_CLKSourceConfig  misc.o
    0x0800201c   0x00000002   Code   RO         3170    i.SysTick_Handler   stm32f10x_it.o
    0x0800201e   0x00000002   PAD
    0x08002020   0x00000060   Code   RO           27    i.SystemInit        system_stm32f10x.o
    0x08002080   0x000000ac   Code   RO         3490    i.TIM3_PWM_Init     motor.o
    0x0800212c   0x00000028   Code   RO         3171    i.TIM6_IRQHandler   stm32f10x_it.o
    0x08002154   0x00000018   Code   RO         2330    i.TIM_ARRPreloadConfig  stm32f10x_tim.o
    0x0800216c   0x00000006   Code   RO         2336    i.TIM_ClearFlag     stm32f10x_tim.o
    0x08002172   0x00000006   Code   RO         2337    i.TIM_ClearITPendingBit  stm32f10x_tim.o
    0x08002178   0x00000018   Code   RO         2342    i.TIM_Cmd           stm32f10x_tim.o
    0x08002190   0x000001e8   Code   RO         2347    i.TIM_DeInit        stm32f10x_tim.o
    0x08002378   0x00000022   Code   RO         2363    i.TIM_GetITStatus   stm32f10x_tim.o
    0x0800239a   0x00000012   Code   RO         2367    i.TIM_ITConfig      stm32f10x_tim.o
    0x080023ac   0x000000a0   Code   RO         2381    i.TIM_OC3Init       stm32f10x_tim.o
    0x0800244c   0x00000012   Code   RO         2384    i.TIM_OC3PreloadConfig  stm32f10x_tim.o
    0x0800245e   0x00000002   PAD
    0x08002460   0x0000007c   Code   RO         2386    i.TIM_OC4Init       stm32f10x_tim.o
    0x080024dc   0x0000001a   Code   RO         2388    i.TIM_OC4PreloadConfig  stm32f10x_tim.o
    0x080024f6   0x00000002   PAD
    0x080024f8   0x000000a4   Code   RO         2413    i.TIM_TimeBaseInit  stm32f10x_tim.o
    0x0800259c   0x00000018   Code   RO         2878    i.USART_Cmd         stm32f10x_usart.o
    0x080025b4   0x00000084   Code   RO         3435    i.USART_Config      usart.o
    0x08002638   0x0000001a   Code   RO         2881    i.USART_GetFlagStatus  stm32f10x_usart.o
    0x08002652   0x00000002   PAD
    0x08002654   0x000000d8   Code   RO         2885    i.USART_Init        stm32f10x_usart.o
    0x0800272c   0x00000008   Code   RO         2895    i.USART_SendData    stm32f10x_usart.o
    0x08002734   0x00000004   Code   RO         3172    i.UsageFault_Handler  stm32f10x_it.o
    0x08002738   0x000000e8   Code   RO         3251    i.WifiConfig        wifi.o
    0x08002820   0x00000010   Code   RO         3764    i.__0printf$bare    mc_w.l(printfb.o)
    0x08002830   0x0000000e   Code   RO         4075    i.__scatterload_copy  mc_w.l(handlers.o)
    0x0800283e   0x00000002   Code   RO         4076    i.__scatterload_null  mc_w.l(handlers.o)
    0x08002840   0x0000000e   Code   RO         4077    i.__scatterload_zeroinit  mc_w.l(handlers.o)
    0x0800284e   0x00000022   Code   RO         3771    i._printf_core      mc_w.l(printfb.o)
    0x08002870   0x00000044   Code   RO         3537    i.delay_init        delay.o
    0x080028b4   0x0000004c   Code   RO         3538    i.delay_ms          delay.o
    0x08002900   0x0000004c   Code   RO         3539    i.delay_us          delay.o
    0x0800294c   0x00000024   Code   RO         3441    i.fputc             usart.o
    0x08002970   0x0000004c   Code   RO         3670    i.fvcp              M8266WIFIDrv_STM32F1xx.lib(m8266wifidrv.o)
    0x080029bc   0x00000028   Code   RO         3382    i.hcsr04_NVIC       ultrasonic.o
    0x080029e4   0x00000054   Code   RO         3109    i.main              main.o
    0x08002a38   0x00000006   Data   RO         3673    .constdata          M8266WIFIDrv_STM32F1xx.lib(m8266wifidrv.o)
    0x08002a3e   0x00000002   PAD
    0x08002a40   0x00000020   Data   RO         4073    Region$$Table       anon$$obj.o


    Execution Region RW_IRAM1 (Base: 0x20000000, Size: 0x00000490, Max: 0x00010000, ABSOLUTE)

    Base Addr    Size         Type   Attr      Idx    E Section Name        Object

    0x20000000   0x00000014   Data   RW           28    .data               system_stm32f10x.o
    0x20000014   0x00000014   Data   RW         1738    .data               stm32f10x_rcc.o
    0x20000028   0x00000002   Data   RW         3383    .data               ultrasonic.o
    0x2000002a   0x00000004   Data   RW         3540    .data               delay.o
    0x2000002e   0x00000002   PAD
    0x20000030   0x00000018   Data   RW         3674    .data               M8266WIFIDrv_STM32F1xx.lib(m8266wifidrv.o)
    0x20000048   0x00000004   Data   RW         4047    .data               mc_w.l(stdout.o)
    0x2000004c   0x00000044   Zero   RW         3672    .bss                M8266WIFIDrv_STM32F1xx.lib(m8266wifidrv.o)
    0x20000090   0x00000400   Zero   RW            1    STACK               startup_stm32f10x_hd.o


==============================================================================

Image component sizes


      Code (inc. data)   RO Data    RW Data    ZI Data      Debug   Object Name

         0          0          0          0          0       4520   core_cm3.o
       220         26          0          4          0       1583   delay.o
       140         16          0          0          0        949   led.o
       356         34          0          0          0       3616   m8266hostif_stm32xx.o
       610         50          0          0          0       3371   m8266wifi_ops.o
       116         50          0          0          0       2074   main.o
       172         22          0          0          0       2113   misc.o
       272         16          0          0          0       1532   motor.o
        36          8        304          0       1024        840   startup_stm32f10x_hd.o
       430          6          0          0          0       3910   stm32f10x_gpio.o
        66          8          0          0          0       4040   stm32f10x_it.o
       340         44          0         20          0       5648   stm32f10x_rcc.o
        84          0          0          0          0       2177   stm32f10x_spi.o
      1092        126          0          0          0       8116   stm32f10x_tim.o
       274          6          0          0          0       4048   stm32f10x_usart.o
       328         28          0         20          0     257437   system_stm32f10x.o
       212          8          0          2          0       1677   ultrasonic.o
       168         14          0          0          0       1063   usart.o
       232         42          0          0          0        629   wifi.o

    ----------------------------------------------------------------------
      5166        504        336         48       1024     309343   Object Totals
         0          0         32          0          0          0   (incl. Generated)
        18          0          0          2          0          0   (incl. Padding)

    ----------------------------------------------------------------------

      Code (inc. data)   RO Data    RW Data    ZI Data      Debug   Library Member Name

      5128        106          6         24         68       3528   m8266wifidrv.o
         0          0          0          0          0          0   entry.o
         0          0          0          0          0          0   entry10a.o
         0          0          0          0          0          0   entry11a.o
         8          4          0          0          0          0   entry2.o
         4          0          0          0          0          0   entry5.o
         0          0          0          0          0          0   entry7b.o
         0          0          0          0          0          0   entry8b.o
         8          4          0          0          0          0   entry9a.o
        30          0          0          0          0          0   handlers.o
        36          8          0          0          0         68   init.o
        36          0          0          0          0        108   memseta.o
        50          8          0          0          0        152   printfb.o
         0          0          0          4          0          0   stdout.o
        28          0          0          0          0         76   strcmp.o

    ----------------------------------------------------------------------
      5338        130          8         28         68       3932   Library Totals
        10          0          2          0          0          0   (incl. Padding)

    ----------------------------------------------------------------------

      Code (inc. data)   RO Data    RW Data    ZI Data      Debug   Library Name

      5128        106          6         24         68       3528   M8266WIFIDrv_STM32F1xx.lib
       200         24          0          4          0        404   mc_w.l

    ----------------------------------------------------------------------
      5338        130          8         28         68       3932   Library Totals

    ----------------------------------------------------------------------

==============================================================================


      Code (inc. data)   RO Data    RW Data    ZI Data      Debug   

     10504        634        344         76       1092     307759   Grand Totals
     10504        634        344         76       1092     307759   ELF Image Totals
     10504        634        344         76          0          0   ROM Totals

==============================================================================

    Total RO  Size (Code + RO Data)                10848 (  10.59kB)
    Total RW  Size (RW Data + ZI Data)              1168 (   1.14kB)
    Total ROM Size (Code + RO Data + RW Data)      10924 (  10.67kB)

==============================================================================

