Component: ARM Compiler 5.05 update 2 (build 169) Tool: armlink [4d0f33]

==============================================================================

Section Cross References

    startup_stm32f10x_hd.o(RESET) refers to startup_stm32f10x_hd.o(STACK) for __initial_sp
    startup_stm32f10x_hd.o(RESET) refers to startup_stm32f10x_hd.o(.text) for Reset_Handler
    startup_stm32f10x_hd.o(RESET) refers to stm32f10x_it.o(i.NMI_Handler) for NMI_Handler
    startup_stm32f10x_hd.o(RESET) refers to stm32f10x_it.o(i.HardFault_Handler) for HardFault_Handler
    startup_stm32f10x_hd.o(RESET) refers to stm32f10x_it.o(i.MemManage_Handler) for MemManage_Handler
    startup_stm32f10x_hd.o(RESET) refers to stm32f10x_it.o(i.BusFault_Handler) for BusFault_Handler
    startup_stm32f10x_hd.o(RESET) refers to stm32f10x_it.o(i.UsageFault_Handler) for UsageFault_Handler
    startup_stm32f10x_hd.o(RESET) refers to stm32f10x_it.o(i.SVC_Handler) for SVC_Handler
    startup_stm32f10x_hd.o(RESET) refers to stm32f10x_it.o(i.DebugMon_Handler) for DebugMon_Handler
    startup_stm32f10x_hd.o(RESET) refers to stm32f10x_it.o(i.PendSV_Handler) for PendSV_Handler
    startup_stm32f10x_hd.o(RESET) refers to stm32f10x_it.o(i.SysTick_Handler) for SysTick_Handler
    startup_stm32f10x_hd.o(RESET) refers to stm32f10x_it.o(i.EXTI9_5_IRQHandler) for EXTI9_5_IRQHandler
    startup_stm32f10x_hd.o(RESET) refers to stm32f10x_it.o(i.TIM6_IRQHandler) for TIM6_IRQHandler
    startup_stm32f10x_hd.o(.text) refers to system_stm32f10x.o(i.SystemInit) for SystemInit
    startup_stm32f10x_hd.o(.text) refers to entry.o(.ARM.Collect$$$$00000000) for __main
    system_stm32f10x.o(i.SetSysClock) refers to system_stm32f10x.o(i.SetSysClockTo72) for SetSysClockTo72
    system_stm32f10x.o(i.SystemCoreClockUpdate) refers to system_stm32f10x.o(.data) for SystemCoreClock
    system_stm32f10x.o(i.SystemInit) refers to system_stm32f10x.o(i.SetSysClock) for SetSysClock
    stm32f10x_adc.o(i.ADC_DeInit) refers to stm32f10x_rcc.o(i.RCC_APB2PeriphResetCmd) for RCC_APB2PeriphResetCmd
    stm32f10x_bkp.o(i.BKP_DeInit) refers to stm32f10x_rcc.o(i.RCC_BackupResetCmd) for RCC_BackupResetCmd
    stm32f10x_can.o(i.CAN_DeInit) refers to stm32f10x_rcc.o(i.RCC_APB1PeriphResetCmd) for RCC_APB1PeriphResetCmd
    stm32f10x_can.o(i.CAN_GetITStatus) refers to stm32f10x_can.o(i.CheckITStatus) for CheckITStatus
    stm32f10x_cec.o(i.CEC_DeInit) refers to stm32f10x_rcc.o(i.RCC_APB1PeriphResetCmd) for RCC_APB1PeriphResetCmd
    stm32f10x_dac.o(i.DAC_DeInit) refers to stm32f10x_rcc.o(i.RCC_APB1PeriphResetCmd) for RCC_APB1PeriphResetCmd
    stm32f10x_flash.o(i.FLASH_EnableWriteProtection) refers to stm32f10x_flash.o(i.FLASH_WaitForLastOperation) for FLASH_WaitForLastOperation
    stm32f10x_flash.o(i.FLASH_EraseAllBank1Pages) refers to stm32f10x_flash.o(i.FLASH_WaitForLastBank1Operation) for FLASH_WaitForLastBank1Operation
    stm32f10x_flash.o(i.FLASH_EraseAllPages) refers to stm32f10x_flash.o(i.FLASH_WaitForLastOperation) for FLASH_WaitForLastOperation
    stm32f10x_flash.o(i.FLASH_EraseOptionBytes) refers to stm32f10x_flash.o(i.FLASH_GetReadOutProtectionStatus) for FLASH_GetReadOutProtectionStatus
    stm32f10x_flash.o(i.FLASH_EraseOptionBytes) refers to stm32f10x_flash.o(i.FLASH_WaitForLastOperation) for FLASH_WaitForLastOperation
    stm32f10x_flash.o(i.FLASH_ErasePage) refers to stm32f10x_flash.o(i.FLASH_WaitForLastOperation) for FLASH_WaitForLastOperation
    stm32f10x_flash.o(i.FLASH_ProgramHalfWord) refers to stm32f10x_flash.o(i.FLASH_WaitForLastOperation) for FLASH_WaitForLastOperation
    stm32f10x_flash.o(i.FLASH_ProgramOptionByteData) refers to stm32f10x_flash.o(i.FLASH_WaitForLastOperation) for FLASH_WaitForLastOperation
    stm32f10x_flash.o(i.FLASH_ProgramWord) refers to stm32f10x_flash.o(i.FLASH_WaitForLastOperation) for FLASH_WaitForLastOperation
    stm32f10x_flash.o(i.FLASH_ReadOutProtection) refers to stm32f10x_flash.o(i.FLASH_WaitForLastOperation) for FLASH_WaitForLastOperation
    stm32f10x_flash.o(i.FLASH_UserOptionByteConfig) refers to stm32f10x_flash.o(i.FLASH_WaitForLastOperation) for FLASH_WaitForLastOperation
    stm32f10x_flash.o(i.FLASH_WaitForLastBank1Operation) refers to stm32f10x_flash.o(i.FLASH_GetBank1Status) for FLASH_GetBank1Status
    stm32f10x_flash.o(i.FLASH_WaitForLastOperation) refers to stm32f10x_flash.o(i.FLASH_GetBank1Status) for FLASH_GetBank1Status
    stm32f10x_gpio.o(i.GPIO_AFIODeInit) refers to stm32f10x_rcc.o(i.RCC_APB2PeriphResetCmd) for RCC_APB2PeriphResetCmd
    stm32f10x_gpio.o(i.GPIO_DeInit) refers to stm32f10x_rcc.o(i.RCC_APB2PeriphResetCmd) for RCC_APB2PeriphResetCmd
    stm32f10x_i2c.o(i.I2C_DeInit) refers to stm32f10x_rcc.o(i.RCC_APB1PeriphResetCmd) for RCC_APB1PeriphResetCmd
    stm32f10x_i2c.o(i.I2C_Init) refers to stm32f10x_rcc.o(i.RCC_GetClocksFreq) for RCC_GetClocksFreq
    stm32f10x_pwr.o(i.PWR_DeInit) refers to stm32f10x_rcc.o(i.RCC_APB1PeriphResetCmd) for RCC_APB1PeriphResetCmd
[...]
    Removing stm32f10x_wwdg.o(i.WWDG_EnableIT), (12 bytes).
    Removing stm32f10x_wwdg.o(i.WWDG_GetFlagStatus), (12 bytes).
    Removing stm32f10x_wwdg.o(i.WWDG_SetCounter), (16 bytes).
    Removing stm32f10x_wwdg.o(i.WWDG_SetPrescaler), (24 bytes).
    Removing stm32f10x_wwdg.o(i.WWDG_SetWindowValue), (40 bytes).
    Removing sys.o(.emb_text), (6 bytes).
    Removing sys.o(i.INTX_DISABLE), (4 bytes).
    Removing sys.o(i.INTX_ENABLE), (4 bytes).
    Removing sys.o(i.WFI_SET), (4 bytes).
    Removing m8266hostif_stm32xx.o(i.M8266HostIf_SPI_ReadWriteByte), (56 bytes).
    Removing m8266wifi_ops.o(i.M8266WIFI_Config_Connection_via_SPI), (48 bytes).
    Removing m8266wifi_ops.o(i.M8266WIFI_Sleep_Module), (22 bytes).
    Removing m8266wifi_ops.o(i.M8266WIFI_Sleep_module_for_some_time_and_then_wakeup_automatically), (50 bytes).
    Removing m8266wifi_ops.o(i.M8266WIFI_Wakeup_Module), (8 bytes).
    Removing usart.o(i.UsartSentArray), (48 bytes).
    Removing usart.o(i.UsartSentByte), (30 bytes).
    Removing usart.o(i.UsartSentHarfWord), (60 bytes).
    Removing usart.o(i.UsartSentStr), (40 bytes).
    Removing usart.o(i.fgetc), (32 bytes).
    Removing m8266wifidrv.o(i.M8266HostIf_SPI_DMA_DeSelect), (28 bytes).
    Removing m8266wifidrv.o(i.M8266HostIf_SPI_DMA_Select), (40 bytes).
    Removing m8266wifidrv.o(i.M8266WIFI_Read_SPI_Slave_Cmd_Response), (4 bytes).
    Removing m8266wifidrv.o(i.M8266WIFI_SPI_Config_AP), (226 bytes).
    Removing m8266wifidrv.o(i.M8266WIFI_SPI_Config_AP_Param), (22 bytes).
    Removing m8266wifidrv.o(i.M8266WIFI_SPI_Delete_Connection), (120 bytes).
    Removing m8266wifidrv.o(i.M8266WIFI_SPI_Force_TxdBuffer_Free), (6 bytes).
    Removing m8266wifidrv.o(i.M8266WIFI_SPI_Get_Driver_Info), (84 bytes).
    Removing m8266wifidrv.o(i.M8266WIFI_SPI_Get_STA_Hostname), (146 bytes).
    Removing m8266wifidrv.o(i.M8266WIFI_SPI_Module_Debug), (130 bytes).
    Removing m8266wifidrv.o(i.M8266WIFI_SPI_Module_OTA), (228 bytes).
    Removing m8266wifidrv.o(i.M8266WIFI_SPI_Module_OTA_Start_Ota), (112 bytes).
    Removing m8266wifidrv.o(i.M8266WIFI_SPI_Module_OTA_State_Query), (82 bytes).
    Removing m8266wifidrv.o(i.M8266WIFI_SPI_Module_OTA_UserImg_Query), (84 bytes).
    Removing m8266wifidrv.o(i.M8266WIFI_SPI_Module_OTA_UserImg_Select), (112 bytes).
    Removing m8266wifidrv.o(i.M8266WIFI_SPI_Op_Multicuast_Group), (196 bytes).
    Removing m8266wifidrv.o(i.M8266WIFI_SPI_Query_AP_Param), (18 bytes).
    Removing m8266wifidrv.o(i.M8266WIFI_SPI_Query_STA_Param), (236 bytes).
    Removing m8266wifidrv.o(i.M8266WIFI_SPI_RecvData_ex), (28 bytes).
    Removing m8266wifidrv.o(i.M8266WIFI_SPI_Reset_Module), (140 bytes).
    Removing m8266wifidrv.o(i.M8266WIFI_SPI_Restore_Module_to_Default), (88 bytes).
    Removing m8266wifidrv.o(i.M8266WIFI_SPI_STA_Scan_Signals), (494 bytes).
    Removing m8266wifidrv.o(i.M8266WIFI_SPI_Set_STA_Hostname), (208 bytes).
    Removing m8266wifidrv.o(i.M8266WIFI_SPI_Set_Status_Bit_force_write), (38 bytes).
    Removing m8266wifidrv.o(i.M8266WIFI_SPI_Set_TcpServer_Auto_Discon_Timeout), (138 bytes).
    Removing m8266wifidrv.o(i.M8266WIFI_SPI_Set_Tx_Max_Power), (92 bytes).
    Removing m8266wifidrv.o(i.M8266WIFI_SPI_Sleep_Module), (132 bytes).
    Removing m8266wifidrv.o(i.M8266WIFI_SPI_StartSmartConfig), (100 bytes).
    Removing m8266wifidrv.o(i.M8266WIFI_SPI_StartWpsConfig), (100 bytes).
    Removing m8266wifidrv.o(i.M8266WIFI_SPI_qapstp), (168 bytes).
    Removing m8266wifidrv.o(i.fvcp1), (4 bytes).
    Removing dadd.o(.text), (334 bytes).
    Removing dmul.o(.text), (228 bytes).
    Removing dfixul.o(.text), (48 bytes).
    Removing cdrcmple.o(.text), (48 bytes).

486 unused section(s) (total 21858 bytes) removed from the image.

==============================================================================

Image Symbol Table

    Local Symbols

    Symbol Name                              Value     Ov Type        Size  Object(Section)

    ../clib/../cmprslib/zerorunl.c           0x00000000   Number         0  __dczerorl.o ABSOLUTE
    ../clib/microlib/division.c              0x00000000   Number         0  uidiv.o ABSOLUTE
    ../clib/microlib/division.c              0x00000000   Number         0  uldiv.o ABSOLUTE
    ../clib/microlib/init/entry.s            0x00000000   Number         0  entry5.o ABSOLUTE
    ../clib/microlib/init/entry.s            0x00000000   Number         0  entry11a.o ABSOLUTE
    ../clib/microlib/init/entry.s            0x00000000   Number         0  entry8b.o ABSOLUTE
    ../clib/microlib/init/entry.s            0x00000000   Number         0  entry8a.o ABSOLUTE
    ../clib/microlib/init/entry.s            0x00000000   Number         0  entry2.o ABSOLUTE
    ../clib/microlib/init/entry.s            0x00000000   Number         0  entry10b.o ABSOLUTE
    ../clib/microlib/init/entry.s            0x00000000   Number         0  entry7a.o ABSOLUTE
    ../clib/microlib/init/entry.s            0x00000000   Number         0  entry10a.o ABSOLUTE
    ../clib/microlib/init/entry.s            0x00000000   Number         0  entry9b.o ABSOLUTE
    ../clib/microlib/init/entry.s            0x00000000   Number         0  entry11b.o ABSOLUTE
    ../clib/microlib/init/entry.s            0x00000000   Number         0  entry9a.o ABSOLUTE
    ../clib/microlib/init/entry.s            0x00000000   Number         0  entry7b.o ABSOLUTE
    ../clib/microlib/init/entry.s            0x00000000   Number         0  entry.o ABSOLUTE
    ../clib/microlib/longlong.c              0x00000000   Number         0  llsshr.o ABSOLUTE
    ../clib/microlib/longlong.c              0x00000000   Number         0  llushr.o ABSOLUTE
    ../clib/microlib/longlong.c              0x00000000   Number         0  llshl.o ABSOLUTE
    ../clib/microlib/printf/printf.c         0x00000000   Number         0  printf0.o ABSOLUTE
    ../clib/microlib/printf/printf.c         0x00000000   Number         0  printf1.o ABSOLUTE
    ../clib/microlib/printf/printf.c         0x00000000   Number         0  printf2.o ABSOLUTE
    ../clib/microlib/printf/printf.c         0x00000000   Number         0  printf3.o ABSOLUTE
    ../clib/microlib/printf/printf.c         0x00000000   Number         0  printf4.o ABSOLUTE
    ../clib/microlib/printf/printf.c         0x00000000   Number         0  printfa.o ABSOLUTE
    ../clib/microlib/printf/printf.c         0x00000000   Number         0  printf5.o ABSOLUTE
    ../clib/microlib/printf/printf.c         0x00000000   Number         0  printf6.o ABSOLUTE
    ../clib/microlib/printf/printf.c         0x00000000   Number         0  printf7.o ABSOLUTE
    ../clib/microlib/printf/printf.c         0x00000000   Number         0  printf8.o ABSOLUTE
    ../clib/microlib/printf/printf.c         0x00000000   Number         0  printfb.o ABSOLUTE
    ../clib/microlib/stdio/streams.c         0x00000000   Number         0  stdout.o ABSOLUTE
    ../clib/microlib/string/memset.c         0x00000000   Number         0  memseta.o ABSOLUTE
    ../clib/microlib/string/strcmp.c         0x00000000   Number         0  strcmp.o ABSOLUTE
    ../clib/microlib/stubs.s                 0x00000000   Number         0  iusefp.o ABSOLUTE
    ../fplib/microlib/fpadd.c                0x00000000   Number         0  dadd.o ABSOLUTE
    ../fplib/microlib/fpdiv.c                0x00000000   Number         0  ddiv.o ABSOLUTE
    ../fplib/microlib/fpepilogue.c           0x00000000   Number         0  depilogue.o ABSOLUTE
    ../fplib/microlib/fpfix.c                0x00000000   Number         0  dfixul.o ABSOLUTE
    ../fplib/microlib/fpfix.c                0x00000000   Number         0  dfixi.o ABSOLUTE
    ../fplib/microlib/fpflt.c                0x00000000   Number         0  dflti.o ABSOLUTE
    ../fplib/microlib/fpmul.c                0x00000000   Number         0  dmul.o ABSOLUTE
    ..\Led\led.c                             0x00000000   Number         0  led.o ABSOLUTE
    ..\Lib_Src\M8266WIFIDrv.c                0x00000000   Number         0  m8266wifidrv.o ABSOLUTE
    ..\Library\CMSIS\core_cm3.c              0x00000000   Number         0  core_cm3.o ABSOLUTE
    ..\Library\CMSIS\startup\arm\startup_stm32f10x_hd.s 0x00000000   Number         0  startup_stm32f10x_hd.o ABSOLUTE
    ..\Library\CMSIS\system_stm32f10x.c      0x00000000   Number         0  system_stm32f10x.o ABSOLUTE
    ..\Library\STM32F10x_StdPeriph_Driver\src\misc.c 0x00000000   Number         0  misc.o ABSOLUTE
    ..\Library\STM32F10x_StdPeriph_Driver\src\stm32f10x_adc.c 0x00000000   Number         0  stm32f10x_adc.o ABSOLUTE
    ..\Library\STM32F10x_StdPeriph_Driver\src\stm32f10x_bkp.c 0x00000000   Number         0  stm32f10x_bkp.o ABSOLUTE
    ..\Library\STM32F10x_StdPeriph_Driver\src\stm32f10x_can.c 0x00000000   Number         0  stm32f10x_can.o ABSOLUTE
    ..\Library\STM32F10x_StdPeriph_Driver\src\stm32f10x_cec.c 0x00000000   Number         0  stm32f10x_cec.o ABSOLUTE
    ..\Library\STM32F10x_StdPeriph_Driver\src\stm32f10x_crc.c 0x00000000   Number         0  stm32f10x_crc.o ABSOLUTE
    ..\Library\STM32F10x_StdPeriph_Driver\src\stm32f10x_dac.c 0x00000000   Number         0  stm32f10x_dac.o ABSOLUTE
    ..\Library\STM32F10x_StdPeriph_Driver\src\stm32f10x_dbgmcu.c 0x00000000   Number         0  stm32f10x_dbgmcu.o ABSOLUTE
    ..\Library\STM32F10x_StdPeriph_Driver\src\stm32f10x_dma.c 0x00000000   Number         0  stm32f10x_dma.o ABSOLUTE
    ..\Library\STM32F10x_StdPeriph_Driver\src\stm32f10x_exti.c 0x00000000   Number         0  stm32f10x_exti.o ABSOLUTE
    ..\Library\STM32F10x_StdPeriph_Driver\src\stm32f10x_flash.c 0x00000000   Number         0  stm32f10x_flash.o ABSOLUTE
    ..\Library\STM32F10x_StdPeriph_Driver\src\stm32f10x_fsmc.c 0x00000000   Number         0  stm32f10x_fsmc.o ABSOLUTE
    ..\Library\STM32F10x_StdPeriph_Driver\src\stm32f10x_gpio.c 0x00000000   Number         0  stm32f10x_gpio.o ABSOLUTE
    ..\Library\STM32F10x_StdPeriph_Driver\src\stm32f10x_i2c.c 0x00000000   Number         0  stm32f10x_i2c.o ABSOLUTE
    ..\Library\STM32F10x_StdPeriph_Driver\src\stm32f10x_iwdg.c 0x00000000   Number         0  stm32f10x_iwdg.o ABSOLUTE
    ..\Library\STM32F10x_StdPeriph_Driver\src\stm32f10x_pwr.c 0x00000000   Number         0  stm32f10x_pwr.o ABSOLUTE
    ..\Library\STM32F10x_StdPeriph_Driver\src\stm32f10x_rcc.c 0x00000000   Number         0  stm32f10x_rcc.o ABSOLUTE
    ..\Library\STM32F10x_StdPeriph_Driver\src\stm32f10x_rtc.c 0x00000000   Number         0  stm32f10x_rtc.o ABSOLUTE
    ..\Library\STM32F10x_StdPeriph_Driver\src\stm32f10x_sdio.c 0x00000000   Number         0  stm32f10x_sdio.o ABSOLUTE
    ..\Library\STM32F10x_StdPeriph_Driver\src\stm32f10x_spi.c 0x00000000   Number         0  stm32f10x_spi.o ABSOLUTE
    ..\Library\STM32F10x_StdPeriph_Driver\src\stm32f10x_tim.c 0x00000000   Number         0  stm32f10x_tim.o ABSOLUTE
    ..\Library\STM32F10x_StdPeriph_Driver\src\stm32f10x_usart.c 0x00000000   Number         0  stm32f10x_usart.o ABSOLUTE
    ..\Library\STM32F10x_StdPeriph_Driver\src\stm32f10x_wwdg.c 0x00000000   Number         0  stm32f10x_wwdg.o ABSOLUTE
    ..\Motor\motor.c                         0x00000000   Number         0  motor.o ABSOLUTE
    ..\OV7725\ov7725.c                       0x00000000   Number         0  ov7725.o ABSOLUTE
    ..\OV7725\sccb.c                         0x00000000   Number         0  sccb.o ABSOLUTE
    ..\System\delay\delay.c                  0x00000000   Number         0  delay.o ABSOLUTE
    ..\System\sys\sys.c                      0x00000000   Number         0  sys.o ABSOLUTE
    ..\Ultrasonic\ultrasonic.c               0x00000000   Number         0  ultrasonic.o ABSOLUTE
    ..\Usart\usart.c                         0x00000000   Number         0  usart.o ABSOLUTE
    ..\User\main.c                           0x00000000   Number         0  main.o ABSOLUTE
    ..\User\stm32f10x_it.c                   0x00000000   Number         0  stm32f10x_it.o ABSOLUTE
    ..\Wifi\M8266HostIf_STM32xx.c            0x00000000   Number         0  m8266hostif_stm32xx.o ABSOLUTE
    ..\Wifi\M8266WIFI_Ops.c                  0x00000000   Number         0  m8266wifi_ops.o ABSOLUTE
    ..\Wifi\wifi.c                           0x00000000   Number         0  wifi.o ABSOLUTE
    ..\\Library\\CMSIS\\core_cm3.c           0x00000000   Number         0  core_cm3.o ABSOLUTE
    ..\\System\\sys\\sys.c                   0x00000000   Number         0  sys.o ABSOLUTE
    cdrcmple.s                               0x00000000   Number         0  cdrcmple.o ABSOLUTE
    dc.s                                     0x00000000   Number         0  dc.o ABSOLUTE
    handlers.s                               0x00000000   Number         0  handlers.o ABSOLUTE
    init.s                                   0x00000000   Number         0  init.o ABSOLUTE
    RESET                                    0x08000000   Section      304  startup_stm32f10x_hd.o(RESET)
    .ARM.Collect$$$$00000000                 0x08000130   Section        0  entry.o(.ARM.Collect$$$$00000000)
    .ARM.Collect$$$$00000001                 0x08000130   Section        4  entry2.o(.ARM.Collect$$$$00000001)
    .ARM.Collect$$$$00000004                 0x08000134   Section        4  entry5.o(.ARM.Collect$$$$00000004)
    .ARM.Collect$$$$00000008                 0x08000138   Section        0  entry7b.o(.ARM.Collect$$$$00000008)
    .ARM.Collect$$$$0000000A                 0x08000138   Section        0  entry8b.o(.ARM.Collect$$$$0000000A)
    .ARM.Collect$$$$0000000B                 0x08000138   Section        8  entry9a.o(.ARM.Collect$$$$0000000B)
    .ARM.Collect$$$$0000000D                 0x08000140   Section        0  entry10a.o(.ARM.Collect$$$$0000000D)
    .ARM.Collect$$$$0000000F                 0x08000140   Section        0  entry11a.o(.ARM.Collect$$$$0000000F)
    .ARM.Collect$$$$00002712                 0x08000140   Section        4  entry2.o(.ARM.Collect$$$$00002712)
    __lit__00000000                          0x08000140   Data           4  entry2.o(.ARM.Collect$$$$00002712)
    .text                                    0x08000144   Section       36  startup_stm32f10x_hd.o(.text)
    .text                                    0x08000168   Section        0  memseta.o(.text)
    .text                                    0x0800018c   Section        0  strcmp.o(.text)
    .text                                    0x080001a8   Section        0  ddiv.o(.text)
    .text                                    0x08000286   Section        0  dflti.o(.text)
    .text                                    0x080002a8   Section        0  dfixi.o(.text)
    .text                                    0x080002e6   Section        0  llushr.o(.text)
    .text                                    0x08000306   Section        0  depilogue.o(.text)
    .text                                    0x08000306   Section        0  iusefp.o(.text)
    .text                                    0x080003c0   Section       36  init.o(.text)
    .text                                    0x080003e4   Section        0  llshl.o(.text)
    .text                                    0x08000402   Section        0  __dczerorl.o(.text)
    i.Advance                                0x0800043c   Section        0  motor.o(i.Advance)
    i.Back                                   0x0800046c   Section        0  motor.o(i.Back)
    i.BusFault_Handler                       0x0800049c   Section        0  stm32f10x_it.o(i.BusFault_Handler)
    i.CloseTimerForHc                        0x080004a0   Section        0  ultrasonic.o(i.CloseTimerForHc)
    CloseTimerForHc                          0x080004a1   Thumb Code    12  ultrasonic.o(i.CloseTimerForHc)
    i.DebugMon_Handler                       0x080004b0   Section        0  stm32f10x_it.o(i.DebugMon_Handler)
    i.Delay_Ms                               0x080004b2   Section        0  ultrasonic.o(i.Delay_Ms)
    i.Delay_Us                               0x080004d0   Section        0  ultrasonic.o(i.Delay_Us)
    i.EXTI9_5_IRQHandler                     0x080004ec   Section        0  stm32f10x_it.o(i.EXTI9_5_IRQHandler)
    i.EXTI_ClearITPendingBit                 0x08000548   Section        0  stm32f10x_exti.o(i.EXTI_ClearITPendingBit)
    i.EXTI_GenerateSWInterrupt               0x08000554   Section        0  stm32f10x_exti.o(i.EXTI_GenerateSWInterrupt)
    i.EXTI_GetITStatus                       0x08000564   Section        0  stm32f10x_exti.o(i.EXTI_GetITStatus)
    i.EXTI_Init                              0x0800058c   Section        0  stm32f10x_exti.o(i.EXTI_Init)
    i.FIFO_GPIO_Config                       0x08000620   Section        0  ov7725.o(i.FIFO_GPIO_Config)
    FIFO_GPIO_Config                         0x08000621   Thumb Code   136  ov7725.o(i.FIFO_GPIO_Config)
    i.GPIO_EXTILineConfig                    0x080006bc   Section        0  stm32f10x_gpio.o(i.GPIO_EXTILineConfig)
    i.GPIO_Init                              0x080006fc   Section        0  stm32f10x_gpio.o(i.GPIO_Init)
    i.GPIO_PinRemapConfig                    0x08000814   Section        0  stm32f10x_gpio.o(i.GPIO_PinRemapConfig)
    i.GPIO_ReadInputDataBit                  0x080008a4   Section        0  stm32f10x_gpio.o(i.GPIO_ReadInputDataBit)
    i.GPIO_ResetBits                         0x080008b6   Section        0  stm32f10x_gpio.o(i.GPIO_ResetBits)
    i.GPIO_SetBits                           0x080008ba   Section        0  stm32f10x_gpio.o(i.GPIO_SetBits)
    i.GetEchoTimer                           0x080008c0   Section        0  ultrasonic.o(i.GetEchoTimer)
    i.HardFault_Handler                      0x080008f0   Section        0  stm32f10x_it.o(i.HardFault_Handler)
    i.Hcsr04GetLength                        0x080008f4   Section        0  ultrasonic.o(i.Hcsr04GetLength)
    i.Hcsr04Init                             0x08000990   Section        0  ultrasonic.o(i.Hcsr04Init)
    i.Hcsr04Init1                            0x08000a30   Section        0  ultrasonic.o(i.Hcsr04Init1)
    i.ImagDataSentToPhone                    0x08000a3c   Section        0  ov7725.o(i.ImagDataSentToPhone)
    i.Init                                   0x08000ad0   Section        0  main.o(i.Init)
    i.LED_Init                               0x08000c94   Section        0  led.o(i.LED_Init)
    i.LED_set                                0x08000ce4   Section        0  led.o(i.LED_set)
    i.Left                                   0x08000d20   Section        0  motor.o(i.Left)
    i.Length                                 0x08000d50   Section        0  ultrasonic.o(i.Length)
    i.M8266HostIf_GPIO_CS_RESET_Init         0x08000dc8   Section        0  m8266hostif_stm32xx.o(i.M8266HostIf_GPIO_CS_RESET_Init)
    i.M8266HostIf_Init                       0x08000e20   Section        0  m8266hostif_stm32xx.o(i.M8266HostIf_Init)
    i.M8266HostIf_SPI_DMA_StartReceiveSendData 0x08000e2c   Section        0  m8266wifidrv.o(i.M8266HostIf_SPI_DMA_StartReceiveSendData)
    i.M8266HostIf_SPI_Init                   0x08000e90   Section        0  m8266hostif_stm32xx.o(i.M8266HostIf_SPI_Init)
    i.M8266HostIf_SPI_Select                 0x08000f2c   Section        0  m8266wifidrv.o(i.M8266HostIf_SPI_Select)
    i.M8266HostIf_SPI_SetSpeed               0x08000f9c   Section        0  m8266hostif_stm32xx.o(i.M8266HostIf_SPI_SetSpeed)
    i.M8266HostIf_SPI_rrs                    0x08000fc4   Section        0  m8266wifidrv.o(i.M8266HostIf_SPI_rrs)
    i.M8266HostIf_SPI_wrs                    0x08000fe0   Section        0  m8266wifidrv.o(i.M8266HostIf_SPI_wrs)
    i.M8266HostIf_Set_SPI_nCS_Pin            0x0800102c   Section        0  m8266hostif_stm32xx.o(i.M8266HostIf_Set_SPI_nCS_Pin)
    i.M8266HostIf_Set_nRESET_Pin             0x08001044   Section        0  m8266hostif_stm32xx.o(i.M8266HostIf_Set_nRESET_Pin)
    i.M8266HostIf_delay_us                   0x0800105c   Section        0  m8266hostif_stm32xx.o(i.M8266HostIf_delay_us)
    i.M8266WIFI_Module_Hardware_Reset        0x08001068   Section        0  m8266wifi_ops.o(i.M8266WIFI_Module_Hardware_Reset)
    i.M8266WIFI_Module_Init_Via_SPI          0x080010a0   Section        0  m8266wifi_ops.o(i.M8266WIFI_Module_Init_Via_SPI)
    i.M8266WIFI_Module_delay_ms              0x08001258   Section        0  m8266wifi_ops.o(i.M8266WIFI_Module_delay_ms)
    i.M8266WIFI_SPI_Config_STA_Param         0x0800127c   Section        0  m8266wifidrv.o(i.M8266WIFI_SPI_Config_STA_Param)
    i.M8266WIFI_SPI_Get_Module_Info          0x08001292   Section        0  m8266wifidrv.o(i.M8266WIFI_SPI_Get_Module_Info)
    i.M8266WIFI_SPI_Get_Opmode               0x08001334   Section        0  m8266wifidrv.o(i.M8266WIFI_SPI_Get_Opmode)
    i.M8266WIFI_SPI_Get_STA_Connection_Status 0x0800139a   Section        0  m8266wifidrv.o(i.M8266WIFI_SPI_Get_STA_Connection_Status)
    i.M8266WIFI_SPI_Get_STA_IP_Addr          0x08001406   Section        0  m8266wifidrv.o(i.M8266WIFI_SPI_Get_STA_IP_Addr)
    i.M8266WIFI_SPI_Has_DataReceived         0x08001482   Section        0  m8266wifidrv.o(i.M8266WIFI_SPI_Has_DataReceived)
    i.M8266WIFI_SPI_Interface_Communication_OK 0x08001498   Section        0  m8266wifidrv.o(i.M8266WIFI_SPI_Interface_Communication_OK)
    i.M8266WIFI_SPI_Interface_Communication_Stress_Test 0x080014e0   Section        0  m8266wifidrv.o(i.M8266WIFI_SPI_Interface_Communication_Stress_Test)
    i.M8266WIFI_SPI_Query_Connection         0x08001536   Section        0  m8266wifidrv.o(i.M8266WIFI_SPI_Query_Connection)
    i.M8266WIFI_SPI_Recv                     0x0800160c   Section        0  m8266wifidrv.o(i.M8266WIFI_SPI_Recv)
    i.M8266WIFI_SPI_RecvData                 0x08001868   Section        0  m8266wifidrv.o(i.M8266WIFI_SPI_RecvData)
    i.M8266WIFI_SPI_STA_Connect_Ap           0x08001884   Section        0  m8266wifidrv.o(i.M8266WIFI_SPI_STA_Connect_Ap)
    i.M8266WIFI_SPI_STA_Connect_Ap_Old       0x08001a0c   Section        0  m8266wifidrv.o(i.M8266WIFI_SPI_STA_Connect_Ap_Old)
    i.M8266WIFI_SPI_STA_Query_Current_SSID_And_RSSI 0x08001b3e   Section        0  m8266wifidrv.o(i.M8266WIFI_SPI_STA_Query_Current_SSID_And_RSSI)
    i.M8266WIFI_SPI_Send_Data                0x08001bd4   Section        0  m8266wifidrv.o(i.M8266WIFI_SPI_Send_Data)
    i.M8266WIFI_SPI_Set_Opmode               0x08001d5c   Section        0  m8266wifidrv.o(i.M8266WIFI_SPI_Set_Opmode)
    i.M8266WIFI_SPI_Setup_Connection         0x08001dec   Section        0  m8266wifidrv.o(i.M8266WIFI_SPI_Setup_Connection)
    i.M8266WIFI_SPI_Slave_Has_Response       0x08001fd8   Section        0  m8266wifidrv.o(i.M8266WIFI_SPI_Slave_Has_Response)
    i.M8266WIFI_SPI_Status_Start_To_Rxd_Has_Been_Cleared 0x08001fee   Section        0  m8266wifidrv.o(i.M8266WIFI_SPI_Status_Start_To_Rxd_Has_Been_Cleared)
    i.M8266WIFI_SPI_TxdBuffer_Free           0x08002004   Section        0  m8266wifidrv.o(i.M8266WIFI_SPI_TxdBuffer_Free)
    i.M8266WIFI_SPI_capstp                   0x0800201a   Section        0  m8266wifidrv.o(i.M8266WIFI_SPI_capstp)
    i.M8266WIFI_SPI_csb                      0x080020ec   Section        0  m8266wifidrv.o(i.M8266WIFI_SPI_csb)
    i.M8266WIFI_SPI_rra                      0x08002144   Section        0  m8266wifidrv.o(i.M8266WIFI_SPI_rra)
    i.M8266WIFI_SPI_rru                      0x08002164   Section        0  m8266wifidrv.o(i.M8266WIFI_SPI_rru)
    i.M8266WIFI_SPI_rrud                     0x080021a8   Section        0  m8266wifidrv.o(i.M8266WIFI_SPI_rrud)
    i.M8266WIFI_SPI_sbis                     0x080021f0   Section        0  m8266wifidrv.o(i.M8266WIFI_SPI_sbis)
    i.M8266WIFI_SPI_srh                      0x0800220c   Section        0  m8266wifidrv.o(i.M8266WIFI_SPI_srh)
    i.M8266WIFI_SPI_ssa                      0x080022e0   Section        0  m8266wifidrv.o(i.M8266WIFI_SPI_ssa)
    i.M8266WIFI_SPI_ssb                      0x08002300   Section        0  m8266wifidrv.o(i.M8266WIFI_SPI_ssb)
    i.M8266WIFI_SPI_ssmd                     0x08002362   Section        0  m8266wifidrv.o(i.M8266WIFI_SPI_ssmd)
    i.M8266WIFI_SPI_ssu                      0x080023c8   Section        0  m8266wifidrv.o(i.M8266WIFI_SPI_ssu)
    i.M8266WIFI_SPI_ssud                     0x08002414   Section        0  m8266wifidrv.o(i.M8266WIFI_SPI_ssud)
    i.M8266WIFI_SPI_ssut                     0x0800245c   Section        0  m8266wifidrv.o(i.M8266WIFI_SPI_ssut)
    i.M8266WIFI_SPI_tufs                     0x080024ac   Section        0  m8266wifidrv.o(i.M8266WIFI_SPI_tufs)
    i.M8266WIFI_SPI_tuis                     0x080024c2   Section        0  m8266wifidrv.o(i.M8266WIFI_SPI_tuis)
    i.M8266WIFI_SPI_wait_sta_connecting_to_ap_and_get_ip 0x080024d8   Section        0  m8266wifi_ops.o(i.M8266WIFI_SPI_wait_sta_connecting_to_ap_and_get_ip)
    i.M8266WIFI_SPI_wscbf                    0x08002528   Section        0  m8266wifidrv.o(i.M8266WIFI_SPI_wscbf)
    i.M8266WIFI_SPI_wscr                     0x0800256a   Section        0  m8266wifidrv.o(i.M8266WIFI_SPI_wscr)
    i.M8266WIFI_SPI_wspsr                    0x080025b6   Section        0  m8266wifidrv.o(i.M8266WIFI_SPI_wspsr)
    i.M8266WIFI_SPI_wspss                    0x0800260a   Section        0  m8266wifidrv.o(i.M8266WIFI_SPI_wspss)
    i.M8266WIFI_SPI_wsscbhud                 0x0800265e   Section        0  m8266wifidrv.o(i.M8266WIFI_SPI_wsscbhud)
    i.M8266WIFI_SPI_wsscrhd                  0x0800269c   Section        0  m8266wifidrv.o(i.M8266WIFI_SPI_wsscrhd)
    i.M8266WIFI_SPI_wssrd                    0x080026e0   Section        0  m8266wifidrv.o(i.M8266WIFI_SPI_wssrd)
    i.M8266WIFI_Wait_SPI_sfad                0x0800271e   Section        0  m8266wifidrv.o(i.M8266WIFI_Wait_SPI_sfad)
    i.MemManage_Handler                      0x0800275e   Section        0  stm32f10x_it.o(i.MemManage_Handler)
    i.Motor_Enable                           0x08002764   Section        0  motor.o(i.Motor_Enable)
    i.Motor_Init                             0x0800279c   Section        0  motor.o(i.Motor_Init)
    i.NMI_Handler                            0x080027c8   Section        0  stm32f10x_it.o(i.NMI_Handler)
    i.NVIC_Init                              0x080027cc   Section        0  misc.o(i.NVIC_Init)
    i.NVIC_PriorityGroupConfig               0x0800283c   Section        0  misc.o(i.NVIC_PriorityGroupConfig)
    i.OV7725_Brightness                      0x08002850   Section        0  ov7725.o(i.OV7725_Brightness)
    i.OV7725_Color_Saturation                0x080028b8   Section        0  ov7725.o(i.OV7725_Color_Saturation)
    i.OV7725_Contrast                        0x080028e6   Section        0  ov7725.o(i.OV7725_Contrast)
    i.OV7725_GPIO_Config                     0x0800290e   Section        0  ov7725.o(i.OV7725_GPIO_Config)
    i.OV7725_Init                            0x08002920   Section        0  ov7725.o(i.OV7725_Init)
    i.OV7725_Light_Mode                      0x08002988   Section        0  ov7725.o(i.OV7725_Light_Mode)
    i.OV7725_Special_Effect                  0x08002aa2   Section        0  ov7725.o(i.OV7725_Special_Effect)
    i.OV7725_Window_Set                      0x08002b66   Section        0  ov7725.o(i.OV7725_Window_Set)
    i.OpenTimerForHc                         0x08002c50   Section        0  ultrasonic.o(i.OpenTimerForHc)
    OpenTimerForHc                           0x08002c51   Thumb Code    26  ultrasonic.o(i.OpenTimerForHc)
    i.PendSV_Handler                         0x08002c74   Section        0  stm32f10x_it.o(i.PendSV_Handler)
    i.RCC_APB1PeriphClockCmd                 0x08002c78   Section        0  stm32f10x_rcc.o(i.RCC_APB1PeriphClockCmd)
    i.RCC_APB1PeriphResetCmd                 0x08002c98   Section        0  stm32f10x_rcc.o(i.RCC_APB1PeriphResetCmd)
    i.RCC_APB2PeriphClockCmd                 0x08002cb8   Section        0  stm32f10x_rcc.o(i.RCC_APB2PeriphClockCmd)
    i.RCC_APB2PeriphResetCmd                 0x08002cd8   Section        0  stm32f10x_rcc.o(i.RCC_APB2PeriphResetCmd)
    i.RCC_GetClocksFreq                      0x08002cf8   Section        0  stm32f10x_rcc.o(i.RCC_GetClocksFreq)
    i.Right                                  0x08002dcc   Section        0  motor.o(i.Right)
    i.SCCB_Ack                               0x08002dfc   Section        0  sccb.o(i.SCCB_Ack)
    SCCB_Ack                                 0x08002dfd   Thumb Code    52  sccb.o(i.SCCB_Ack)
    i.SCCB_GPIO_Config                       0x08002e34   Section        0  sccb.o(i.SCCB_GPIO_Config)
    i.SCCB_NoAck                             0x08002e74   Section        0  sccb.o(i.SCCB_NoAck)
    SCCB_NoAck                               0x08002e75   Thumb Code    52  sccb.o(i.SCCB_NoAck)
    i.SCCB_ReadByte                          0x08002eac   Section        0  sccb.o(i.SCCB_ReadByte)
    i.SCCB_ReceiveByte                       0x08002f28   Section        0  sccb.o(i.SCCB_ReceiveByte)
    SCCB_ReceiveByte                         0x08002f29   Thumb Code    80  sccb.o(i.SCCB_ReceiveByte)
    i.SCCB_SendByte                          0x08002f7c   Section        0  sccb.o(i.SCCB_SendByte)
    SCCB_SendByte                            0x08002f7d   Thumb Code    84  sccb.o(i.SCCB_SendByte)
    i.SCCB_Start                             0x08002fd4   Section        0  sccb.o(i.SCCB_Start)
    SCCB_Start                               0x08002fd5   Thumb Code    78  sccb.o(i.SCCB_Start)
    i.SCCB_Stop                              0x08003028   Section        0  sccb.o(i.SCCB_Stop)
    SCCB_Stop                                0x08003029   Thumb Code    52  sccb.o(i.SCCB_Stop)
    i.SCCB_WaitAck                           0x08003060   Section        0  sccb.o(i.SCCB_WaitAck)
    SCCB_WaitAck                             0x08003061   Thumb Code    72  sccb.o(i.SCCB_WaitAck)
    i.SCCB_WriteByte                         0x080030ac   Section        0  sccb.o(i.SCCB_WriteByte)
    i.SCCB_delay                             0x080030ec   Section        0  sccb.o(i.SCCB_delay)
    SCCB_delay                               0x080030ed   Thumb Code    16  sccb.o(i.SCCB_delay)
    i.SPI_Cmd                                0x080030fc   Section        0  stm32f10x_spi.o(i.SPI_Cmd)
    i.SPI_Init                               0x08003114   Section        0  stm32f10x_spi.o(i.SPI_Init)
    i.SPI_STA_Get_HostIP_by_HostName         0x08003150   Section        0  m8266wifidrv.o(i.SPI_STA_Get_HostIP_by_HostName)
    i.SPI_Set_Web_Server                     0x080032ac   Section        0  m8266wifidrv.o(i.SPI_Set_Web_Server)
    i.SVC_Handler                            0x08003324   Section        0  stm32f10x_it.o(i.SVC_Handler)
    i.SetSysClock                            0x08003326   Section        0  system_stm32f10x.o(i.SetSysClock)
    SetSysClock                              0x08003327   Thumb Code     8  system_stm32f10x.o(i.SetSysClock)
    i.SetSysClockTo72                        0x08003330   Section        0  system_stm32f10x.o(i.SetSysClockTo72)
    SetSysClockTo72                          0x08003331   Thumb Code   214  system_stm32f10x.o(i.SetSysClockTo72)
    i.Stop                                   0x08003410   Section        0  motor.o(i.Stop)
    i.SysTick_CLKSourceConfig                0x08003440   Section        0  misc.o(i.SysTick_CLKSourceConfig)
    i.SysTick_Handler                        0x08003468   Section        0  stm32f10x_it.o(i.SysTick_Handler)
    i.SystemInit                             0x0800346c   Section        0  system_stm32f10x.o(i.SystemInit)
    i.TIM3_PWM_Init                          0x080034cc   Section        0  motor.o(i.TIM3_PWM_Init)
    i.TIM6_IRQHandler                        0x0800357c   Section        0  stm32f10x_it.o(i.TIM6_IRQHandler)
    i.TIM_ARRPreloadConfig                   0x080035a4   Section        0  stm32f10x_tim.o(i.TIM_ARRPreloadConfig)
    i.TIM_ClearFlag                          0x080035bc   Section        0  stm32f10x_tim.o(i.TIM_ClearFlag)
    i.TIM_ClearITPendingBit                  0x080035c2   Section        0  stm32f10x_tim.o(i.TIM_ClearITPendingBit)
    i.TIM_Cmd                                0x080035c8   Section        0  stm32f10x_tim.o(i.TIM_Cmd)
    i.TIM_DeInit                             0x080035e0   Section        0  stm32f10x_tim.o(i.TIM_DeInit)
    i.TIM_GetCounter                         0x080037c8   Section        0  stm32f10x_tim.o(i.TIM_GetCounter)
    i.TIM_GetITStatus                        0x080037ce   Section        0  stm32f10x_tim.o(i.TIM_GetITStatus)
    i.TIM_ITConfig                           0x080037f0   Section        0  stm32f10x_tim.o(i.TIM_ITConfig)
    i.TIM_OC3Init                            0x08003804   Section        0  stm32f10x_tim.o(i.TIM_OC3Init)
    i.TIM_OC3PreloadConfig                   0x080038a4   Section        0  stm32f10x_tim.o(i.TIM_OC3PreloadConfig)
    i.TIM_OC4Init                            0x080038b8   Section        0  stm32f10x_tim.o(i.TIM_OC4Init)
    i.TIM_OC4PreloadConfig                   0x08003934   Section        0  stm32f10x_tim.o(i.TIM_OC4PreloadConfig)
    i.TIM_SetCounter                         0x0800394e   Section        0  stm32f10x_tim.o(i.TIM_SetCounter)
    i.TIM_TimeBaseInit                       0x08003954   Section        0  stm32f10x_tim.o(i.TIM_TimeBaseInit)
    i.USART_Cmd                              0x080039f8   Section        0  stm32f10x_usart.o(i.USART_Cmd)
    i.USART_Config                           0x08003a10   Section        0  usart.o(i.USART_Config)
    i.USART_GetFlagStatus                    0x08003a94   Section        0  stm32f10x_usart.o(i.USART_GetFlagStatus)
    i.USART_Init                             0x08003ab0   Section        0  stm32f10x_usart.o(i.USART_Init)
    i.USART_SendData                         0x08003b88   Section        0  stm32f10x_usart.o(i.USART_SendData)
    i.UsageFault_Handler                     0x08003b90   Section        0  stm32f10x_it.o(i.UsageFault_Handler)
    i.VSYNC_GPIO_Config                      0x08003b94   Section        0  ov7725.o(i.VSYNC_GPIO_Config)
    VSYNC_GPIO_Config                        0x08003b95   Thumb Code   118  ov7725.o(i.VSYNC_GPIO_Config)
    i.WifiConfig                             0x08003c10   Section        0  wifi.o(i.WifiConfig)
    i.__0printf$bare                         0x08003df0   Section        0  printfb.o(i.__0printf$bare)
    i.__scatterload_copy                     0x08003e00   Section       14  handlers.o(i.__scatterload_copy)
    i.__scatterload_null                     0x08003e0e   Section        2  handlers.o(i.__scatterload_null)
    i.__scatterload_zeroinit                 0x08003e10   Section       14  handlers.o(i.__scatterload_zeroinit)
    i._printf_core                           0x08003e1e   Section        0  printfb.o(i._printf_core)
    _printf_core                             0x08003e1f   Thumb Code    34  printfb.o(i._printf_core)
    i.delay_init                             0x08003e40   Section        0  delay.o(i.delay_init)
    i.delay_ms                               0x08003e84   Section        0  delay.o(i.delay_ms)
    i.delay_us                               0x08003ed0   Section        0  delay.o(i.delay_us)
    i.fputc                                  0x08003f1c   Section        0  usart.o(i.fputc)
    i.fvcp                                   0x08003f40   Section        0  m8266wifidrv.o(i.fvcp)
    i.hcsr04_NVIC                            0x08003f8c   Section        0  ultrasonic.o(i.hcsr04_NVIC)
    i.main                                   0x08003fb4   Section        0  main.o(i.main)
    .constdata                               0x080040e0   Section        6  m8266wifidrv.o(.constdata)
    wr_status_test_data                      0x080040e0   Data           6  m8266wifidrv.o(.constdata)
    .conststring                             0x080040e8   Section       82  wifi.o(.conststring)
    .data                                    0x20000000   Section       20  system_stm32f10x.o(.data)
    .data                                    0x20000014   Section       20  stm32f10x_rcc.o(.data)
    APBAHBPrescTable                         0x20000014   Data          16  stm32f10x_rcc.o(.data)
    ADCPrescTable                            0x20000024   Data           4  stm32f10x_rcc.o(.data)
    .data                                    0x20000028   Section        4  delay.o(.data)
    fac_us                                   0x20000028   Data           1  delay.o(.data)
    fac_ms                                   0x2000002a   Data           2  delay.o(.data)
    .data                                    0x2000002c   Section      104  wifi.o(.data)
    .data                                    0x20000094   Section        2  ultrasonic.o(.data)
    .data                                    0x20000096   Section      172  ov7725.o(.data)
    .data                                    0x20000142   Section        1  main.o(.data)
    .data                                    0x20000144   Section       24  m8266wifidrv.o(.data)
    SPI_DATA_TRANSFER_USE_DMA                0x20000144   Data           1  m8266wifidrv.o(.data)
    M8266WIFI_INTERFACE_SPI                  0x20000148   Data           4  m8266wifidrv.o(.data)
    M8266WIFI_INTERFACE_SPI_TX_DMA_STREAM    0x2000014c   Data           4  m8266wifidrv.o(.data)
    M8266WIFI_INTERFACE_SPI_TX_DMA           0x20000150   Data           4  m8266wifidrv.o(.data)
    M8266WIFI_INTERFACE_SPI_RX_DMA_STREAM    0x20000154   Data           4  m8266wifidrv.o(.data)
    M8266WIFI_INTERFACE_SPI_RX_DMA           0x20000158   Data           4  m8266wifidrv.o(.data)
    .data                                    0x2000015c   Section        4  stdout.o(.data)
    .bss                                     0x20000160   Section       68  m8266wifidrv.o(.bss)
    dma_buf                                  0x20000160   Data          68  m8266wifidrv.o(.bss)
    STACK                                    0x200001a8   Section     1024  startup_stm32f10x_hd.o(STACK)

    Global Symbols

    Symbol Name                              Value     Ov Type        Size  Object(Section)

    BuildAttributes$$THM_ISAv4$P$D$K$B$S$PE$A:L22UL41UL21$X:L11$S22US41US21$IEEE1$IW$USESV6$~STKCKD$USESV7$~SHL$OSPACE$ROPI$EBA8$MICROLIB$REQ8$PRES8$EABIv2 0x00000000   Number         0  anon$$obj.o ABSOLUTE
    __ARM_use_no_argv                        0x00000000   Number         0  main.o ABSOLUTE
    __cpp_initialize__aeabi_                  - Undefined Weak Reference
    __cxa_finalize                            - Undefined Weak Reference
    _clock_init                               - Undefined Weak Reference
    _microlib_exit                            - Undefined Weak Reference
    __Vectors_Size                           0x00000130   Number         0  startup_stm32f10x_hd.o ABSOLUTE
    __Vectors                                0x08000000   Data           4  startup_stm32f10x_hd.o(RESET)
    __Vectors_End                            0x08000130   Data           0  startup_stm32f10x_hd.o(RESET)
    __main                                   0x08000131   Thumb Code     0  entry.o(.ARM.Collect$$$$00000000)
    _main_stk                                0x08000131   Thumb Code     0  entry2.o(.ARM.Collect$$$$00000001)
    _main_scatterload                        0x08000135   Thumb Code     0  entry5.o(.ARM.Collect$$$$00000004)
    __main_after_scatterload                 0x08000139   Thumb Code     0  entry5.o(.ARM.Collect$$$$00000004)
    _main_clock                              0x08000139   Thumb Code     0  entry7b.o(.ARM.Collect$$$$00000008)
    _main_cpp_init                           0x08000139   Thumb Code     0  entry8b.o(.ARM.Collect$$$$0000000A)
    _main_init                               0x08000139   Thumb Code     0  entry9a.o(.ARM.Collect$$$$0000000B)
    __rt_final_cpp                           0x08000141   Thumb Code     0  entry10a.o(.ARM.Collect$$$$0000000D)
    __rt_final_exit                          0x08000141   Thumb Code     0  entry11a.o(.ARM.Collect$$$$0000000F)
    Reset_Handler                            0x08000145   Thumb Code     8  startup_stm32f10x_hd.o(.text)
    ADC1_2_IRQHandler                        0x0800015f   Thumb Code     0  startup_stm32f10x_hd.o(.text)
    ADC3_IRQHandler                          0x0800015f   Thumb Code     0  startup_stm32f10x_hd.o(.text)
    CAN1_RX1_IRQHandler                      0x0800015f   Thumb Code     0  startup_stm32f10x_hd.o(.text)
    CAN1_SCE_IRQHandler                      0x0800015f   Thumb Code     0  startup_stm32f10x_hd.o(.text)
    DMA1_Channel1_IRQHandler                 0x0800015f   Thumb Code     0  startup_stm32f10x_hd.o(.text)
    DMA1_Channel2_IRQHandler                 0x0800015f   Thumb Code     0  startup_stm32f10x_hd.o(.text)
    DMA1_Channel3_IRQHandler                 0x0800015f   Thumb Code     0  startup_stm32f10x_hd.o(.text)
    DMA1_Channel4_IRQHandler                 0x0800015f   Thumb Code     0  startup_stm32f10x_hd.o(.text)
    DMA1_Channel5_IRQHandler                 0x0800015f   Thumb Code     0  startup_stm32f10x_hd.o(.text)
    DMA1_Channel6_IRQHandler                 0x0800015f   Thumb Code     0  startup_stm32f10x_hd.o(.text)
    DMA1_Channel7_IRQHandler                 0x0800015f   Thumb Code     0  startup_stm32f10x_hd.o(.text)
    DMA2_Channel1_IRQHandler                 0x0800015f   Thumb Code     0  startup_stm32f10x_hd.o(.text)
    DMA2_Channel2_IRQHandler                 0x0800015f   Thumb Code     0  startup_stm32f10x_hd.o(.text)
    DMA2_Channel3_IRQHandler                 0x0800015f   Thumb Code     0  startup_stm32f10x_hd.o(.text)
    DMA2_Channel4_5_IRQHandler               0x0800015f   Thumb Code     0  startup_stm32f10x_hd.o(.text)
    EXTI0_IRQHandler                         0x0800015f   Thumb Code     0  startup_stm32f10x_hd.o(.text)
    EXTI15_10_IRQHandler                     0x0800015f   Thumb Code     0  startup_stm32f10x_hd.o(.text)
    EXTI1_IRQHandler                         0x0800015f   Thumb Code     0  startup_stm32f10x_hd.o(.text)
    EXTI2_IRQHandler                         0x0800015f   Thumb Code     0  startup_stm32f10x_hd.o(.text)
    EXTI3_IRQHandler                         0x0800015f   Thumb Code     0  startup_stm32f10x_hd.o(.text)
    EXTI4_IRQHandler                         0x0800015f   Thumb Code     0  startup_stm32f10x_hd.o(.text)
    FLASH_IRQHandler                         0x0800015f   Thumb Code     0  startup_stm32f10x_hd.o(.text)
    FSMC_IRQHandler                          0x0800015f   Thumb Code     0  startup_stm32f10x_hd.o(.text)
    I2C1_ER_IRQHandler                       0x0800015f   Thumb Code     0  startup_stm32f10x_hd.o(.text)
    I2C1_EV_IRQHandler                       0x0800015f   Thumb Code     0  startup_stm32f10x_hd.o(.text)
    I2C2_ER_IRQHandler                       0x0800015f   Thumb Code     0  startup_stm32f10x_hd.o(.text)
    I2C2_EV_IRQHandler                       0x0800015f   Thumb Code     0  startup_stm32f10x_hd.o(.text)
    PVD_IRQHandler                           0x0800015f   Thumb Code     0  startup_stm32f10x_hd.o(.text)
    RCC_IRQHandler                           0x0800015f   Thumb Code     0  startup_stm32f10x_hd.o(.text)
    RTCAlarm_IRQHandler                      0x0800015f   Thumb Code     0  startup_stm32f10x_hd.o(.text)
    RTC_IRQHandler                           0x0800015f   Thumb Code     0  startup_stm32f10x_hd.o(.text)
    SDIO_IRQHandler                          0x0800015f   Thumb Code     0  startup_stm32f10x_hd.o(.text)
    SPI1_IRQHandler                          0x0800015f   Thumb Code     0  startup_stm32f10x_hd.o(.text)
    SPI2_IRQHandler                          0x0800015f   Thumb Code     0  startup_stm32f10x_hd.o(.text)
    SPI3_IRQHandler                          0x0800015f   Thumb Code     0  startup_stm32f10x_hd.o(.text)
    TAMPER_IRQHandler                        0x0800015f   Thumb Code     0  startup_stm32f10x_hd.o(.text)
    TIM1_BRK_IRQHandler                      0x0800015f   Thumb Code     0  startup_stm32f10x_hd.o(.text)
    TIM1_CC_IRQHandler                       0x0800015f   Thumb Code     0  startup_stm32f10x_hd.o(.text)
    TIM1_TRG_COM_IRQHandler                  0x0800015f   Thumb Code     0  startup_stm32f10x_hd.o(.text)
    TIM1_UP_IRQHandler                       0x0800015f   Thumb Code     0  startup_stm32f10x_hd.o(.text)
    TIM2_IRQHandler                          0x0800015f   Thumb Code     0  startup_stm32f10x_hd.o(.text)
    TIM3_IRQHandler                          0x0800015f   Thumb Code     0  startup_stm32f10x_hd.o(.text)
    TIM4_IRQHandler                          0x0800015f   Thumb Code     0  startup_stm32f10x_hd.o(.text)
    TIM5_IRQHandler                          0x0800015f   Thumb Code     0  startup_stm32f10x_hd.o(.text)
    TIM7_IRQHandler                          0x0800015f   Thumb Code     0  startup_stm32f10x_hd.o(.text)
    TIM8_BRK_IRQHandler                      0x0800015f   Thumb Code     0  startup_stm32f10x_hd.o(.text)
    TIM8_CC_IRQHandler                       0x0800015f   Thumb Code     0  startup_stm32f10x_hd.o(.text)
    TIM8_TRG_COM_IRQHandler                  0x0800015f   Thumb Code     0  startup_stm32f10x_hd.o(.text)
    TIM8_UP_IRQHandler                       0x0800015f   Thumb Code     0  startup_stm32f10x_hd.o(.text)
    UART4_IRQHandler                         0x0800015f   Thumb Code     0  startup_stm32f10x_hd.o(.text)
    UART5_IRQHandler                         0x0800015f   Thumb Code     0  startup_stm32f10x_hd.o(.text)
    USART1_IRQHandler                        0x0800015f   Thumb Code     0  startup_stm32f10x_hd.o(.text)
    USART2_IRQHandler                        0x0800015f   Thumb Code     0  startup_stm32f10x_hd.o(.text)
    USART3_IRQHandler                        0x0800015f   Thumb Code     0  startup_stm32f10x_hd.o(.text)
    USBWakeUp_IRQHandler                     0x0800015f   Thumb Code     0  startup_stm32f10x_hd.o(.text)
    USB_HP_CAN1_TX_IRQHandler                0x0800015f   Thumb Code     0  startup_stm32f10x_hd.o(.text)
    USB_LP_CAN1_RX0_IRQHandler               0x0800015f   Thumb Code     0  startup_stm32f10x_hd.o(.text)
    WWDG_IRQHandler                          0x0800015f   Thumb Code     0  startup_stm32f10x_hd.o(.text)
    __aeabi_memset                           0x08000169   Thumb Code    14  memseta.o(.text)
    __aeabi_memset4                          0x08000169   Thumb Code     0  memseta.o(.text)
    __aeabi_memset8                          0x08000169   Thumb Code     0  memseta.o(.text)
    __aeabi_memclr                           0x08000177   Thumb Code     4  memseta.o(.text)
    __aeabi_memclr4                          0x08000177   Thumb Code     0  memseta.o(.text)
    __aeabi_memclr8                          0x08000177   Thumb Code     0  memseta.o(.text)
    _memset$wrapper                          0x0800017b   Thumb Code    18  memseta.o(.text)
    strcmp                                   0x0800018d   Thumb Code    28  strcmp.o(.text)
    __aeabi_ddiv                             0x080001a9   Thumb Code   222  ddiv.o(.text)
    __aeabi_i2d                              0x08000287   Thumb Code    34  dflti.o(.text)
    __aeabi_d2iz                             0x080002a9   Thumb Code    62  dfixi.o(.text)
    __aeabi_llsr                             0x080002e7   Thumb Code    32  llushr.o(.text)
    _ll_ushift_r                             0x080002e7   Thumb Code     0  llushr.o(.text)
    __I$use$fp                               0x08000307   Thumb Code     0  iusefp.o(.text)
    _double_round                            0x08000307   Thumb Code    30  depilogue.o(.text)
    _double_epilogue                         0x08000325   Thumb Code   156  depilogue.o(.text)
    __scatterload                            0x080003c1   Thumb Code    28  init.o(.text)
    __scatterload_rt2                        0x080003c1   Thumb Code     0  init.o(.text)
    __aeabi_llsl                             0x080003e5   Thumb Code    30  llshl.o(.text)
    _ll_shift_l                              0x080003e5   Thumb Code     0  llshl.o(.text)
    __decompress                             0x08000403   Thumb Code     0  __dczerorl.o(.text)
    __decompress0                            0x08000403   Thumb Code    58  __dczerorl.o(.text)
    Advance                                  0x0800043d   Thumb Code    44  motor.o(i.Advance)
    Back                                     0x0800046d   Thumb Code    44  motor.o(i.Back)
    BusFault_Handler                         0x0800049d   Thumb Code     4  stm32f10x_it.o(i.BusFault_Handler)
    DebugMon_Handler                         0x080004b1   Thumb Code     2  stm32f10x_it.o(i.DebugMon_Handler)
    Delay_Ms                                 0x080004b3   Thumb Code    30  ultrasonic.o(i.Delay_Ms)
    Delay_Us                                 0x080004d1   Thumb Code    26  ultrasonic.o(i.Delay_Us)
    EXTI9_5_IRQHandler                       0x080004ed   Thumb Code    78  stm32f10x_it.o(i.EXTI9_5_IRQHandler)
    EXTI_ClearITPendingBit                   0x08000549   Thumb Code     6  stm32f10x_exti.o(i.EXTI_ClearITPendingBit)
    EXTI_GenerateSWInterrupt                 0x08000555   Thumb Code    12  stm32f10x_exti.o(i.EXTI_GenerateSWInterrupt)
    EXTI_GetITStatus                         0x08000565   Thumb Code    34  stm32f10x_exti.o(i.EXTI_GetITStatus)
    EXTI_Init                                0x0800058d   Thumb Code   142  stm32f10x_exti.o(i.EXTI_Init)
    GPIO_EXTILineConfig                      0x080006bd   Thumb Code    60  stm32f10x_gpio.o(i.GPIO_EXTILineConfig)
    GPIO_Init                                0x080006fd   Thumb Code   278  stm32f10x_gpio.o(i.GPIO_Init)
    GPIO_PinRemapConfig                      0x08000815   Thumb Code   138  stm32f10x_gpio.o(i.GPIO_PinRemapConfig)
    GPIO_ReadInputDataBit                    0x080008a5   Thumb Code    18  stm32f10x_gpio.o(i.GPIO_ReadInputDataBit)
    GPIO_ResetBits                           0x080008b7   Thumb Code     4  stm32f10x_gpio.o(i.GPIO_ResetBits)
    GPIO_SetBits                             0x080008bb   Thumb Code     4  stm32f10x_gpio.o(i.GPIO_SetBits)
    GetEchoTimer                             0x080008c1   Thumb Code    40  ultrasonic.o(i.GetEchoTimer)
    HardFault_Handler                        0x080008f1   Thumb Code     4  stm32f10x_it.o(i.HardFault_Handler)
    Hcsr04GetLength                          0x080008f5   Thumb Code   142  ultrasonic.o(i.Hcsr04GetLength)
    Hcsr04Init                               0x08000991   Thumb Code   150  ultrasonic.o(i.Hcsr04Init)
    Hcsr04Init1                              0x08000a31   Thumb Code    12  ultrasonic.o(i.Hcsr04Init1)
    ImagDataSentToPhone                      0x08000a3d   Thumb Code   140  ov7725.o(i.ImagDataSentToPhone)
    Init                                     0x08000ad1   Thumb Code   194  main.o(i.Init)
    LED_Init                                 0x08000c95   Thumb Code    72  led.o(i.LED_Init)
    LED_set                                  0x08000ce5   Thumb Code    52  led.o(i.LED_set)
    Left                                     0x08000d21   Thumb Code    44  motor.o(i.Left)
    Length                                   0x08000d51   Thumb Code   120  ultrasonic.o(i.Length)
    M8266HostIf_GPIO_CS_RESET_Init           0x08000dc9   Thumb Code    78  m8266hostif_stm32xx.o(i.M8266HostIf_GPIO_CS_RESET_Init)
    M8266HostIf_Init                         0x08000e21   Thumb Code    12  m8266hostif_stm32xx.o(i.M8266HostIf_Init)
    M8266HostIf_SPI_DMA_StartReceiveSendData 0x08000e2d   Thumb Code    90  m8266wifidrv.o(i.M8266HostIf_SPI_DMA_StartReceiveSendData)
    M8266HostIf_SPI_Init                     0x08000e91   Thumb Code   146  m8266hostif_stm32xx.o(i.M8266HostIf_SPI_Init)
    M8266HostIf_SPI_Select                   0x08000f2d   Thumb Code   102  m8266wifidrv.o(i.M8266HostIf_SPI_Select)
    M8266HostIf_SPI_SetSpeed                 0x08000f9d   Thumb Code    36  m8266hostif_stm32xx.o(i.M8266HostIf_SPI_SetSpeed)
    M8266HostIf_SPI_rrs                      0x08000fc5   Thumb Code    22  m8266wifidrv.o(i.M8266HostIf_SPI_rrs)
    M8266HostIf_SPI_wrs                      0x08000fe1   Thumb Code    72  m8266wifidrv.o(i.M8266HostIf_SPI_wrs)
    M8266HostIf_Set_SPI_nCS_Pin              0x0800102d   Thumb Code    20  m8266hostif_stm32xx.o(i.M8266HostIf_Set_SPI_nCS_Pin)
    M8266HostIf_Set_nRESET_Pin               0x08001045   Thumb Code    18  m8266hostif_stm32xx.o(i.M8266HostIf_Set_nRESET_Pin)
    M8266HostIf_delay_us                     0x0800105d   Thumb Code    12  m8266hostif_stm32xx.o(i.M8266HostIf_delay_us)
    M8266WIFI_Module_Hardware_Reset          0x08001069   Thumb Code    54  m8266wifi_ops.o(i.M8266WIFI_Module_Hardware_Reset)
    M8266WIFI_Module_Init_Via_SPI            0x080010a1   Thumb Code   400  m8266wifi_ops.o(i.M8266WIFI_Module_Init_Via_SPI)
    M8266WIFI_Module_delay_ms                0x08001259   Thumb Code    36  m8266wifi_ops.o(i.M8266WIFI_Module_delay_ms)
    M8266WIFI_SPI_Config_STA_Param           0x0800127d   Thumb Code    22  m8266wifidrv.o(i.M8266WIFI_SPI_Config_STA_Param)
    M8266WIFI_SPI_Get_Module_Info            0x08001293   Thumb Code   162  m8266wifidrv.o(i.M8266WIFI_SPI_Get_Module_Info)
    M8266WIFI_SPI_Get_Opmode                 0x08001335   Thumb Code   102  m8266wifidrv.o(i.M8266WIFI_SPI_Get_Opmode)
    M8266WIFI_SPI_Get_STA_Connection_Status  0x0800139b   Thumb Code   108  m8266wifidrv.o(i.M8266WIFI_SPI_Get_STA_Connection_Status)
    M8266WIFI_SPI_Get_STA_IP_Addr            0x08001407   Thumb Code   124  m8266wifidrv.o(i.M8266WIFI_SPI_Get_STA_IP_Addr)
    M8266WIFI_SPI_Has_DataReceived           0x08001483   Thumb Code    22  m8266wifidrv.o(i.M8266WIFI_SPI_Has_DataReceived)
    M8266WIFI_SPI_Interface_Communication_OK 0x08001499   Thumb Code    66  m8266wifidrv.o(i.M8266WIFI_SPI_Interface_Communication_OK)
    M8266WIFI_SPI_Interface_Communication_Stress_Test 0x080014e1   Thumb Code    86  m8266wifidrv.o(i.M8266WIFI_SPI_Interface_Communication_Stress_Test)
    M8266WIFI_SPI_Query_Connection           0x08001537   Thumb Code   214  m8266wifidrv.o(i.M8266WIFI_SPI_Query_Connection)
    M8266WIFI_SPI_Recv                       0x0800160d   Thumb Code   598  m8266wifidrv.o(i.M8266WIFI_SPI_Recv)
    M8266WIFI_SPI_RecvData                   0x08001869   Thumb Code    28  m8266wifidrv.o(i.M8266WIFI_SPI_RecvData)
    M8266WIFI_SPI_STA_Connect_Ap             0x08001885   Thumb Code   382  m8266wifidrv.o(i.M8266WIFI_SPI_STA_Connect_Ap)
    M8266WIFI_SPI_STA_Connect_Ap_Old         0x08001a0d   Thumb Code   306  m8266wifidrv.o(i.M8266WIFI_SPI_STA_Connect_Ap_Old)
    M8266WIFI_SPI_STA_Query_Current_SSID_And_RSSI 0x08001b3f   Thumb Code   150  m8266wifidrv.o(i.M8266WIFI_SPI_STA_Query_Current_SSID_And_RSSI)
    M8266WIFI_SPI_Send_Data                  0x08001bd5   Thumb Code   388  m8266wifidrv.o(i.M8266WIFI_SPI_Send_Data)
    M8266WIFI_SPI_Set_Opmode                 0x08001d5d   Thumb Code   142  m8266wifidrv.o(i.M8266WIFI_SPI_Set_Opmode)
    M8266WIFI_SPI_Setup_Connection           0x08001ded   Thumb Code   482  m8266wifidrv.o(i.M8266WIFI_SPI_Setup_Connection)
    M8266WIFI_SPI_Slave_Has_Response         0x08001fd9   Thumb Code    22  m8266wifidrv.o(i.M8266WIFI_SPI_Slave_Has_Response)
    M8266WIFI_SPI_Status_Start_To_Rxd_Has_Been_Cleared 0x08001fef   Thumb Code    22  m8266wifidrv.o(i.M8266WIFI_SPI_Status_Start_To_Rxd_Has_Been_Cleared)
    M8266WIFI_SPI_TxdBuffer_Free             0x08002005   Thumb Code    22  m8266wifidrv.o(i.M8266WIFI_SPI_TxdBuffer_Free)
    M8266WIFI_SPI_capstp                     0x0800201b   Thumb Code   208  m8266wifidrv.o(i.M8266WIFI_SPI_capstp)
    M8266WIFI_SPI_csb                        0x080020ed   Thumb Code    88  m8266wifidrv.o(i.M8266WIFI_SPI_csb)
    M8266WIFI_SPI_rra                        0x08002145   Thumb Code    32  m8266wifidrv.o(i.M8266WIFI_SPI_rra)
    M8266WIFI_SPI_rru                        0x08002165   Thumb Code    66  m8266wifidrv.o(i.M8266WIFI_SPI_rru)
    M8266WIFI_SPI_rrud                       0x080021a9   Thumb Code    68  m8266wifidrv.o(i.M8266WIFI_SPI_rrud)
    M8266WIFI_SPI_sbis                       0x080021f1   Thumb Code    28  m8266wifidrv.o(i.M8266WIFI_SPI_sbis)
    M8266WIFI_SPI_srh                        0x0800220d   Thumb Code   212  m8266wifidrv.o(i.M8266WIFI_SPI_srh)
    M8266WIFI_SPI_ssa                        0x080022e1   Thumb Code    32  m8266wifidrv.o(i.M8266WIFI_SPI_ssa)
    M8266WIFI_SPI_ssb                        0x08002301   Thumb Code    98  m8266wifidrv.o(i.M8266WIFI_SPI_ssb)
    M8266WIFI_SPI_ssmd                       0x08002363   Thumb Code   100  m8266wifidrv.o(i.M8266WIFI_SPI_ssmd)
    M8266WIFI_SPI_ssu                        0x080023c9   Thumb Code    72  m8266wifidrv.o(i.M8266WIFI_SPI_ssu)
    M8266WIFI_SPI_ssud                       0x08002415   Thumb Code    66  m8266wifidrv.o(i.M8266WIFI_SPI_ssud)
    M8266WIFI_SPI_ssut                       0x0800245d   Thumb Code    74  m8266wifidrv.o(i.M8266WIFI_SPI_ssut)
    M8266WIFI_SPI_tufs                       0x080024ad   Thumb Code    22  m8266wifidrv.o(i.M8266WIFI_SPI_tufs)
    M8266WIFI_SPI_tuis                       0x080024c3   Thumb Code    22  m8266wifidrv.o(i.M8266WIFI_SPI_tuis)
    M8266WIFI_SPI_wait_sta_connecting_to_ap_and_get_ip 0x080024d9   Thumb Code    70  m8266wifi_ops.o(i.M8266WIFI_SPI_wait_sta_connecting_to_ap_and_get_ip)
    M8266WIFI_SPI_wscbf                      0x08002529   Thumb Code    66  m8266wifidrv.o(i.M8266WIFI_SPI_wscbf)
    M8266WIFI_SPI_wscr                       0x0800256b   Thumb Code    76  m8266wifidrv.o(i.M8266WIFI_SPI_wscr)
    M8266WIFI_SPI_wspsr                      0x080025b7   Thumb Code    84  m8266wifidrv.o(i.M8266WIFI_SPI_wspsr)
    M8266WIFI_SPI_wspss                      0x0800260b   Thumb Code    84  m8266wifidrv.o(i.M8266WIFI_SPI_wspss)
    M8266WIFI_SPI_wsscbhud                   0x0800265f   Thumb Code    62  m8266wifidrv.o(i.M8266WIFI_SPI_wsscbhud)
    M8266WIFI_SPI_wsscrhd                    0x0800269d   Thumb Code    68  m8266wifidrv.o(i.M8266WIFI_SPI_wsscrhd)
    M8266WIFI_SPI_wssrd                      0x080026e1   Thumb Code    62  m8266wifidrv.o(i.M8266WIFI_SPI_wssrd)
    M8266WIFI_Wait_SPI_sfad                  0x0800271f   Thumb Code    64  m8266wifidrv.o(i.M8266WIFI_Wait_SPI_sfad)
    MemManage_Handler                        0x0800275f   Thumb Code     4  stm32f10x_it.o(i.MemManage_Handler)
    Motor_Enable                             0x08002765   Thumb Code    52  motor.o(i.Motor_Enable)
    Motor_Init                               0x0800279d   Thumb Code    40  motor.o(i.Motor_Init)
    NMI_Handler                              0x080027c9   Thumb Code     2  stm32f10x_it.o(i.NMI_Handler)
    NVIC_Init                                0x080027cd   Thumb Code   100  misc.o(i.NVIC_Init)
    NVIC_PriorityGroupConfig                 0x0800283d   Thumb Code    10  misc.o(i.NVIC_PriorityGroupConfig)
    OV7725_Brightness                        0x08002851   Thumb Code   104  ov7725.o(i.OV7725_Brightness)
    OV7725_Color_Saturation                  0x080028b9   Thumb Code    46  ov7725.o(i.OV7725_Color_Saturation)
    OV7725_Contrast                          0x080028e7   Thumb Code    40  ov7725.o(i.OV7725_Contrast)
    OV7725_GPIO_Config                       0x0800290f   Thumb Code    16  ov7725.o(i.OV7725_GPIO_Config)
    OV7725_Init                              0x08002921   Thumb Code    96  ov7725.o(i.OV7725_Init)
    OV7725_Light_Mode                        0x08002989   Thumb Code   282  ov7725.o(i.OV7725_Light_Mode)
    OV7725_Special_Effect                    0x08002aa3   Thumb Code   196  ov7725.o(i.OV7725_Special_Effect)
    OV7725_Window_Set                        0x08002b67   Thumb Code   232  ov7725.o(i.OV7725_Window_Set)
    PendSV_Handler                           0x08002c75   Thumb Code     2  stm32f10x_it.o(i.PendSV_Handler)
    RCC_APB1PeriphClockCmd                   0x08002c79   Thumb Code    26  stm32f10x_rcc.o(i.RCC_APB1PeriphClockCmd)
    RCC_APB1PeriphResetCmd                   0x08002c99   Thumb Code    26  stm32f10x_rcc.o(i.RCC_APB1PeriphResetCmd)
    RCC_APB2PeriphClockCmd                   0x08002cb9   Thumb Code    26  stm32f10x_rcc.o(i.RCC_APB2PeriphClockCmd)
    RCC_APB2PeriphResetCmd                   0x08002cd9   Thumb Code    26  stm32f10x_rcc.o(i.RCC_APB2PeriphResetCmd)
    RCC_GetClocksFreq                        0x08002cf9   Thumb Code   192  stm32f10x_rcc.o(i.RCC_GetClocksFreq)
    Right                                    0x08002dcd   Thumb Code    44  motor.o(i.Right)
    SCCB_GPIO_Config                         0x08002e35   Thumb Code    60  sccb.o(i.SCCB_GPIO_Config)
    SCCB_ReadByte                            0x08002ead   Thumb Code   122  sccb.o(i.SCCB_ReadByte)
    SCCB_WriteByte                           0x080030ad   Thumb Code    64  sccb.o(i.SCCB_WriteByte)
    SPI_Cmd                                  0x080030fd   Thumb Code    24  stm32f10x_spi.o(i.SPI_Cmd)
    SPI_Init                                 0x08003115   Thumb Code    60  stm32f10x_spi.o(i.SPI_Init)
    SPI_STA_Get_HostIP_by_HostName           0x08003151   Thumb Code   332  m8266wifidrv.o(i.SPI_STA_Get_HostIP_by_HostName)
    SPI_Set_Web_Server                       0x080032ad   Thumb Code   120  m8266wifidrv.o(i.SPI_Set_Web_Server)
    SVC_Handler                              0x08003325   Thumb Code     2  stm32f10x_it.o(i.SVC_Handler)
    Stop                                     0x08003411   Thumb Code    44  motor.o(i.Stop)
    SysTick_CLKSourceConfig                  0x08003441   Thumb Code    40  misc.o(i.SysTick_CLKSourceConfig)
    SysTick_Handler                          0x08003469   Thumb Code     2  stm32f10x_it.o(i.SysTick_Handler)
    SystemInit                               0x0800346d   Thumb Code    78  system_stm32f10x.o(i.SystemInit)
    TIM3_PWM_Init                            0x080034cd   Thumb Code   166  motor.o(i.TIM3_PWM_Init)
    TIM6_IRQHandler                          0x0800357d   Thumb Code    32  stm32f10x_it.o(i.TIM6_IRQHandler)
    TIM_ARRPreloadConfig                     0x080035a5   Thumb Code    24  stm32f10x_tim.o(i.TIM_ARRPreloadConfig)
    TIM_ClearFlag                            0x080035bd   Thumb Code     6  stm32f10x_tim.o(i.TIM_ClearFlag)
    TIM_ClearITPendingBit                    0x080035c3   Thumb Code     6  stm32f10x_tim.o(i.TIM_ClearITPendingBit)
    TIM_Cmd                                  0x080035c9   Thumb Code    24  stm32f10x_tim.o(i.TIM_Cmd)
    TIM_DeInit                               0x080035e1   Thumb Code   424  stm32f10x_tim.o(i.TIM_DeInit)
    TIM_GetCounter                           0x080037c9   Thumb Code     6  stm32f10x_tim.o(i.TIM_GetCounter)
    TIM_GetITStatus                          0x080037cf   Thumb Code    34  stm32f10x_tim.o(i.TIM_GetITStatus)
    TIM_ITConfig                             0x080037f1   Thumb Code    18  stm32f10x_tim.o(i.TIM_ITConfig)
    TIM_OC3Init                              0x08003805   Thumb Code   150  stm32f10x_tim.o(i.TIM_OC3Init)
    TIM_OC3PreloadConfig                     0x080038a5   Thumb Code    18  stm32f10x_tim.o(i.TIM_OC3PreloadConfig)
    TIM_OC4Init                              0x080038b9   Thumb Code   114  stm32f10x_tim.o(i.TIM_OC4Init)
    TIM_OC4PreloadConfig                     0x08003935   Thumb Code    26  stm32f10x_tim.o(i.TIM_OC4PreloadConfig)
    TIM_SetCounter                           0x0800394f   Thumb Code     4  stm32f10x_tim.o(i.TIM_SetCounter)
    TIM_TimeBaseInit                         0x08003955   Thumb Code   122  stm32f10x_tim.o(i.TIM_TimeBaseInit)
    USART_Cmd                                0x080039f9   Thumb Code    24  stm32f10x_usart.o(i.USART_Cmd)
    USART_Config                             0x08003a11   Thumb Code   122  usart.o(i.USART_Config)
    USART_GetFlagStatus                      0x08003a95   Thumb Code    26  stm32f10x_usart.o(i.USART_GetFlagStatus)
    USART_Init                               0x08003ab1   Thumb Code   210  stm32f10x_usart.o(i.USART_Init)
    USART_SendData                           0x08003b89   Thumb Code     8  stm32f10x_usart.o(i.USART_SendData)
    UsageFault_Handler                       0x08003b91   Thumb Code     4  stm32f10x_it.o(i.UsageFault_Handler)
    WifiConfig                               0x08003c11   Thumb Code   276  wifi.o(i.WifiConfig)
    __0printf$bare                           0x08003df1   Thumb Code     8  printfb.o(i.__0printf$bare)
    __1printf$bare                           0x08003df1   Thumb Code     0  printfb.o(i.__0printf$bare)
    __2printf                                0x08003df1   Thumb Code     0  printfb.o(i.__0printf$bare)
    __scatterload_copy                       0x08003e01   Thumb Code    14  handlers.o(i.__scatterload_copy)
    __scatterload_null                       0x08003e0f   Thumb Code     2  handlers.o(i.__scatterload_null)
    __scatterload_zeroinit                   0x08003e11   Thumb Code    14  handlers.o(i.__scatterload_zeroinit)
    delay_init                               0x08003e41   Thumb Code    50  delay.o(i.delay_init)
    delay_ms                                 0x08003e85   Thumb Code    72  delay.o(i.delay_ms)
    delay_us                                 0x08003ed1   Thumb Code    72  delay.o(i.delay_us)
    fputc                                    0x08003f1d   Thumb Code    32  usart.o(i.fputc)
    fvcp                                     0x08003f41   Thumb Code    76  m8266wifidrv.o(i.fvcp)
    hcsr04_NVIC                              0x08003f8d   Thumb Code    40  ultrasonic.o(i.hcsr04_NVIC)
    main                                     0x08003fb5   Thumb Code   284  main.o(i.main)
    Region$$Table$$Base                      0x0800413c   Number         0  anon$$obj.o(Region$$Table)
    Region$$Table$$Limit                     0x0800415c   Number         0  anon$$obj.o(Region$$Table)
    SystemCoreClock                          0x20000000   Data           4  system_stm32f10x.o(.data)
    AHBPrescTable                            0x20000004   Data          16  system_stm32f10x.o(.data)
    ssid                                     0x2000002c   Data          32  wifi.o(.data)
    password                                 0x2000004c   Data          64  wifi.o(.data)
    remote_port                              0x2000008c   Data           2  wifi.o(.data)
    remote_addr                              0x20000090   Data           4  wifi.o(.data)
    msHcCount                                0x20000094   Data           2  ultrasonic.o(.data)
    cam_mode                                 0x20000096   Data          16  ov7725.o(.data)
    Sensor_Config                            0x200000a6   Data         154  ov7725.o(.data)
    OV7725_REG_NUM                           0x20000140   Data           1  ov7725.o(.data)
    Ov7725_vsync                             0x20000141   Data           1  ov7725.o(.data)
    retry                                    0x20000142   Data           1  main.o(.data)
    __stdout                                 0x2000015c   Data           4  stdout.o(.data)
    __initial_sp                             0x200005a8   Data           0  startup_stm32f10x_hd.o(STACK)



==============================================================================

Memory Map of the image

  Image Entry point : 0x08000131

  Load Region LR_IROM1 (Base: 0x08000000, Size: 0x000042bc, Max: 0x00080000, ABSOLUTE, COMPRESSED[0x00004238])

    Execution Region ER_IROM1 (Base: 0x08000000, Size: 0x0000415c, Max: 0x00080000, ABSOLUTE)

    Base Addr    Size         Type   Attr      Idx    E Section Name        Object

    0x08000000   0x00000130   Data   RO            3    RESET               startup_stm32f10x_hd.o
    0x08000130   0x00000000   Code   RO         3919  * .ARM.Collect$$$$00000000  mc_w.l(entry.o)
    0x08000130   0x00000004   Code   RO         4192    .ARM.Collect$$$$00000001  mc_w.l(entry2.o)
    0x08000134   0x00000004   Code   RO         4195    .ARM.Collect$$$$00000004  mc_w.l(entry5.o)
    0x08000138   0x00000000   Code   RO         4197    .ARM.Collect$$$$00000008  mc_w.l(entry7b.o)
    0x08000138   0x00000000   Code   RO         4199    .ARM.Collect$$$$0000000A  mc_w.l(entry8b.o)
    0x08000138   0x00000008   Code   RO         4200    .ARM.Collect$$$$0000000B  mc_w.l(entry9a.o)
    0x08000140   0x00000000   Code   RO         4202    .ARM.Collect$$$$0000000D  mc_w.l(entry10a.o)
    0x08000140   0x00000000   Code   RO         4204    .ARM.Collect$$$$0000000F  mc_w.l(entry11a.o)
    0x08000140   0x00000004   Code   RO         4193    .ARM.Collect$$$$00002712  mc_w.l(entry2.o)
    0x08000144   0x00000024   Code   RO            4    .text               startup_stm32f10x_hd.o
    0x08000168   0x00000024   Code   RO         3922    .text               mc_w.l(memseta.o)
    0x0800018c   0x0000001c   Code   RO         3924    .text               mc_w.l(strcmp.o)
    0x080001a8   0x000000de   Code   RO         4186    .text               mf_w.l(ddiv.o)
    0x08000286   0x00000022   Code   RO         4188    .text               mf_w.l(dflti.o)
    0x080002a8   0x0000003e   Code   RO         4190    .text               mf_w.l(dfixi.o)
    0x080002e6   0x00000020   Code   RO         4211    .text               mc_w.l(llushr.o)
    0x08000306   0x00000000   Code   RO         4213    .text               mc_w.l(iusefp.o)
    0x08000306   0x000000ba   Code   RO         4214    .text               mf_w.l(depilogue.o)
    0x080003c0   0x00000024   Code   RO         4224    .text               mc_w.l(init.o)
    0x080003e4   0x0000001e   Code   RO         4226    .text               mc_w.l(llshl.o)
    0x08000402   0x0000003a   Code   RO         4238    .text               mc_w.l(__dczerorl.o)
    0x0800043c   0x00000030   Code   RO         3456    i.Advance           motor.o
    0x0800046c   0x00000030   Code   RO         3457    i.Back              motor.o
    0x0800049c   0x00000004   Code   RO         3678    i.BusFault_Handler  stm32f10x_it.o
    0x080004a0   0x00000010   Code   RO         3338    i.CloseTimerForHc   ultrasonic.o
    0x080004b0   0x00000002   Code   RO         3679    i.DebugMon_Handler  stm32f10x_it.o
    0x080004b2   0x0000001e   Code   RO         3339    i.Delay_Ms          ultrasonic.o
    0x080004d0   0x0000001a   Code   RO         3340    i.Delay_Us          ultrasonic.o
    0x080004ea   0x00000002   PAD
    0x080004ec   0x0000005c   Code   RO         3680    i.EXTI9_5_IRQHandler  stm32f10x_it.o
    0x08000548   0x0000000c   Code   RO          939    i.EXTI_ClearITPendingBit  stm32f10x_exti.o
    0x08000554   0x00000010   Code   RO          941    i.EXTI_GenerateSWInterrupt  stm32f10x_exti.o
    0x08000564   0x00000028   Code   RO          943    i.EXTI_GetITStatus  stm32f10x_exti.o
    0x0800058c   0x00000094   Code   RO          944    i.EXTI_Init         stm32f10x_exti.o
    0x08000620   0x0000009c   Code   RO         3513    i.FIFO_GPIO_Config  ov7725.o
    0x080006bc   0x00000040   Code   RO         1289    i.GPIO_EXTILineConfig  stm32f10x_gpio.o
    0x080006fc   0x00000116   Code   RO         1292    i.GPIO_Init         stm32f10x_gpio.o
    0x08000812   0x00000002   PAD
    0x08000814   0x00000090   Code   RO         1294    i.GPIO_PinRemapConfig  stm32f10x_gpio.o
    0x080008a4   0x00000012   Code   RO         1296    i.GPIO_ReadInputDataBit  stm32f10x_gpio.o
    0x080008b6   0x00000004   Code   RO         1299    i.GPIO_ResetBits    stm32f10x_gpio.o
    0x080008ba   0x00000004   Code   RO         1300    i.GPIO_SetBits      stm32f10x_gpio.o
    0x080008be   0x00000002   PAD
    0x080008c0   0x00000030   Code   RO         3341    i.GetEchoTimer      ultrasonic.o
    0x080008f0   0x00000004   Code   RO         3681    i.HardFault_Handler  stm32f10x_it.o
    0x080008f4   0x0000009c   Code   RO         3342    i.Hcsr04GetLength   ultrasonic.o
    0x08000990   0x000000a0   Code   RO         3343    i.Hcsr04Init        ultrasonic.o
    0x08000a30   0x0000000c   Code   RO         3344    i.Hcsr04Init1       ultrasonic.o
    0x08000a3c   0x00000094   Code   RO         3514    i.ImagDataSentToPhone  ov7725.o
    0x08000ad0   0x000001c4   Code   RO         3656    i.Init              main.o
    0x08000c94   0x00000050   Code   RO         3168    i.LED_Init          led.o
    0x08000ce4   0x0000003c   Code   RO         3169    i.LED_set           led.o
    0x08000d20   0x00000030   Code   RO         3458    i.Left              motor.o
    0x08000d50   0x00000078   Code   RO         3345    i.Length            ultrasonic.o
    0x08000dc8   0x00000058   Code   RO         3227    i.M8266HostIf_GPIO_CS_RESET_Init  m8266hostif_stm32xx.o
    0x08000e20   0x0000000c   Code   RO         3228    i.M8266HostIf_Init  m8266hostif_stm32xx.o
    0x08000e2c   0x00000064   Code   RO         3756    i.M8266HostIf_SPI_DMA_StartReceiveSendData  M8266WIFIDrv_STM32F1xx.lib(m8266wifidrv.o)
    0x08000e90   0x0000009c   Code   RO         3229    i.M8266HostIf_SPI_Init  m8266hostif_stm32xx.o
    0x08000f2c   0x00000070   Code   RO         3757    i.M8266HostIf_SPI_Select  M8266WIFIDrv_STM32F1xx.lib(m8266wifidrv.o)
    0x08000f9c   0x00000028   Code   RO         3231    i.M8266HostIf_SPI_SetSpeed  m8266hostif_stm32xx.o
    0x08000fc4   0x0000001c   Code   RO         3758    i.M8266HostIf_SPI_rrs  M8266WIFIDrv_STM32F1xx.lib(m8266wifidrv.o)
    0x08000fe0   0x0000004c   Code   RO         3759    i.M8266HostIf_SPI_wrs  M8266WIFIDrv_STM32F1xx.lib(m8266wifidrv.o)
    0x0800102c   0x00000018   Code   RO         3232    i.M8266HostIf_Set_SPI_nCS_Pin  m8266hostif_stm32xx.o
    0x08001044   0x00000018   Code   RO         3233    i.M8266HostIf_Set_nRESET_Pin  m8266hostif_stm32xx.o
    0x0800105c   0x0000000c   Code   RO         3234    i.M8266HostIf_delay_us  m8266hostif_stm32xx.o
    0x08001068   0x00000036   Code   RO         3285    i.M8266WIFI_Module_Hardware_Reset  m8266wifi_ops.o
    0x0800109e   0x00000002   PAD
    0x080010a0   0x000001b8   Code   RO         3286    i.M8266WIFI_Module_Init_Via_SPI  m8266wifi_ops.o
    0x08001258   0x00000024   Code   RO         3287    i.M8266WIFI_Module_delay_ms  m8266wifi_ops.o
    0x0800127c   0x00000016   Code   RO         3763    i.M8266WIFI_SPI_Config_STA_Param  M8266WIFIDrv_STM32F1xx.lib(m8266wifidrv.o)
    0x08001292   0x000000a2   Code   RO         3767    i.M8266WIFI_SPI_Get_Module_Info  M8266WIFIDrv_STM32F1xx.lib(m8266wifidrv.o)
    0x08001334   0x00000066   Code   RO         3768    i.M8266WIFI_SPI_Get_Opmode  M8266WIFIDrv_STM32F1xx.lib(m8266wifidrv.o)
    0x0800139a   0x0000006c   Code   RO         3769    i.M8266WIFI_SPI_Get_STA_Connection_Status  M8266WIFIDrv_STM32F1xx.lib(m8266wifidrv.o)
    0x08001406   0x0000007c   Code   RO         3771    i.M8266WIFI_SPI_Get_STA_IP_Addr  M8266WIFIDrv_STM32F1xx.lib(m8266wifidrv.o)
    0x08001482   0x00000016   Code   RO         3772    i.M8266WIFI_SPI_Has_DataReceived  M8266WIFIDrv_STM32F1xx.lib(m8266wifidrv.o)
    0x08001498   0x00000048   Code   RO         3773    i.M8266WIFI_SPI_Interface_Communication_OK  M8266WIFIDrv_STM32F1xx.lib(m8266wifidrv.o)
    0x080014e0   0x00000056   Code   RO         3774    i.M8266WIFI_SPI_Interface_Communication_Stress_Test  M8266WIFIDrv_STM32F1xx.lib(m8266wifidrv.o)
    0x08001536   0x000000d6   Code   RO         3783    i.M8266WIFI_SPI_Query_Connection  M8266WIFIDrv_STM32F1xx.lib(m8266wifidrv.o)
    0x0800160c   0x0000025c   Code   RO         3785    i.M8266WIFI_SPI_Recv  M8266WIFIDrv_STM32F1xx.lib(m8266wifidrv.o)
    0x08001868   0x0000001c   Code   RO         3786    i.M8266WIFI_SPI_RecvData  M8266WIFIDrv_STM32F1xx.lib(m8266wifidrv.o)
    0x08001884   0x00000188   Code   RO         3790    i.M8266WIFI_SPI_STA_Connect_Ap  M8266WIFIDrv_STM32F1xx.lib(m8266wifidrv.o)
    0x08001a0c   0x00000132   Code   RO         3791    i.M8266WIFI_SPI_STA_Connect_Ap_Old  M8266WIFIDrv_STM32F1xx.lib(m8266wifidrv.o)
    0x08001b3e   0x00000096   Code   RO         3792    i.M8266WIFI_SPI_STA_Query_Current_SSID_And_RSSI  M8266WIFIDrv_STM32F1xx.lib(m8266wifidrv.o)
    0x08001bd4   0x00000188   Code   RO         3794    i.M8266WIFI_SPI_Send_Data  M8266WIFIDrv_STM32F1xx.lib(m8266wifidrv.o)
    0x08001d5c   0x0000008e   Code   RO         3795    i.M8266WIFI_SPI_Set_Opmode  M8266WIFIDrv_STM32F1xx.lib(m8266wifidrv.o)
    0x08001dea   0x00000002   PAD
    0x08001dec   0x000001ec   Code   RO         3800    i.M8266WIFI_SPI_Setup_Connection  M8266WIFIDrv_STM32F1xx.lib(m8266wifidrv.o)
    0x08001fd8   0x00000016   Code   RO         3801    i.M8266WIFI_SPI_Slave_Has_Response  M8266WIFIDrv_STM32F1xx.lib(m8266wifidrv.o)
    0x08001fee   0x00000016   Code   RO         3805    i.M8266WIFI_SPI_Status_Start_To_Rxd_Has_Been_Cleared  M8266WIFIDrv_STM32F1xx.lib(m8266wifidrv.o)
    0x08002004   0x00000016   Code   RO         3806    i.M8266WIFI_SPI_TxdBuffer_Free  M8266WIFIDrv_STM32F1xx.lib(m8266wifidrv.o)
    0x0800201a   0x000000d0   Code   RO         3807    i.M8266WIFI_SPI_capstp  M8266WIFIDrv_STM32F1xx.lib(m8266wifidrv.o)
    0x080020ea   0x00000002   PAD
    0x080020ec   0x00000058   Code   RO         3808    i.M8266WIFI_SPI_csb  M8266WIFIDrv_STM32F1xx.lib(m8266wifidrv.o)
    0x08002144   0x00000020   Code   RO         3810    i.M8266WIFI_SPI_rra  M8266WIFIDrv_STM32F1xx.lib(m8266wifidrv.o)
    0x08002164   0x00000042   Code   RO         3811    i.M8266WIFI_SPI_rru  M8266WIFIDrv_STM32F1xx.lib(m8266wifidrv.o)
    0x080021a6   0x00000002   PAD
    0x080021a8   0x00000048   Code   RO         3812    i.M8266WIFI_SPI_rrud  M8266WIFIDrv_STM32F1xx.lib(m8266wifidrv.o)
    0x080021f0   0x0000001c   Code   RO         3813    i.M8266WIFI_SPI_sbis  M8266WIFIDrv_STM32F1xx.lib(m8266wifidrv.o)
    0x0800220c   0x000000d4   Code   RO         3814    i.M8266WIFI_SPI_srh  M8266WIFIDrv_STM32F1xx.lib(m8266wifidrv.o)
    0x080022e0   0x00000020   Code   RO         3815    i.M8266WIFI_SPI_ssa  M8266WIFIDrv_STM32F1xx.lib(m8266wifidrv.o)
    0x08002300   0x00000062   Code   RO         3816    i.M8266WIFI_SPI_ssb  M8266WIFIDrv_STM32F1xx.lib(m8266wifidrv.o)
    0x08002362   0x00000064   Code   RO         3817    i.M8266WIFI_SPI_ssmd  M8266WIFIDrv_STM32F1xx.lib(m8266wifidrv.o)
    0x080023c6   0x00000002   PAD
    0x080023c8   0x0000004c   Code   RO         3818    i.M8266WIFI_SPI_ssu  M8266WIFIDrv_STM32F1xx.lib(m8266wifidrv.o)
    0x08002414   0x00000048   Code   RO         3819    i.M8266WIFI_SPI_ssud  M8266WIFIDrv_STM32F1xx.lib(m8266wifidrv.o)
    0x0800245c   0x00000050   Code   RO         3820    i.M8266WIFI_SPI_ssut  M8266WIFIDrv_STM32F1xx.lib(m8266wifidrv.o)
    0x080024ac   0x00000016   Code   RO         3821    i.M8266WIFI_SPI_tufs  M8266WIFIDrv_STM32F1xx.lib(m8266wifidrv.o)
    0x080024c2   0x00000016   Code   RO         3822    i.M8266WIFI_SPI_tuis  M8266WIFIDrv_STM32F1xx.lib(m8266wifidrv.o)
    0x080024d8   0x00000050   Code   RO         3288    i.M8266WIFI_SPI_wait_sta_connecting_to_ap_and_get_ip  m8266wifi_ops.o
    0x08002528   0x00000042   Code   RO         3823    i.M8266WIFI_SPI_wscbf  M8266WIFIDrv_STM32F1xx.lib(m8266wifidrv.o)
    0x0800256a   0x0000004c   Code   RO         3824    i.M8266WIFI_SPI_wscr  M8266WIFIDrv_STM32F1xx.lib(m8266wifidrv.o)
    0x080025b6   0x00000054   Code   RO         3825    i.M8266WIFI_SPI_wspsr  M8266WIFIDrv_STM32F1xx.lib(m8266wifidrv.o)
    0x0800260a   0x00000054   Code   RO         3826    i.M8266WIFI_SPI_wspss  M8266WIFIDrv_STM32F1xx.lib(m8266wifidrv.o)
    0x0800265e   0x0000003e   Code   RO         3827    i.M8266WIFI_SPI_wsscbhud  M8266WIFIDrv_STM32F1xx.lib(m8266wifidrv.o)
    0x0800269c   0x00000044   Code   RO         3828    i.M8266WIFI_SPI_wsscrhd  M8266WIFIDrv_STM32F1xx.lib(m8266wifidrv.o)
    0x080026e0   0x0000003e   Code   RO         3829    i.M8266WIFI_SPI_wssrd  M8266WIFIDrv_STM32F1xx.lib(m8266wifidrv.o)
    0x0800271e   0x00000040   Code   RO         3830    i.M8266WIFI_Wait_SPI_sfad  M8266WIFIDrv_STM32F1xx.lib(m8266wifidrv.o)
    0x0800275e   0x00000004   Code   RO         3682    i.MemManage_Handler  stm32f10x_it.o
    0x08002762   0x00000002   PAD
    0x08002764   0x00000038   Code   RO         3459    i.Motor_Enable      motor.o
    0x0800279c   0x0000002c   Code   RO         3460    i.Motor_Init        motor.o
    0x080027c8   0x00000002   Code   RO         3683    i.NMI_Handler       stm32f10x_it.o
    0x080027ca   0x00000002   PAD
    0x080027cc   0x00000070   Code   RO          137    i.NVIC_Init         misc.o
    0x0800283c   0x00000014   Code   RO          138    i.NVIC_PriorityGroupConfig  misc.o
    0x08002850   0x00000068   Code   RO         3515    i.OV7725_Brightness  ov7725.o
    0x080028b8   0x0000002e   Code   RO         3516    i.OV7725_Color_Saturation  ov7725.o
    0x080028e6   0x00000028   Code   RO         3517    i.OV7725_Contrast   ov7725.o
    0x0800290e   0x00000010   Code   RO         3518    i.OV7725_GPIO_Config  ov7725.o
    0x0800291e   0x00000002   PAD
    0x08002920   0x00000068   Code   RO         3519    i.OV7725_Init       ov7725.o
    0x08002988   0x0000011a   Code   RO         3520    i.OV7725_Light_Mode  ov7725.o
    0x08002aa2   0x000000c4   Code   RO         3521    i.OV7725_Special_Effect  ov7725.o
    0x08002b66   0x000000e8   Code   RO         3522    i.OV7725_Window_Set  ov7725.o
    0x08002c4e   0x00000002   PAD
    0x08002c50   0x00000024   Code   RO         3346    i.OpenTimerForHc    ultrasonic.o
    0x08002c74   0x00000002   Code   RO         3684    i.PendSV_Handler    stm32f10x_it.o
    0x08002c76   0x00000002   PAD
    0x08002c78   0x00000020   Code   RO         1708    i.RCC_APB1PeriphClockCmd  stm32f10x_rcc.o
    0x08002c98   0x00000020   Code   RO         1709    i.RCC_APB1PeriphResetCmd  stm32f10x_rcc.o
    0x08002cb8   0x00000020   Code   RO         1710    i.RCC_APB2PeriphClockCmd  stm32f10x_rcc.o
    0x08002cd8   0x00000020   Code   RO         1711    i.RCC_APB2PeriphResetCmd  stm32f10x_rcc.o
    0x08002cf8   0x000000d4   Code   RO         1718    i.RCC_GetClocksFreq  stm32f10x_rcc.o
    0x08002dcc   0x00000030   Code   RO         3461    i.Right             motor.o
    0x08002dfc   0x00000038   Code   RO         3592    i.SCCB_Ack          sccb.o
    0x08002e34   0x00000040   Code   RO         3593    i.SCCB_GPIO_Config  sccb.o
    0x08002e74   0x00000038   Code   RO         3594    i.SCCB_NoAck        sccb.o
    0x08002eac   0x0000007a   Code   RO         3595    i.SCCB_ReadByte     sccb.o
    0x08002f26   0x00000002   PAD
    0x08002f28   0x00000054   Code   RO         3596    i.SCCB_ReceiveByte  sccb.o
    0x08002f7c   0x00000058   Code   RO         3597    i.SCCB_SendByte     sccb.o
    0x08002fd4   0x00000054   Code   RO         3598    i.SCCB_Start        sccb.o
    0x08003028   0x00000038   Code   RO         3599    i.SCCB_Stop         sccb.o
    0x08003060   0x0000004c   Code   RO         3600    i.SCCB_WaitAck      sccb.o
    0x080030ac   0x00000040   Code   RO         3601    i.SCCB_WriteByte    sccb.o
    0x080030ec   0x00000010   Code   RO         3602    i.SCCB_delay        sccb.o
    0x080030fc   0x00000018   Code   RO         2187    i.SPI_Cmd           stm32f10x_spi.o
    0x08003114   0x0000003c   Code   RO         2200    i.SPI_Init          stm32f10x_spi.o
    0x08003150   0x0000015c   Code   RO         3831    i.SPI_STA_Get_HostIP_by_HostName  M8266WIFIDrv_STM32F1xx.lib(m8266wifidrv.o)
    0x080032ac   0x00000078   Code   RO         3832    i.SPI_Set_Web_Server  M8266WIFIDrv_STM32F1xx.lib(m8266wifidrv.o)
    0x08003324   0x00000002   Code   RO         3685    i.SVC_Handler       stm32f10x_it.o
    0x08003326   0x00000008   Code   RO           24    i.SetSysClock       system_stm32f10x.o
    0x0800332e   0x00000002   PAD
    0x08003330   0x000000e0   Code   RO           25    i.SetSysClockTo72   system_stm32f10x.o
    0x08003410   0x00000030   Code   RO         3462    i.Stop              motor.o
    0x08003440   0x00000028   Code   RO          141    i.SysTick_CLKSourceConfig  misc.o
    0x08003468   0x00000002   Code   RO         3686    i.SysTick_Handler   stm32f10x_it.o
    0x0800346a   0x00000002   PAD
    0x0800346c   0x00000060   Code   RO           27    i.SystemInit        system_stm32f10x.o
    0x080034cc   0x000000b0   Code   RO         3463    i.TIM3_PWM_Init     motor.o
    0x0800357c   0x00000028   Code   RO         3687    i.TIM6_IRQHandler   stm32f10x_it.o
    0x080035a4   0x00000018   Code   RO         2330    i.TIM_ARRPreloadConfig  stm32f10x_tim.o
    0x080035bc   0x00000006   Code   RO         2336    i.TIM_ClearFlag     stm32f10x_tim.o
    0x080035c2   0x00000006   Code   RO         2337    i.TIM_ClearITPendingBit  stm32f10x_tim.o
    0x080035c8   0x00000018   Code   RO         2342    i.TIM_Cmd           stm32f10x_tim.o
    0x080035e0   0x000001e8   Code   RO         2347    i.TIM_DeInit        stm32f10x_tim.o
    0x080037c8   0x00000006   Code   RO         2361    i.TIM_GetCounter    stm32f10x_tim.o
    0x080037ce   0x00000022   Code   RO         2363    i.TIM_GetITStatus   stm32f10x_tim.o
    0x080037f0   0x00000012   Code   RO         2367    i.TIM_ITConfig      stm32f10x_tim.o
    0x08003802   0x00000002   PAD
    0x08003804   0x000000a0   Code   RO         2381    i.TIM_OC3Init       stm32f10x_tim.o
    0x080038a4   0x00000012   Code   RO         2384    i.TIM_OC3PreloadConfig  stm32f10x_tim.o
    0x080038b6   0x00000002   PAD
    0x080038b8   0x0000007c   Code   RO         2386    i.TIM_OC4Init       stm32f10x_tim.o
    0x08003934   0x0000001a   Code   RO         2388    i.TIM_OC4PreloadConfig  stm32f10x_tim.o
    0x0800394e   0x00000004   Code   RO         2407    i.TIM_SetCounter    stm32f10x_tim.o
    0x08003952   0x00000002   PAD
    0x08003954   0x000000a4   Code   RO         2413    i.TIM_TimeBaseInit  stm32f10x_tim.o
    0x080039f8   0x00000018   Code   RO         2878    i.USART_Cmd         stm32f10x_usart.o
    0x08003a10   0x00000084   Code   RO         3408    i.USART_Config      usart.o
    0x08003a94   0x0000001a   Code   RO         2881    i.USART_GetFlagStatus  stm32f10x_usart.o
    0x08003aae   0x00000002   PAD
    0x08003ab0   0x000000d8   Code   RO         2885    i.USART_Init        stm32f10x_usart.o
    0x08003b88   0x00000008   Code   RO         2895    i.USART_SendData    stm32f10x_usart.o
    0x08003b90   0x00000004   Code   RO         3688    i.UsageFault_Handler  stm32f10x_it.o
    0x08003b94   0x0000007c   Code   RO         3523    i.VSYNC_GPIO_Config  ov7725.o
    0x08003c10   0x000001e0   Code   RO         3189    i.WifiConfig        wifi.o
    0x08003df0   0x00000010   Code   RO         3927    i.__0printf$bare    mc_w.l(printfb.o)
    0x08003e00   0x0000000e   Code   RO         4232    i.__scatterload_copy  mc_w.l(handlers.o)
    0x08003e0e   0x00000002   Code   RO         4233    i.__scatterload_null  mc_w.l(handlers.o)
    0x08003e10   0x0000000e   Code   RO         4234    i.__scatterload_zeroinit  mc_w.l(handlers.o)
    0x08003e1e   0x00000022   Code   RO         3934    i._printf_core      mc_w.l(printfb.o)
    0x08003e40   0x00000044   Code   RO         3108    i.delay_init        delay.o
    0x08003e84   0x0000004c   Code   RO         3109    i.delay_ms          delay.o
    0x08003ed0   0x0000004c   Code   RO         3110    i.delay_us          delay.o
    0x08003f1c   0x00000024   Code   RO         3414    i.fputc             usart.o
    0x08003f40   0x0000004c   Code   RO         3833    i.fvcp              M8266WIFIDrv_STM32F1xx.lib(m8266wifidrv.o)
    0x08003f8c   0x00000028   Code   RO         3347    i.hcsr04_NVIC       ultrasonic.o
    0x08003fb4   0x0000012c   Code   RO         3657    i.main              main.o
    0x080040e0   0x00000006   Data   RO         3836    .constdata          M8266WIFIDrv_STM32F1xx.lib(m8266wifidrv.o)
    0x080040e6   0x00000002   PAD
    0x080040e8   0x00000052   Data   RO         3190    .conststring        wifi.o
    0x0800413a   0x00000002   PAD
    0x0800413c   0x00000020   Data   RO         4230    Region$$Table       anon$$obj.o


    Execution Region RW_IRAM1 (Base: 0x20000000, Size: 0x000005a8, Max: 0x00010000, ABSOLUTE, COMPRESSED[0x000000dc])

    Base Addr    Size         Type   Attr      Idx    E Section Name        Object

    0x20000000   0x00000014   Data   RW           28    .data               system_stm32f10x.o
    0x20000014   0x00000014   Data   RW         1738    .data               stm32f10x_rcc.o
    0x20000028   0x00000004   Data   RW         3111    .data               delay.o
    0x2000002c   0x00000068   Data   RW         3191    .data               wifi.o
    0x20000094   0x00000002   Data   RW         3348    .data               ultrasonic.o
    0x20000096   0x000000ac   Data   RW         3524    .data               ov7725.o
    0x20000142   0x00000001   Data   RW         3658    .data               main.o
    0x20000143   0x00000001   PAD
    0x20000144   0x00000018   Data   RW         3837    .data               M8266WIFIDrv_STM32F1xx.lib(m8266wifidrv.o)
    0x2000015c   0x00000004   Data   RW         4206    .data               mc_w.l(stdout.o)
    0x20000160   0x00000044   Zero   RW         3835    .bss                M8266WIFIDrv_STM32F1xx.lib(m8266wifidrv.o)
    0x200001a4   0x00000004   PAD
    0x200001a8   0x00000400   Zero   RW            1    STACK               startup_stm32f10x_hd.o


==============================================================================

Image component sizes


      Code (inc. data)   RO Data    RW Data    ZI Data      Debug   Object Name

         0          0          0          0          0       4496   core_cm3.o
       220         26          0          4          0       1839   delay.o
       140         16          0          0          0       1077   led.o
       356         34          0          0          0       4060   m8266hostif_stm32xx.o
       610         50          0          0          0       3671   m8266wifi_ops.o
       752        284          0          1          0       1538   main.o
       172         22          0          0          0       2365   misc.o
       516         38          0          0          0       4127   motor.o
      1448         66          0        172          0      13626   ov7725.o
       766         34          0          0          0       6328   sccb.o
        36          8        304          0       1024        880   startup_stm32f10x_hd.o
       216         22          0          0          0       2999   stm32f10x_exti.o
       512         10          0          0          0       5600   stm32f10x_gpio.o
       158         22          0          0          0       5221   stm32f10x_it.o
       340         44          0         20          0       6092   stm32f10x_rcc.o
        84          0          0          0          0       2365   stm32f10x_spi.o
      1102        126          0          0          0      10130   stm32f10x_tim.o
       274          6          0          0          0       4368   stm32f10x_usart.o
       328         28          0         20          0     260445   system_stm32f10x.o
       644         46          0          2          0       6113   ultrasonic.o
       168         14          0          0          0       1187   usart.o
       480        204         82        104          0       2713   wifi.o

    ----------------------------------------------------------------------
      9354       1100        420        324       1024     351240   Object Totals
         0          0         32          0          0          0   (incl. Generated)
        32          0          2          1          0          0   (incl. Padding)

    ----------------------------------------------------------------------

      Code (inc. data)   RO Data    RW Data    ZI Data      Debug   Library Member Name

      6118        116          6         24         68       4276   m8266wifidrv.o
        58          0          0          0          0          0   __dczerorl.o
         0          0          0          0          0          0   entry.o
         0          0          0          0          0          0   entry10a.o
         0          0          0          0          0          0   entry11a.o
         8          4          0          0          0          0   entry2.o
         4          0          0          0          0          0   entry5.o
         0          0          0          0          0          0   entry7b.o
         0          0          0          0          0          0   entry8b.o
         8          4          0          0          0          0   entry9a.o
        30          0          0          0          0          0   handlers.o
        36          8          0          0          0         68   init.o
         0          0          0          0          0          0   iusefp.o
        30          0          0          0          0         68   llshl.o
        32          0          0          0          0         68   llushr.o
        36          0          0          0          0        108   memseta.o
        50          8          0          0          0        152   printfb.o
         0          0          0          4          0          0   stdout.o
        28          0          0          0          0         76   strcmp.o
       222          0          0          0          0        100   ddiv.o
       186          0          0          0          0        176   depilogue.o
        62          0          0          0          0         80   dfixi.o
        34          0          0          0          0         76   dflti.o

    ----------------------------------------------------------------------
      6950        140          8         28         72       5248   Library Totals
         8          0          2          0          4          0   (incl. Padding)

    ----------------------------------------------------------------------

      Code (inc. data)   RO Data    RW Data    ZI Data      Debug   Library Name

      6118        116          6         24         68       4276   M8266WIFIDrv_STM32F1xx.lib
       320         24          0          4          0        540   mc_w.l
       504          0          0          0          0        432   mf_w.l

    ----------------------------------------------------------------------
      6950        140          8         28         72       5248   Library Totals

    ----------------------------------------------------------------------

==============================================================================


      Code (inc. data)   RO Data    RW Data    ZI Data      Debug   

     16304       1240        428        352       1096     347984   Grand Totals
     16304       1240        428        220       1096     347984   ELF Image Totals (compressed)
     16304       1240        428        220          0          0   ROM Totals

==============================================================================

    Total RO  Size (Code + RO Data)                16732 (  16.34kB)
    Total RW  Size (RW Data + ZI Data)              1448 (   1.41kB)
    Total ROM Size (Code + RO Data + RW Data)      16952 (  16.55kB)

==============================================================================

